Archive member included to satisfy reference by file (symbol)

c:/program files/microchip/xc32/v4.60/bin/bin/../../lib/gcc/pic32c/8.3.1/../../../../pic32c/lib/thumb/v8-m.main+fp/hard\libpic32c.a(data_init.o)
                              build/default/debug/_ext/1171490990/startup_xc32.o (__pic32c_data_initialization)
c:/program files/microchip/xc32/v4.60/bin/bin/../../lib/gcc/pic32c/8.3.1/../../../../pic32c/lib/thumb/v8-m.main+fp/hard\libc-size-musl.a(memcpy.o)
                              build/default/debug/_ext/404212886/stream_buffer.o (memcpy)
c:/program files/microchip/xc32/v4.60/bin/bin/../../lib/gcc/pic32c/8.3.1/../../../../pic32c/lib/thumb/v8-m.main+fp/hard\libc-size-musl.a(memset.o)
                              build/default/debug/_ext/404212886/FreeRTOS_tasks.o (memset)
c:/program files/microchip/xc32/v4.60/bin/bin/../../lib/gcc/pic32c/8.3.1/../../../../pic32c/lib/thumb/v8-m.main+fp/hard\libg-musl.a(__libc_start_main.o)
                              build/default/debug/_ext/1171490990/startup_xc32.o (__libc_init_array)
c:/program files/microchip/xc32/v4.60/bin/bin/../../lib/gcc/pic32c/8.3.1/../../../../pic32c/lib/thumb/v8-m.main+fp/hard\libg-musl.a(libc.o)
                              c:/program files/microchip/xc32/v4.60/bin/bin/../../lib/gcc/pic32c/8.3.1/../../../../pic32c/lib/thumb/v8-m.main+fp/hard\libg-musl.a(__libc_start_main.o) (__progname_full)
c:/program files/microchip/xc32/v4.60/bin/bin/../../lib/gcc/pic32c/8.3.1/../../../../pic32c/lib/thumb/v8-m.main+fp/hard\libg-musl.a(__environ.o)
                              c:/program files/microchip/xc32/v4.60/bin/bin/../../lib/gcc/pic32c/8.3.1/../../../../pic32c/lib/thumb/v8-m.main+fp/hard\libg-musl.a(__libc_start_main.o) (__environ)
c:/program files/microchip/xc32/v4.60/bin/bin/../../lib/gcc/pic32c/8.3.1/../../../../pic32c/lib/thumb/v8-m.main+fp/hard\libpic32c.a(pic32_data_init_clear.o)
                              (__dinit_clear_needed)
c:/program files/microchip/xc32/v4.60/bin/bin/../../lib/gcc/pic32c/8.3.1/../../../../pic32c/lib/thumb/v8-m.main+fp/hard\libpic32c.a(pic32_data_init_copy.o)
                              (__dinit_copy_needed)

Microchip PIC32 Memory-Usage Report

ROM Program-Memory Usage
section                    address  length [bytes]      (dec)  Description
-------                 ----------  -------------------------  -----------
.text                    0xc000000           0x20          32  App's exec code 
.text.xTaskCreate        0xc000020          0x1e0         480   
.text.main               0xc000200          0x1bc         444   
.text.xTaskIncrementTic  0xc0003bc          0x188         392   
.text.xTaskResumeAll     0xc000544          0x158         344   
.dinit                   0xc00069c          0x140         320   
.text.vTaskSwitchContex  0xc0007dc           0xc4         196   
.text.CLOCK_Initialize   0xc0008a0           0xac         172   
.text.pxPortInitialiseS  0xc00094c           0x90         144   
.text.EIC_Initialize     0xc0009dc           0x8c         140   
.text.Reset_Handler      0xc000a68           0x8c         140   
.text.pvPortMalloc       0xc000af4           0x88         136   
.text.vTaskStartSchedul  0xc000b7c           0x7c         124   
.text.__libc_start_init  0xc000bf8           0x5c          92   
.text.PORT_Initialize    0xc000c54           0x4c          76   
.text.prvCheckTasksWait  0xc000ca0           0x4c          76   
.text.NVIC_Initialize    0xc000cec           0x48          72   
.text.xPortPendSVHandle  0xc000d34           0x48          72   
.text.delay_ms           0xc000d7c           0x44          68   
.text                    0xc000dc0           0x40          64  App's exec code 
.text.xPortStartSchedul  0xc000e00           0x3c          60   
.text.__pic32c_data_ini  0xc000e3c           0x38          56   
.text.EIC_CallbackRegis  0xc000e74           0x30          48   
.text.SYS_Tasks          0xc000ea4           0x30          48   
.text.vRestoreContextOf  0xc000ed4           0x2c          44   
.text.prvResetNextTaskU  0xc000f00           0x28          40   
.text.EIC_EXTINT_7_Inte  0xc000f28           0x24          36   
.text.EIC_EXTINT_8_Inte  0xc000f4c           0x24          36   
.text.EIC_EXTINT_9_Inte  0xc000f70           0x24          36   
.text.vPortSetupTimerIn  0xc000f94           0x24          36   
.text.xPortSysTickHandl  0xc000fb8           0x24          36   
.text.uxListRemove       0xc000fdc           0x22          34   
.text.SYS_Initialize     0xc000ffe           0x20          32   
.text.Dummy_App_Func     0xc00101e            0x2           2   
.text.vStartFirstTask    0xc001020           0x20          32   
.text.__dinit_copy       0xc001040           0x1e          30   
.text.vPortFree          0xc00105e            0x2           2   
.text.EIC_Pin8_Handler   0xc001060           0x1c          28   
.text.EIC_Pin9_Handler   0xc00107c           0x1c          28   
.text.vPortEnterCritica  0xc001098           0x1c          28   
[...]
Memory Configuration

Name             Origin             Length             Attributes
boot_rom         0x0000000008000000 0x0000000000020000 xrl
rom              0x000000000c000000 0x0000000000100000 xrl
ram              0x0000000020000000 0x0000000000040000 xw !r
tcm              0x0000000000000000 0x0000000000000000 xw
*default*        0x0000000000000000 0xffffffffffffffff

Linker script and memory map

LOAD c:/program files/microchip/xc32/v4.60/bin/bin/../../lib/gcc/pic32c/8.3.1/thumb/v8-m.main+fp/hard/crti.o
LOAD c:/program files/microchip/xc32/v4.60/bin/bin/../../lib/gcc/pic32c/8.3.1/thumb/v8-m.main+fp/hard/crtbegin.o
LOAD build/default/debug/_ext/1984496892/plib_clock.o
LOAD build/default/debug/_ext/1865131932/plib_cmcc.o
LOAD build/default/debug/_ext/60167341/plib_eic.o
LOAD build/default/debug/_ext/1986646378/plib_evsys.o
LOAD build/default/debug/_ext/1865468468/plib_nvic.o
LOAD build/default/debug/_ext/829342769/plib_pm.o
LOAD build/default/debug/_ext/1865521619/plib_port.o
LOAD build/default/debug/_ext/163028504/xc32_monitor.o
LOAD build/default/debug/_ext/1171490990/initialization.o
LOAD build/default/debug/_ext/1171490990/libc_syscalls.o
LOAD build/default/debug/_ext/1171490990/interrupts.o
LOAD build/default/debug/_ext/1171490990/exceptions.o
LOAD build/default/debug/_ext/1171490990/startup_xc32.o
LOAD build/default/debug/_ext/1360937237/main.o
LOAD build/default/debug/_ext/404212886/croutine.o
LOAD build/default/debug/_ext/2047169921/portasm.o
LOAD build/default/debug/_ext/1014039709/sys_cache.o
LOAD build/default/debug/_ext/1171490990/freertos_hooks.o
LOAD build/default/debug/_ext/2047169921/port.o
LOAD build/default/debug/_ext/404212886/FreeRTOS_tasks.o
LOAD build/default/debug/_ext/404212886/timers.o
LOAD build/default/debug/_ext/404212886/list.o
LOAD build/default/debug/_ext/404212886/stream_buffer.o
LOAD build/default/debug/_ext/1665200909/heap_1.o
LOAD build/default/debug/_ext/404212886/event_groups.o
LOAD build/default/debug/_ext/404212886/queue.o
LOAD build/default/debug/_ext/1360937237/app.o
LOAD build/default/debug/_ext/1171490990/tasks.o
                0x0000000000000001                __MPLAB_BUILD = 0x1
                0x000000000c100000                __rom_end = (ORIGIN (rom) + LENGTH (rom))
                0x0000000020040000                __ram_end = (ORIGIN (ram) + LENGTH (ram))

.vectors        0x0000000008000000      0x2b8
                0x0000000008000000                . = ALIGN (0x4)
                0x0000000008000000                _sfixed = .
 *(.vectors .vectors.* .vectors_default .vectors_default.*)
 .vectors.exception_table
                0x0000000008000000      0x2b8 build/default/debug/_ext/1171490990/interrupts.o
                0x0000000008000000                exception_table
 *(.isr_vector)
 *(.reset*)
 *(.after_vectors)

.text           0x000000000c000000       0x20
                0x000000000c000000                . = ALIGN (0x4)
 *(.glue_7t)
 .glue_7t       0x000000000c000000        0x0 linker stubs
 *(.glue_7)
 .glue_7        0x000000000c000000        0x0 linker stubs
 *(.gnu.linkonce.r.*)
 *(.ARM.extab* .gnu.linkonce.armextab.*)
                0x000000000c000000                . = ALIGN (0x4)
 *(.init)
 .init          0x000000000c000000        0x4 c:/program files/microchip/xc32/v4.60/bin/bin/../../lib/gcc/pic32c/8.3.1/thumb/v8-m.main+fp/hard/crti.o
                0x000000000c000000                _init
 .init          0x000000000c000004        0x8 c:/program files/microchip/xc32/v4.60/bin/bin/../../lib/gcc/pic32c/8.3.1/thumb/v8-m.main+fp/hard/crtn.o
                0x000000000c00000c                . = ALIGN (0x4)
                0x000000000c00000c                __preinit_array_start = .
 *(.preinit_array)
                0x000000000c00000c                __preinit_array_end = .
                0x000000000c00000c                . = ALIGN (0x4)
                0x000000000c00000c                __init_array_start = .
 *(SORT_BY_NAME(.init_array.*))
 *(.init_array)
 .init_array    0x000000000c00000c        0x4 c:/program files/microchip/xc32/v4.60/bin/bin/../../lib/gcc/pic32c/8.3.1/thumb/v8-m.main+fp/hard/crtbegin.o
                0x000000000c000010                __init_array_end = .
                0x000000000c000010                . = ALIGN (0x4)
 *crtbegin.o(.ctors)
 *(EXCLUDE_FILE(*crtend.o) .ctors)
 *(SORT_BY_NAME(.ctors.*))
 *crtend.o(.ctors)
                0x000000000c000010                . = ALIGN (0x4)
 *(.fini)
 .fini          0x000000000c000010        0x4 c:/program files/microchip/xc32/v4.60/bin/bin/../../lib/gcc/pic32c/8.3.1/thumb/v8-m.main+fp/hard/crti.o
                0x000000000c000010                _fini
 .fini          0x000000000c000014        0x8 c:/program files/microchip/xc32/v4.60/bin/bin/../../lib/gcc/pic32c/8.3.1/thumb/v8-m.main+fp/hard/crtn.o
                0x000000000c00001c                . = ALIGN (0x4)
                0x000000000c00001c                __fini_array_start = .
 *(.fini_array)
 .fini_array    0x000000000c00001c        0x4 c:/program files/microchip/xc32/v4.60/bin/bin/../../lib/gcc/pic32c/8.3.1/thumb/v8-m.main+fp/hard/crtbegin.o
 *(SORT_BY_NAME(.fini_array.*))
                0x000000000c000020                __fini_array_end = .
 *crtbegin.o(.dtors)
 *(EXCLUDE_FILE(*crtend.o) .dtors)
 *(SORT_BY_NAME(.dtors.*))
 *crtend.o(.dtors)
                0x000000000c000020                . = ALIGN (0x4)
                0x000000000c000020                _efixed = .
                [!provide]                        PROVIDE (__exidx_start = .)

.ARM.exidx
 *(.ARM.exidx* .gnu.linkonce.armexidx.*)
                [!provide]                        PROVIDE (__exidx_end = .)
                0x000000000c000020                . = ALIGN (0x4)
                0x000000000c000020                _etext = .

.bss            0x0000000020000000        0x0
                0x0000000020000000                . = ALIGN (0x4)
                0x0000000020000000                __bss_start__ = .
                0x0000000020000000                _sbss = .
                0x0000000020000000                _szero = .
 *(COMMON)
                0x0000000020000000                . = ALIGN (0x4)
                0x0000000020000000                __bss_end__ = .
                0x0000000020000000                _ebss = .
                0x0000000020000000                _ezero = .
                0x0000000020000000                . = ALIGN (0x4)
                0x0000000020000000                _end = .
                0x000000002003ffff                _ram_end_ = ((ORIGIN (ram) + LENGTH (ram)) - 0x1)
                0x0000000000000001                __ICD2RAM = 0x1
                0x0000000000000001                __MPLAB_DEBUG = 0x1
                0x0000000000000001                __DEBUG = 0x1
                0x0000000000000400                _min_heap_size = 0x400
START GROUP
LOAD c:/program files/microchip/xc32/v4.60/bin/bin/../../lib/gcc/pic32c/8.3.1/../../../../pic32c/lib/thumb/v8-m.main+fp/hard\libpic32c.a
LOAD c:/program files/microchip/xc32/v4.60/bin/bin/../../lib/gcc/pic32c/8.3.1/../../../../pic32c/lib/thumb/v8-m.main+fp/hard\libc-size-musl.a
LOAD c:/program files/microchip/xc32/v4.60/bin/bin/../../lib/gcc/pic32c/8.3.1/../../../../pic32c/lib/thumb/v8-m.main+fp/hard\liblmalloc-musl.a
LOAD c:/program files/microchip/xc32/v4.60/bin/bin/../../lib/gcc/pic32c/8.3.1/../../../../pic32c/lib/thumb/v8-m.main+fp/hard\libm-fast-emfloat.a
LOAD c:/program files/microchip/xc32/v4.60/bin/bin/../../lib/gcc/pic32c/8.3.1/../../../../pic32c/lib/thumb/v8-m.main+fp/hard\libm-musl.a
LOAD c:/program files/microchip/xc32/v4.60/bin/bin/../../lib/gcc/pic32c/8.3.1/../../../../pic32c/lib/thumb/v8-m.main+fp/hard\libg-musl.a
LOAD c:/program files/microchip/xc32/v4.60/bin/bin/../../lib/gcc/pic32c/8.3.1/../../../../pic32c/lib/thumb/v8-m.main+fp/hard\libc-musl.a
LOAD c:/program files/microchip/xc32/v4.60/bin/bin/../../lib/gcc/pic32c/8.3.1/../../../../pic32c/lib/thumb/v8-m.main+fp/hard\libm-fast-emfloat.a
LOAD c:/program files/microchip/xc32/v4.60/bin/bin/../../lib/gcc/pic32c/8.3.1/../../../../pic32c/lib/thumb/v8-m.main+fp/hard\libm-musl.a
LOAD c:/program files/microchip/xc32/v4.60/bin/bin/../../lib/gcc/pic32c/8.3.1/thumb/v8-m.main+fp/hard\libgcc.a
END GROUP
LOAD c:/program files/microchip/xc32/v4.60/bin/bin/../../lib/gcc/pic32c/8.3.1/thumb/v8-m.main+fp/hard/crtend.o
LOAD c:/program files/microchip/xc32/v4.60/bin/bin/../../lib/gcc/pic32c/8.3.1/thumb/v8-m.main+fp/hard/crtn.o
OUTPUT(dist/default/debug/624_Function_Testing.X.debug.elf elf32-littlearm)
LOAD data_init
LOAD stack

.ARM.attributes
                0x0000000000000000       0x3a
 .ARM.attributes
                0x0000000000000000       0x22 c:/program files/microchip/xc32/v4.60/bin/bin/../../lib/gcc/pic32c/8.3.1/thumb/v8-m.main+fp/hard/crti.o
 .ARM.attributes
                0x0000000000000022       0x38 c:/program files/microchip/xc32/v4.60/bin/bin/../../lib/gcc/pic32c/8.3.1/thumb/v8-m.main+fp/hard/crtbegin.o
 .ARM.attributes
                0x000000000000005a       0x3a build/default/debug/_ext/1984496892/plib_clock.o
 .ARM.attributes
                0x0000000000000094       0x3a build/default/debug/_ext/60167341/plib_eic.o
 .ARM.attributes
                0x00000000000000ce       0x3a build/default/debug/_ext/1986646378/plib_evsys.o
 .ARM.attributes
                0x0000000000000108       0x3a build/default/debug/_ext/1865468468/plib_nvic.o
 .ARM.attributes
                0x0000000000000142       0x3a build/default/debug/_ext/829342769/plib_pm.o
 .ARM.attributes
                0x000000000000017c       0x3a build/default/debug/_ext/1865521619/plib_port.o
 .ARM.attributes
                0x00000000000001b6       0x3a build/default/debug/_ext/1171490990/initialization.o
 .ARM.attributes
                0x00000000000001f0       0x3a build/default/debug/_ext/1171490990/interrupts.o
 .ARM.attributes
                0x000000000000022a       0x3a build/default/debug/_ext/1171490990/exceptions.o
 .ARM.attributes
                0x0000000000000264       0x3a build/default/debug/_ext/1171490990/startup_xc32.o
 .ARM.attributes
                0x000000000000029e       0x3a build/default/debug/_ext/1360937237/main.o
 .ARM.attributes
                0x00000000000002d8       0x3a build/default/debug/_ext/2047169921/portasm.o
 .ARM.attributes
                0x0000000000000312       0x3a build/default/debug/_ext/1171490990/freertos_hooks.o
 .ARM.attributes
                0x000000000000034c       0x3a build/default/debug/_ext/2047169921/port.o
 .ARM.attributes
                0x0000000000000386       0x3a build/default/debug/_ext/404212886/FreeRTOS_tasks.o
 .ARM.attributes
                0x00000000000003c0       0x3a build/default/debug/_ext/404212886/list.o
 .ARM.attributes
                0x00000000000003fa       0x3a build/default/debug/_ext/1665200909/heap_1.o
 .ARM.attributes
                0x0000000000000434       0x3a build/default/debug/_ext/1360937237/app.o
 .ARM.attributes
                0x000000000000046e       0x3a build/default/debug/_ext/1171490990/tasks.o
 .ARM.attributes
                0x00000000000004a8       0x38 c:/program files/microchip/xc32/v4.60/bin/bin/../../lib/gcc/pic32c/8.3.1/../../../../pic32c/lib/thumb/v8-m.main+fp/hard\libpic32c.a(data_init.o)
 .ARM.attributes
                0x00000000000004e0       0x3a c:/program files/microchip/xc32/v4.60/bin/bin/../../lib/gcc/pic32c/8.3.1/../../../../pic32c/lib/thumb/v8-m.main+fp/hard\libc-size-musl.a(memset.o)
 .ARM.attributes
                0x000000000000051a       0x3a c:/program files/microchip/xc32/v4.60/bin/bin/../../lib/gcc/pic32c/8.3.1/../../../../pic32c/lib/thumb/v8-m.main+fp/hard\libg-musl.a(__libc_start_main.o)
 .ARM.attributes
                0x0000000000000554       0x38 c:/program files/microchip/xc32/v4.60/bin/bin/../../lib/gcc/pic32c/8.3.1/../../../../pic32c/lib/thumb/v8-m.main+fp/hard\libg-musl.a(libc.o)
 .ARM.attributes
                0x000000000000058c       0x38 c:/program files/microchip/xc32/v4.60/bin/bin/../../lib/gcc/pic32c/8.3.1/../../../../pic32c/lib/thumb/v8-m.main+fp/hard\libg-musl.a(__environ.o)
 .ARM.attributes
                0x00000000000005c4       0x22 c:/program files/microchip/xc32/v4.60/bin/bin/../../lib/gcc/pic32c/8.3.1/thumb/v8-m.main+fp/hard/crtn.o
 .ARM.attributes
                0x00000000000005e6       0x38 c:/program files/microchip/xc32/v4.60/bin/bin/../../lib/gcc/pic32c/8.3.1/../../../../pic32c/lib/thumb/v8-m.main+fp/hard\libpic32c.a(pic32_data_init_clear.o)
 .ARM.attributes
                0x000000000000061e       0x38 c:/program files/microchip/xc32/v4.60/bin/bin/../../lib/gcc/pic32c/8.3.1/../../../../pic32c/lib/thumb/v8-m.main+fp/hard\libpic32c.a(pic32_data_init_copy.o)

.comment        0x0000000000000000       0x2b
 .comment       0x0000000000000000       0x2b c:/program files/microchip/xc32/v4.60/bin/bin/../../lib/gcc/pic32c/8.3.1/thumb/v8-m.main+fp/hard/crtbegin.o
                                         0x2c (size before relaxing)
 .comment       0x000000000000002b       0x2c build/default/debug/_ext/1984496892/plib_clock.o
 .comment       0x000000000000002b       0x2c build/default/debug/_ext/60167341/plib_eic.o
 .comment       0x000000000000002b       0x2c build/default/debug/_ext/1986646378/plib_evsys.o
 .comment       0x000000000000002b       0x2c build/default/debug/_ext/1865468468/plib_nvic.o
 .comment       0x000000000000002b       0x2c build/default/debug/_ext/829342769/plib_pm.o
 .comment       0x000000000000002b       0x2c build/default/debug/_ext/1865521619/plib_port.o
 .comment       0x000000000000002b       0x2c build/default/debug/_ext/1171490990/initialization.o
 .comment       0x000000000000002b       0x2c build/default/debug/_ext/1171490990/interrupts.o
 .comment       0x000000000000002b       0x2c build/default/debug/_ext/1171490990/exceptions.o
 .comment       0x000000000000002b       0x2c build/default/debug/_ext/1171490990/startup_xc32.o
 .comment       0x000000000000002b       0x2c build/default/debug/_ext/1360937237/main.o
 .comment       0x000000000000002b       0x2c build/default/debug/_ext/2047169921/portasm.o
 .comment       0x000000000000002b       0x2c build/default/debug/_ext/1171490990/freertos_hooks.o
 .comment       0x000000000000002b       0x2c build/default/debug/_ext/2047169921/port.o
 .comment       0x000000000000002b       0x2c build/default/debug/_ext/404212886/FreeRTOS_tasks.o
 .comment       0x000000000000002b       0x2c build/default/debug/_ext/404212886/list.o
 .comment       0x000000000000002b       0x2c build/default/debug/_ext/1665200909/heap_1.o
 .comment       0x000000000000002b       0x2c build/default/debug/_ext/1360937237/app.o
 .comment       0x000000000000002b       0x2c build/default/debug/_ext/1171490990/tasks.o
 .comment       0x000000000000002b       0x2c c:/program files/microchip/xc32/v4.60/bin/bin/../../lib/gcc/pic32c/8.3.1/../../../../pic32c/lib/thumb/v8-m.main+fp/hard\libpic32c.a(data_init.o)
 .comment       0x000000000000002b       0x2c c:/program files/microchip/xc32/v4.60/bin/bin/../../lib/gcc/pic32c/8.3.1/../../../../pic32c/lib/thumb/v8-m.main+fp/hard\libc-size-musl.a(memset.o)
 .comment       0x000000000000002b       0x2c c:/program files/microchip/xc32/v4.60/bin/bin/../../lib/gcc/pic32c/8.3.1/../../../../pic32c/lib/thumb/v8-m.main+fp/hard\libg-musl.a(__libc_start_main.o)
 .comment       0x000000000000002b       0x2c c:/program files/microchip/xc32/v4.60/bin/bin/../../lib/gcc/pic32c/8.3.1/../../../../pic32c/lib/thumb/v8-m.main+fp/hard\libg-musl.a(libc.o)
 .comment       0x000000000000002b       0x2c c:/program files/microchip/xc32/v4.60/bin/bin/../../lib/gcc/pic32c/8.3.1/../../../../pic32c/lib/thumb/v8-m.main+fp/hard\libg-musl.a(__environ.o)
 .comment       0x000000000000002b       0x2c c:/program files/microchip/xc32/v4.60/bin/bin/../../lib/gcc/pic32c/8.3.1/../../../../pic32c/lib/thumb/v8-m.main+fp/hard\libpic32c.a(pic32_data_init_clear.o)
 .comment       0x000000000000002b       0x2c c:/program files/microchip/xc32/v4.60/bin/bin/../../lib/gcc/pic32c/8.3.1/../../../../pic32c/lib/thumb/v8-m.main+fp/hard\libpic32c.a(pic32_data_init_copy.o)

.debug_info     0x0000000000000000     0x7fc7
 .debug_info    0x0000000000000000      0x5c7 build/default/debug/_ext/1984496892/plib_clock.o
 .debug_info    0x00000000000005c7      0x425 build/default/debug/_ext/60167341/plib_eic.o
 .debug_info    0x00000000000009ec      0x399 build/default/debug/_ext/1986646378/plib_evsys.o
 .debug_info    0x0000000000000d85      0xd98 build/default/debug/_ext/1865468468/plib_nvic.o
 .debug_info    0x0000000000001b1d      0x221 build/default/debug/_ext/829342769/plib_pm.o
 .debug_info    0x0000000000001d3e      0x6c4 build/default/debug/_ext/1865521619/plib_port.o
 .debug_info    0x0000000000002402      0x15b build/default/debug/_ext/1171490990/initialization.o
 .debug_info    0x000000000000255d      0xbcc build/default/debug/_ext/1171490990/interrupts.o
 .debug_info    0x0000000000003129       0xb3 build/default/debug/_ext/1171490990/exceptions.o
 .debug_info    0x00000000000031dc      0x739 build/default/debug/_ext/1171490990/startup_xc32.o
 .debug_info    0x0000000000003915      0x56c build/default/debug/_ext/1360937237/main.o
 .debug_info    0x0000000000003e81      0x17a build/default/debug/_ext/2047169921/portasm.o
 .debug_info    0x0000000000003ffb      0x1df build/default/debug/_ext/1171490990/freertos_hooks.o
 .debug_info    0x00000000000041da      0x3df build/default/debug/_ext/2047169921/port.o
 .debug_info    0x00000000000045b9     0x2a55 build/default/debug/_ext/404212886/FreeRTOS_tasks.o
 .debug_info    0x000000000000700e      0x2ff build/default/debug/_ext/404212886/list.o
 .debug_info    0x000000000000730d      0x238 build/default/debug/_ext/1665200909/heap_1.o
 .debug_info    0x0000000000007545      0x13a build/default/debug/_ext/1360937237/app.o
 .debug_info    0x000000000000767f      0x19e build/default/debug/_ext/1171490990/tasks.o
 .debug_info    0x000000000000781d       0x68 c:/program files/microchip/xc32/v4.60/bin/bin/../../lib/gcc/pic32c/8.3.1/../../../../pic32c/lib/thumb/v8-m.main+fp/hard\libpic32c.a(data_init.o)
 .debug_info    0x0000000000007885       0xbb c:/program files/microchip/xc32/v4.60/bin/bin/../../lib/gcc/pic32c/8.3.1/../../../../pic32c/lib/thumb/v8-m.main+fp/hard\libc-size-musl.a(memset.o)
 .debug_info    0x0000000000007940      0x2fb c:/program files/microchip/xc32/v4.60/bin/bin/../../lib/gcc/pic32c/8.3.1/../../../../pic32c/lib/thumb/v8-m.main+fp/hard\libg-musl.a(__libc_start_main.o)
 .debug_info    0x0000000000007c3b      0x276 c:/program files/microchip/xc32/v4.60/bin/bin/../../lib/gcc/pic32c/8.3.1/../../../../pic32c/lib/thumb/v8-m.main+fp/hard\libg-musl.a(libc.o)
 .debug_info    0x0000000000007eb1       0x97 c:/program files/microchip/xc32/v4.60/bin/bin/../../lib/gcc/pic32c/8.3.1/../../../../pic32c/lib/thumb/v8-m.main+fp/hard\libg-musl.a(__environ.o)
 .debug_info    0x0000000000007f48       0x3f c:/program files/microchip/xc32/v4.60/bin/bin/../../lib/gcc/pic32c/8.3.1/../../../../pic32c/lib/thumb/v8-m.main+fp/hard\libpic32c.a(pic32_data_init_clear.o)
 .debug_info    0x0000000000007f87       0x40 c:/program files/microchip/xc32/v4.60/bin/bin/../../lib/gcc/pic32c/8.3.1/../../../../pic32c/lib/thumb/v8-m.main+fp/hard\libpic32c.a(pic32_data_init_copy.o)

.debug_abbrev   0x0000000000000000     0x1c46
 .debug_abbrev  0x0000000000000000       0xfc build/default/debug/_ext/1984496892/plib_clock.o
 .debug_abbrev  0x00000000000000fc      0x1a0 build/default/debug/_ext/60167341/plib_eic.o
 .debug_abbrev  0x000000000000029c       0xff build/default/debug/_ext/1986646378/plib_evsys.o
 .debug_abbrev  0x000000000000039b      0x1ef build/default/debug/_ext/1865468468/plib_nvic.o
 .debug_abbrev  0x000000000000058a       0x95 build/default/debug/_ext/829342769/plib_pm.o
 .debug_abbrev  0x000000000000061f      0x1cd build/default/debug/_ext/1865521619/plib_port.o
 .debug_abbrev  0x00000000000007ec       0x96 build/default/debug/_ext/1171490990/initialization.o
 .debug_abbrev  0x0000000000000882       0xc0 build/default/debug/_ext/1171490990/interrupts.o
 .debug_abbrev  0x0000000000000942       0x49 build/default/debug/_ext/1171490990/exceptions.o
 .debug_abbrev  0x000000000000098b      0x1e3 build/default/debug/_ext/1171490990/startup_xc32.o
 .debug_abbrev  0x0000000000000b6e      0x183 build/default/debug/_ext/1360937237/main.o
 .debug_abbrev  0x0000000000000cf1       0xc7 build/default/debug/_ext/2047169921/portasm.o
 .debug_abbrev  0x0000000000000db8       0xd5 build/default/debug/_ext/1171490990/freertos_hooks.o
 .debug_abbrev  0x0000000000000e8d      0x191 build/default/debug/_ext/2047169921/port.o
 .debug_abbrev  0x000000000000101e      0x3f6 build/default/debug/_ext/404212886/FreeRTOS_tasks.o
 .debug_abbrev  0x0000000000001414      0x12c build/default/debug/_ext/404212886/list.o
 .debug_abbrev  0x0000000000001540      0x162 build/default/debug/_ext/1665200909/heap_1.o
 .debug_abbrev  0x00000000000016a2       0xdd build/default/debug/_ext/1360937237/app.o
 .debug_abbrev  0x000000000000177f      0x11c build/default/debug/_ext/1171490990/tasks.o
 .debug_abbrev  0x000000000000189b       0x44 c:/program files/microchip/xc32/v4.60/bin/bin/../../lib/gcc/pic32c/8.3.1/../../../../pic32c/lib/thumb/v8-m.main+fp/hard\libpic32c.a(data_init.o)
 .debug_abbrev  0x00000000000018df       0xa2 c:/program files/microchip/xc32/v4.60/bin/bin/../../lib/gcc/pic32c/8.3.1/../../../../pic32c/lib/thumb/v8-m.main+fp/hard\libc-size-musl.a(memset.o)
 .debug_abbrev  0x0000000000001981      0x133 c:/program files/microchip/xc32/v4.60/bin/bin/../../lib/gcc/pic32c/8.3.1/../../../../pic32c/lib/thumb/v8-m.main+fp/hard\libg-musl.a(__libc_start_main.o)
 .debug_abbrev  0x0000000000001ab4       0xd4 c:/program files/microchip/xc32/v4.60/bin/bin/../../lib/gcc/pic32c/8.3.1/../../../../pic32c/lib/thumb/v8-m.main+fp/hard\libg-musl.a(libc.o)
 .debug_abbrev  0x0000000000001b88       0x62 c:/program files/microchip/xc32/v4.60/bin/bin/../../lib/gcc/pic32c/8.3.1/../../../../pic32c/lib/thumb/v8-m.main+fp/hard\libg-musl.a(__environ.o)
 .debug_abbrev  0x0000000000001bea       0x2e c:/program files/microchip/xc32/v4.60/bin/bin/../../lib/gcc/pic32c/8.3.1/../../../../pic32c/lib/thumb/v8-m.main+fp/hard\libpic32c.a(pic32_data_init_clear.o)
 .debug_abbrev  0x0000000000001c18       0x2e c:/program files/microchip/xc32/v4.60/bin/bin/../../lib/gcc/pic32c/8.3.1/../../../../pic32c/lib/thumb/v8-m.main+fp/hard\libpic32c.a(pic32_data_init_copy.o)

.debug_aranges  0x0000000000000000      0x6f0
 .debug_aranges
                0x0000000000000000       0x20 build/default/debug/_ext/1984496892/plib_clock.o
 .debug_aranges
                0x0000000000000020       0x50 build/default/debug/_ext/60167341/plib_eic.o
 .debug_aranges
                0x0000000000000070       0x40 build/default/debug/_ext/1986646378/plib_evsys.o
 .debug_aranges
                0x00000000000000b0       0x38 build/default/debug/_ext/1865468468/plib_nvic.o
 .debug_aranges
                0x00000000000000e8       0x58 build/default/debug/_ext/829342769/plib_pm.o
 .debug_aranges
                0x0000000000000140       0x70 build/default/debug/_ext/1865521619/plib_port.o
 .debug_aranges
                0x00000000000001b0       0x20 build/default/debug/_ext/1171490990/initialization.o
 .debug_aranges
                0x00000000000001d0       0x20 build/default/debug/_ext/1171490990/interrupts.o
 .debug_aranges
                0x00000000000001f0       0x28 build/default/debug/_ext/1171490990/exceptions.o
 .debug_aranges
                0x0000000000000218       0x28 build/default/debug/_ext/1171490990/startup_xc32.o
 .debug_aranges
                0x0000000000000240       0x48 build/default/debug/_ext/1360937237/main.o
 .debug_aranges
                0x0000000000000288       0x60 build/default/debug/_ext/2047169921/portasm.o
 .debug_aranges
                0x00000000000002e8       0x40 build/default/debug/_ext/1171490990/freertos_hooks.o
 .debug_aranges
                0x0000000000000328       0x70 build/default/debug/_ext/2047169921/port.o
 .debug_aranges
                0x0000000000000398      0x1a0 build/default/debug/_ext/404212886/FreeRTOS_tasks.o
 .debug_aranges
                0x0000000000000538       0x40 build/default/debug/_ext/404212886/list.o
 .debug_aranges
                0x0000000000000578       0x40 build/default/debug/_ext/1665200909/heap_1.o
 .debug_aranges
                0x00000000000005b8       0x28 build/default/debug/_ext/1360937237/app.o
 .debug_aranges
                0x00000000000005e0       0x28 build/default/debug/_ext/1171490990/tasks.o
 .debug_aranges
                0x0000000000000608       0x30 c:/program files/microchip/xc32/v4.60/bin/bin/../../lib/gcc/pic32c/8.3.1/../../../../pic32c/lib/thumb/v8-m.main+fp/hard\libpic32c.a(data_init.o)
 .debug_aranges
                0x0000000000000638       0x20 c:/program files/microchip/xc32/v4.60/bin/bin/../../lib/gcc/pic32c/8.3.1/../../../../pic32c/lib/thumb/v8-m.main+fp/hard\libc-size-musl.a(memset.o)
 .debug_aranges
                0x0000000000000658       0x28 c:/program files/microchip/xc32/v4.60/bin/bin/../../lib/gcc/pic32c/8.3.1/../../../../pic32c/lib/thumb/v8-m.main+fp/hard\libg-musl.a(__libc_start_main.o)
 .debug_aranges
                0x0000000000000680       0x18 c:/program files/microchip/xc32/v4.60/bin/bin/../../lib/gcc/pic32c/8.3.1/../../../../pic32c/lib/thumb/v8-m.main+fp/hard\libg-musl.a(libc.o)
 .debug_aranges
                0x0000000000000698       0x18 c:/program files/microchip/xc32/v4.60/bin/bin/../../lib/gcc/pic32c/8.3.1/../../../../pic32c/lib/thumb/v8-m.main+fp/hard\libg-musl.a(__environ.o)
 .debug_aranges
                0x00000000000006b0       0x20 c:/program files/microchip/xc32/v4.60/bin/bin/../../lib/gcc/pic32c/8.3.1/../../../../pic32c/lib/thumb/v8-m.main+fp/hard\libpic32c.a(pic32_data_init_clear.o)
 .debug_aranges
                0x00000000000006d0       0x20 c:/program files/microchip/xc32/v4.60/bin/bin/../../lib/gcc/pic32c/8.3.1/../../../../pic32c/lib/thumb/v8-m.main+fp/hard\libpic32c.a(pic32_data_init_copy.o)

.debug_ranges   0x0000000000000000      0x6e0
 .debug_ranges  0x0000000000000000       0x10 build/default/debug/_ext/1984496892/plib_clock.o
 .debug_ranges  0x0000000000000010       0x40 build/default/debug/_ext/60167341/plib_eic.o
 .debug_ranges  0x0000000000000050       0x30 build/default/debug/_ext/1986646378/plib_evsys.o
 .debug_ranges  0x0000000000000080       0x28 build/default/debug/_ext/1865468468/plib_nvic.o
 .debug_ranges  0x00000000000000a8       0x48 build/default/debug/_ext/829342769/plib_pm.o
 .debug_ranges  0x00000000000000f0       0x60 build/default/debug/_ext/1865521619/plib_port.o
 .debug_ranges  0x0000000000000150       0x10 build/default/debug/_ext/1171490990/initialization.o
 .debug_ranges  0x0000000000000160       0x10 build/default/debug/_ext/1171490990/interrupts.o
 .debug_ranges  0x0000000000000170       0x18 build/default/debug/_ext/1171490990/exceptions.o
 .debug_ranges  0x0000000000000188       0x18 build/default/debug/_ext/1171490990/startup_xc32.o
 .debug_ranges  0x00000000000001a0       0x38 build/default/debug/_ext/1360937237/main.o
 .debug_ranges  0x00000000000001d8       0x50 build/default/debug/_ext/2047169921/portasm.o
 .debug_ranges  0x0000000000000228       0x30 build/default/debug/_ext/1171490990/freertos_hooks.o
 .debug_ranges  0x0000000000000258       0x60 build/default/debug/_ext/2047169921/port.o
 .debug_ranges  0x00000000000002b8      0x2f0 build/default/debug/_ext/404212886/FreeRTOS_tasks.o
 .debug_ranges  0x00000000000005a8       0x30 build/default/debug/_ext/404212886/list.o
 .debug_ranges  0x00000000000005d8       0x48 build/default/debug/_ext/1665200909/heap_1.o
 .debug_ranges  0x0000000000000620       0x18 build/default/debug/_ext/1360937237/app.o
 .debug_ranges  0x0000000000000638       0x18 build/default/debug/_ext/1171490990/tasks.o
 .debug_ranges  0x0000000000000650       0x20 c:/program files/microchip/xc32/v4.60/bin/bin/../../lib/gcc/pic32c/8.3.1/../../../../pic32c/lib/thumb/v8-m.main+fp/hard\libpic32c.a(data_init.o)
 .debug_ranges  0x0000000000000670       0x10 c:/program files/microchip/xc32/v4.60/bin/bin/../../lib/gcc/pic32c/8.3.1/../../../../pic32c/lib/thumb/v8-m.main+fp/hard\libc-size-musl.a(memset.o)
 .debug_ranges  0x0000000000000680       0x40 c:/program files/microchip/xc32/v4.60/bin/bin/../../lib/gcc/pic32c/8.3.1/../../../../pic32c/lib/thumb/v8-m.main+fp/hard\libg-musl.a(__libc_start_main.o)
 .debug_ranges  0x00000000000006c0       0x10 c:/program files/microchip/xc32/v4.60/bin/bin/../../lib/gcc/pic32c/8.3.1/../../../../pic32c/lib/thumb/v8-m.main+fp/hard\libpic32c.a(pic32_data_init_clear.o)
 .debug_ranges  0x00000000000006d0       0x10 c:/program files/microchip/xc32/v4.60/bin/bin/../../lib/gcc/pic32c/8.3.1/../../../../pic32c/lib/thumb/v8-m.main+fp/hard\libpic32c.a(pic32_data_init_copy.o)

.debug_line     0x0000000000000000     0x471a
 .debug_line    0x0000000000000000      0x20b build/default/debug/_ext/1984496892/plib_clock.o
 .debug_line    0x000000000000020b      0x2f3 build/default/debug/_ext/60167341/plib_eic.o
 .debug_line    0x00000000000004fe      0x18d build/default/debug/_ext/1986646378/plib_evsys.o
 .debug_line    0x000000000000068b      0x341 build/default/debug/_ext/1865468468/plib_nvic.o
 .debug_line    0x00000000000009cc      0x20a build/default/debug/_ext/829342769/plib_pm.o
 .debug_line    0x0000000000000bd6      0x2e7 build/default/debug/_ext/1865521619/plib_port.o
 .debug_line    0x0000000000000ebd      0x1b7 build/default/debug/_ext/1171490990/initialization.o
 .debug_line    0x0000000000001074       0xbb build/default/debug/_ext/1171490990/interrupts.o
 .debug_line    0x000000000000112f       0x70 build/default/debug/_ext/1171490990/exceptions.o
 .debug_line    0x000000000000119f      0x24f build/default/debug/_ext/1171490990/startup_xc32.o
 .debug_line    0x00000000000013ee      0x364 build/default/debug/_ext/1360937237/main.o
 .debug_line    0x0000000000001752      0x1cf build/default/debug/_ext/2047169921/portasm.o
 .debug_line    0x0000000000001921      0x184 build/default/debug/_ext/1171490990/freertos_hooks.o
 .debug_line    0x0000000000001aa5      0x3c8 build/default/debug/_ext/2047169921/port.o
 .debug_line    0x0000000000001e6d     0x1bf7 build/default/debug/_ext/404212886/FreeRTOS_tasks.o
 .debug_line    0x0000000000003a64      0x316 build/default/debug/_ext/404212886/list.o
 .debug_line    0x0000000000003d7a      0x250 build/default/debug/_ext/1665200909/heap_1.o
 .debug_line    0x0000000000003fca       0x80 build/default/debug/_ext/1360937237/app.o
 .debug_line    0x000000000000404a       0xe5 build/default/debug/_ext/1171490990/tasks.o
 .debug_line    0x000000000000412f       0xa7 c:/program files/microchip/xc32/v4.60/bin/bin/../../lib/gcc/pic32c/8.3.1/../../../../pic32c/lib/thumb/v8-m.main+fp/hard\libpic32c.a(data_init.o)
 .debug_line    0x00000000000041d6       0xe3 c:/program files/microchip/xc32/v4.60/bin/bin/../../lib/gcc/pic32c/8.3.1/../../../../pic32c/lib/thumb/v8-m.main+fp/hard\libc-size-musl.a(memset.o)
 .debug_line    0x00000000000042b9      0x1c0 c:/program files/microchip/xc32/v4.60/bin/bin/../../lib/gcc/pic32c/8.3.1/../../../../pic32c/lib/thumb/v8-m.main+fp/hard\libg-musl.a(__libc_start_main.o)
 .debug_line    0x0000000000004479       0xb5 c:/program files/microchip/xc32/v4.60/bin/bin/../../lib/gcc/pic32c/8.3.1/../../../../pic32c/lib/thumb/v8-m.main+fp/hard\libg-musl.a(libc.o)
 .debug_line    0x000000000000452e       0xfb c:/program files/microchip/xc32/v4.60/bin/bin/../../lib/gcc/pic32c/8.3.1/../../../../pic32c/lib/thumb/v8-m.main+fp/hard\libg-musl.a(__environ.o)
 .debug_line    0x0000000000004629       0x72 c:/program files/microchip/xc32/v4.60/bin/bin/../../lib/gcc/pic32c/8.3.1/../../../../pic32c/lib/thumb/v8-m.main+fp/hard\libpic32c.a(pic32_data_init_clear.o)
 .debug_line    0x000000000000469b       0x7f c:/program files/microchip/xc32/v4.60/bin/bin/../../lib/gcc/pic32c/8.3.1/../../../../pic32c/lib/thumb/v8-m.main+fp/hard\libpic32c.a(pic32_data_init_copy.o)

.debug_str      0x0000000000000000     0x8bdd
 .debug_str     0x0000000000000000      0x69c build/default/debug/_ext/1984496892/plib_clock.o
 .debug_str     0x000000000000069c      0x4f1 build/default/debug/_ext/60167341/plib_eic.o
 .debug_str     0x0000000000000b8d      0x495 build/default/debug/_ext/1986646378/plib_evsys.o
 .debug_str     0x0000000000001022      0xf35 build/default/debug/_ext/1865468468/plib_nvic.o
 .debug_str     0x0000000000001f57      0x3ee build/default/debug/_ext/829342769/plib_pm.o
 .debug_str     0x0000000000002345      0x8d2 build/default/debug/_ext/1865521619/plib_port.o
 .debug_str     0x0000000000002c17      0x35c build/default/debug/_ext/1171490990/initialization.o
 .debug_str     0x0000000000002f73     0x110d build/default/debug/_ext/1171490990/interrupts.o
 .debug_str     0x0000000000004080      0x2ff build/default/debug/_ext/1171490990/exceptions.o
 .debug_str     0x000000000000437f      0x55f build/default/debug/_ext/1171490990/startup_xc32.o
 .debug_str     0x00000000000048de      0x4b0 build/default/debug/_ext/1360937237/main.o
 .debug_str     0x0000000000004d8e      0x3c3 build/default/debug/_ext/2047169921/portasm.o
 .debug_str     0x0000000000005151      0x3c5 build/default/debug/_ext/1171490990/freertos_hooks.o
 .debug_str     0x0000000000005516      0x52d build/default/debug/_ext/2047169921/port.o
 .debug_str     0x0000000000005a43     0x1173 build/default/debug/_ext/404212886/FreeRTOS_tasks.o
 .debug_str     0x0000000000006bb6      0x425 build/default/debug/_ext/404212886/list.o
 .debug_str     0x0000000000006fdb      0x3f0 build/default/debug/_ext/1665200909/heap_1.o
 .debug_str     0x00000000000073cb      0x337 build/default/debug/_ext/1360937237/app.o
 .debug_str     0x0000000000007702      0x358 build/default/debug/_ext/1171490990/tasks.o
 .debug_str     0x0000000000007a5a      0x212 c:/program files/microchip/xc32/v4.60/bin/bin/../../lib/gcc/pic32c/8.3.1/../../../../pic32c/lib/thumb/v8-m.main+fp/hard\libpic32c.a(data_init.o)
 .debug_str     0x0000000000007c6c      0x227 c:/program files/microchip/xc32/v4.60/bin/bin/../../lib/gcc/pic32c/8.3.1/../../../../pic32c/lib/thumb/v8-m.main+fp/hard\libc-size-musl.a(memset.o)
 .debug_str     0x0000000000007e93      0x3e0 c:/program files/microchip/xc32/v4.60/bin/bin/../../lib/gcc/pic32c/8.3.1/../../../../pic32c/lib/thumb/v8-m.main+fp/hard\libg-musl.a(__libc_start_main.o)
 .debug_str     0x0000000000008273      0x34b c:/program files/microchip/xc32/v4.60/bin/bin/../../lib/gcc/pic32c/8.3.1/../../../../pic32c/lib/thumb/v8-m.main+fp/hard\libg-musl.a(libc.o)
 .debug_str     0x00000000000085be      0x24b c:/program files/microchip/xc32/v4.60/bin/bin/../../lib/gcc/pic32c/8.3.1/../../../../pic32c/lib/thumb/v8-m.main+fp/hard\libg-musl.a(__environ.o)
 .debug_str     0x0000000000008809      0x1eb c:/program files/microchip/xc32/v4.60/bin/bin/../../lib/gcc/pic32c/8.3.1/../../../../pic32c/lib/thumb/v8-m.main+fp/hard\libpic32c.a(pic32_data_init_clear.o)
 .debug_str     0x00000000000089f4      0x1e9 c:/program files/microchip/xc32/v4.60/bin/bin/../../lib/gcc/pic32c/8.3.1/../../../../pic32c/lib/thumb/v8-m.main+fp/hard\libpic32c.a(pic32_data_init_copy.o)

.debug_frame    0x0000000000000000      0xd8c
 .debug_frame   0x0000000000000000       0x20 build/default/debug/_ext/1984496892/plib_clock.o
 .debug_frame   0x0000000000000020       0xa8 build/default/debug/_ext/60167341/plib_eic.o
 .debug_frame   0x00000000000000c8       0x60 build/default/debug/_ext/1986646378/plib_evsys.o
 .debug_frame   0x0000000000000128       0x50 build/default/debug/_ext/1865468468/plib_nvic.o
 .debug_frame   0x0000000000000178       0x90 build/default/debug/_ext/829342769/plib_pm.o
 .debug_frame   0x0000000000000208       0xcc build/default/debug/_ext/1865521619/plib_port.o
 .debug_frame   0x00000000000002d4       0x28 build/default/debug/_ext/1171490990/initialization.o
 .debug_frame   0x00000000000002fc       0x20 build/default/debug/_ext/1171490990/interrupts.o
 .debug_frame   0x000000000000031c       0x30 build/default/debug/_ext/1171490990/exceptions.o
 .debug_frame   0x000000000000034c       0x38 build/default/debug/_ext/1171490990/startup_xc32.o
 .debug_frame   0x0000000000000384       0xa0 build/default/debug/_ext/1360937237/main.o
 .debug_frame   0x0000000000000424       0xa0 build/default/debug/_ext/2047169921/portasm.o
 .debug_frame   0x00000000000004c4       0x7c build/default/debug/_ext/1171490990/freertos_hooks.o
 .debug_frame   0x0000000000000540      0x100 build/default/debug/_ext/2047169921/port.o
 .debug_frame   0x0000000000000640      0x510 build/default/debug/_ext/404212886/FreeRTOS_tasks.o
 .debug_frame   0x0000000000000b50       0x6c build/default/debug/_ext/404212886/list.o
 .debug_frame   0x0000000000000bbc       0x6c build/default/debug/_ext/1665200909/heap_1.o
 .debug_frame   0x0000000000000c28       0x30 build/default/debug/_ext/1360937237/app.o
 .debug_frame   0x0000000000000c58       0x44 build/default/debug/_ext/1171490990/tasks.o
 .debug_frame   0x0000000000000c9c       0x4c c:/program files/microchip/xc32/v4.60/bin/bin/../../lib/gcc/pic32c/8.3.1/../../../../pic32c/lib/thumb/v8-m.main+fp/hard\libpic32c.a(data_init.o)
 .debug_frame   0x0000000000000ce8       0x20 c:/program files/microchip/xc32/v4.60/bin/bin/../../lib/gcc/pic32c/8.3.1/../../../../pic32c/lib/thumb/v8-m.main+fp/hard\libc-size-musl.a(memset.o)
 .debug_frame   0x0000000000000d08       0x3c c:/program files/microchip/xc32/v4.60/bin/bin/../../lib/gcc/pic32c/8.3.1/../../../../pic32c/lib/thumb/v8-m.main+fp/hard\libg-musl.a(__libc_start_main.o)
 .debug_frame   0x0000000000000d44       0x20 c:/program files/microchip/xc32/v4.60/bin/bin/../../lib/gcc/pic32c/8.3.1/../../../../pic32c/lib/thumb/v8-m.main+fp/hard\libpic32c.a(pic32_data_init_clear.o)
 .debug_frame   0x0000000000000d64       0x28 c:/program files/microchip/xc32/v4.60/bin/bin/../../lib/gcc/pic32c/8.3.1/../../../../pic32c/lib/thumb/v8-m.main+fp/hard\libpic32c.a(pic32_data_init_copy.o)

.debug_loc      0x0000000000000000     0x3857
 .debug_loc     0x0000000000000000      0x163 build/default/debug/_ext/60167341/plib_eic.o
 .debug_loc     0x0000000000000163       0xde build/default/debug/_ext/1986646378/plib_evsys.o
 .debug_loc     0x0000000000000241      0x139 build/default/debug/_ext/1865468468/plib_nvic.o
 .debug_loc     0x000000000000037a      0x1bc build/default/debug/_ext/1865521619/plib_port.o
 .debug_loc     0x0000000000000536       0x45 build/default/debug/_ext/1171490990/initialization.o
 .debug_loc     0x000000000000057b       0x4a build/default/debug/_ext/1171490990/startup_xc32.o
 .debug_loc     0x00000000000005c5       0x78 build/default/debug/_ext/1360937237/main.o
 .debug_loc     0x000000000000063d      0x10c build/default/debug/_ext/1171490990/freertos_hooks.o
 .debug_loc     0x0000000000000749      0x37c build/default/debug/_ext/2047169921/port.o
 .debug_loc     0x0000000000000ac5     0x2a80 build/default/debug/_ext/404212886/FreeRTOS_tasks.o
 .debug_loc     0x0000000000003545       0xb2 build/default/debug/_ext/404212886/list.o
 .debug_loc     0x00000000000035f7       0xd7 build/default/debug/_ext/1665200909/heap_1.o
 .debug_loc     0x00000000000036ce       0x16 build/default/debug/_ext/1360937237/app.o
 .debug_loc     0x00000000000036e4       0x7d build/default/debug/_ext/1171490990/tasks.o
 .debug_loc     0x0000000000003761       0x14 c:/program files/microchip/xc32/v4.60/bin/bin/../../lib/gcc/pic32c/8.3.1/../../../../pic32c/lib/thumb/v8-m.main+fp/hard\libpic32c.a(data_init.o)
 .debug_loc     0x0000000000003775       0x7d c:/program files/microchip/xc32/v4.60/bin/bin/../../lib/gcc/pic32c/8.3.1/../../../../pic32c/lib/thumb/v8-m.main+fp/hard\libc-size-musl.a(memset.o)
 .debug_loc     0x00000000000037f2       0x51 c:/program files/microchip/xc32/v4.60/bin/bin/../../lib/gcc/pic32c/8.3.1/../../../../pic32c/lib/thumb/v8-m.main+fp/hard\libg-musl.a(__libc_start_main.o)
 .debug_loc     0x0000000000003843       0x14 c:/program files/microchip/xc32/v4.60/bin/bin/../../lib/gcc/pic32c/8.3.1/../../../../pic32c/lib/thumb/v8-m.main+fp/hard\libpic32c.a(pic32_data_init_copy.o)

.note.GNU-stack
                0x0000000000000000        0x0
 .note.GNU-stack
                0x0000000000000000        0x0 c:/program files/microchip/xc32/v4.60/bin/bin/../../lib/gcc/pic32c/8.3.1/../../../../pic32c/lib/thumb/v8-m.main+fp/hard\libc-size-musl.a(memset.o)
 .note.GNU-stack
                0x0000000000000000        0x0 c:/program files/microchip/xc32/v4.60/bin/bin/../../lib/gcc/pic32c/8.3.1/../../../../pic32c/lib/thumb/v8-m.main+fp/hard\libg-musl.a(__libc_start_main.o)
 .note.GNU-stack
                0x0000000000000000        0x0 c:/program files/microchip/xc32/v4.60/bin/bin/../../lib/gcc/pic32c/8.3.1/../../../../pic32c/lib/thumb/v8-m.main+fp/hard\libg-musl.a(libc.o)
 .note.GNU-stack
                0x0000000000000000        0x0 c:/program files/microchip/xc32/v4.60/bin/bin/../../lib/gcc/pic32c/8.3.1/../../../../pic32c/lib/thumb/v8-m.main+fp/hard\libg-musl.a(__environ.o)

.stack          0x000000002000a698      0x100
 .stack         0x000000002000a698      0x100 stack

.bss.ucHeap%1   0x0000000020000000     0xa000
 .bss.ucHeap    0x0000000020000000     0xa000 build/default/debug/_ext/1665200909/heap_1.o

.bss.eicCallbackObject%2
                0x000000002000a000       0xc0
 .bss.eicCallbackObject
                0x000000002000a000       0xc0 build/default/debug/_ext/60167341/plib_eic.o

.bss.pxReadyTasksLists%3
                0x000000002000a0c0       0x64
 .bss.pxReadyTasksLists
                0x000000002000a0c0       0x64 build/default/debug/_ext/404212886/FreeRTOS_tasks.o

.bss%4          0x000000002000a124       0x50
 .bss           0x000000002000a124       0x50 c:/program files/microchip/xc32/v4.60/bin/bin/../../lib/gcc/pic32c/8.3.1/../../../../pic32c/lib/thumb/v8-m.main+fp/hard\libg-musl.a(libc.o)
                0x000000002000a124                __progname_full
                0x000000002000a124                program_invocation_name
                0x000000002000a128                program_invocation_short_name
                0x000000002000a128                __progname
                0x000000002000a12c                __sysinfo
                0x000000002000a130                __hwcap
                0x000000002000a134                __libc

.bss%5          0x000000002000a174       0x1c
 .bss           0x000000002000a174       0x1c c:/program files/microchip/xc32/v4.60/bin/bin/../../lib/gcc/pic32c/8.3.1/thumb/v8-m.main+fp/hard/crtbegin.o

.bss.xDelayedTaskList1%6
                0x000000002000a190       0x14
 .bss.xDelayedTaskList1
                0x000000002000a190       0x14 build/default/debug/_ext/404212886/FreeRTOS_tasks.o

.bss.xDelayedTaskList2%7
                0x000000002000a1a4       0x14
 .bss.xDelayedTaskList2
                0x000000002000a1a4       0x14 build/default/debug/_ext/404212886/FreeRTOS_tasks.o

.bss.xPendingReadyList%8
                0x000000002000a1b8       0x14
 .bss.xPendingReadyList
                0x000000002000a1b8       0x14 build/default/debug/_ext/404212886/FreeRTOS_tasks.o

.bss.xSuspendedTaskList%9
                0x000000002000a1cc       0x14
 .bss.xSuspendedTaskList
                0x000000002000a1cc       0x14 build/default/debug/_ext/404212886/FreeRTOS_tasks.o

.bss.xTasksWaitingTermination%10
                0x000000002000a1e0       0x14
 .bss.xTasksWaitingTermination
                0x000000002000a1e0       0x14 build/default/debug/_ext/404212886/FreeRTOS_tasks.o

.bss.count%11   0x000000002000a1f4        0x4
 .bss.count     0x000000002000a1f4        0x4 build/default/debug/_ext/1360937237/main.o
                0x000000002000a1f4                count

.bss.counter%12
                0x000000002000a1f8        0x4
 .bss.counter   0x000000002000a1f8        0x4 build/default/debug/_ext/1360937237/main.o
                0x000000002000a1f8                counter

.bss.i%13       0x000000002000a1fc        0x4
 .bss.i         0x000000002000a1fc        0x4 build/default/debug/_ext/1360937237/main.o
                0x000000002000a1fc                i

.bss.ms%14      0x000000002000a200        0x4
 .bss.ms        0x000000002000a200        0x4 build/default/debug/_ext/1360937237/main.o
                0x000000002000a200                ms

.bss.pos_target%15
                0x000000002000a204        0x4
 .bss.pos_target
                0x000000002000a204        0x4 build/default/debug/_ext/1360937237/main.o
                0x000000002000a204                pos_target

.bss.position%16
                0x000000002000a208        0x4
 .bss.position  0x000000002000a208        0x4 build/default/debug/_ext/1360937237/main.o
                0x000000002000a208                position

.bss.pxCurrentTCB%17
                0x000000002000a20c        0x4
 .bss.pxCurrentTCB
                0x000000002000a20c        0x4 build/default/debug/_ext/404212886/FreeRTOS_tasks.o
                0x000000002000a20c                pxCurrentTCB

.bss.pxDelayedTaskList%18
                0x000000002000a210        0x4
 .bss.pxDelayedTaskList
                0x000000002000a210        0x4 build/default/debug/_ext/404212886/FreeRTOS_tasks.o

.bss.pxOverflowDelayedTaskList%19
                0x000000002000a214        0x4
 .bss.pxOverflowDelayedTaskList
                0x000000002000a214        0x4 build/default/debug/_ext/404212886/FreeRTOS_tasks.o

.bss.uxCurrentNumberOfTasks%20
                0x000000002000a218        0x4
 .bss.uxCurrentNumberOfTasks
                0x000000002000a218        0x4 build/default/debug/_ext/404212886/FreeRTOS_tasks.o

.bss.uxDeletedTasksWaitingCleanUp%21
                0x000000002000a21c        0x4
 .bss.uxDeletedTasksWaitingCleanUp
                0x000000002000a21c        0x4 build/default/debug/_ext/404212886/FreeRTOS_tasks.o

.bss.uxSchedulerSuspended%22
                0x000000002000a220        0x4
 .bss.uxSchedulerSuspended
                0x000000002000a220        0x4 build/default/debug/_ext/404212886/FreeRTOS_tasks.o

.bss.uxTaskNumber%23
                0x000000002000a224        0x4
 .bss.uxTaskNumber
                0x000000002000a224        0x4 build/default/debug/_ext/404212886/FreeRTOS_tasks.o

.bss.uxTopReadyPriority%24
                0x000000002000a228        0x4
 .bss.uxTopReadyPriority
                0x000000002000a228        0x4 build/default/debug/_ext/404212886/FreeRTOS_tasks.o

.bss.xIdleTaskHandles%25
                0x000000002000a22c        0x4
 .bss.xIdleTaskHandles
                0x000000002000a22c        0x4 build/default/debug/_ext/404212886/FreeRTOS_tasks.o

.bss.xNextTaskUnblockTime%26
                0x000000002000a230        0x4
 .bss.xNextTaskUnblockTime
                0x000000002000a230        0x4 build/default/debug/_ext/404212886/FreeRTOS_tasks.o

.bss.xNumOfOverflows%27
                0x000000002000a234        0x4
 .bss.xNumOfOverflows
                0x000000002000a234        0x4 build/default/debug/_ext/404212886/FreeRTOS_tasks.o

.bss.xPendedTicks%28
                0x000000002000a238        0x4
 .bss.xPendedTicks
                0x000000002000a238        0x4 build/default/debug/_ext/404212886/FreeRTOS_tasks.o

.bss.xSchedulerRunning%29
                0x000000002000a23c        0x4
 .bss.xSchedulerRunning
                0x000000002000a23c        0x4 build/default/debug/_ext/404212886/FreeRTOS_tasks.o

.bss.xTickCount%30
                0x000000002000a240        0x4
 .bss.xTickCount
                0x000000002000a240        0x4 build/default/debug/_ext/404212886/FreeRTOS_tasks.o

.bss.xYieldPendings%31
                0x000000002000a244        0x4
 .bss.xYieldPendings
                0x000000002000a244        0x4 build/default/debug/_ext/404212886/FreeRTOS_tasks.o

.bss.pucAlignedHeap.6123%32
                0x000000002000a248        0x4
 .bss.pucAlignedHeap.6123
                0x000000002000a248        0x4 build/default/debug/_ext/1665200909/heap_1.o

.bss.xNextFreeByte%33
                0x000000002000a24c        0x4
 .bss.xNextFreeByte
                0x000000002000a24c        0x4 build/default/debug/_ext/1665200909/heap_1.o

.bss.xAPP_Tasks%34
                0x000000002000a250        0x4
 .bss.xAPP_Tasks
                0x000000002000a250        0x4 build/default/debug/_ext/1171490990/tasks.o
                0x000000002000a250                xAPP_Tasks

.bss%35         0x000000002000a254        0x4
 .bss           0x000000002000a254        0x4 c:/program files/microchip/xc32/v4.60/bin/bin/../../lib/gcc/pic32c/8.3.1/../../../../pic32c/lib/thumb/v8-m.main+fp/hard\libpic32c.a(data_init.o)

.bss%36         0x000000002000a258        0x4
 .bss           0x000000002000a258        0x4 c:/program files/microchip/xc32/v4.60/bin/bin/../../lib/gcc/pic32c/8.3.1/../../../../pic32c/lib/thumb/v8-m.main+fp/hard\libg-musl.a(__environ.o)
                0x000000002000a258                __environ
                0x000000002000a258                environ
                0x000000002000a258                ___environ
                0x000000002000a258                _environ

.bss.appData%37
                0x000000002000a25c        0x1
 .bss.appData   0x000000002000a25c        0x1 build/default/debug/_ext/1360937237/app.o
                0x000000002000a25c                appData

.bss.direction%38
                0x000000002000a25d        0x1
 .bss.direction
                0x000000002000a25d        0x1 build/default/debug/_ext/1360937237/main.o
                0x000000002000a25d                direction

.bss.forward%39
                0x000000002000a25e        0x1
 .bss.forward   0x000000002000a25e        0x1 build/default/debug/_ext/1360937237/main.o
                0x000000002000a25e                forward

.bss.zero_point%40
                0x000000002000a25f        0x1
 .bss.zero_point
                0x000000002000a25f        0x1 build/default/debug/_ext/1360937237/main.o
                0x000000002000a25f                zero_point

.data.pos_list%41
                0x000000002000a260       0x10
 .data.pos_list
                0x000000002000a260       0x10 build/default/debug/_ext/1360937237/main.o
                0x000000002000a260                pos_list

.data.ulCriticalNesting%42
                0x000000002000a270        0x4
 .data.ulCriticalNesting
                0x000000002000a270        0x4 build/default/debug/_ext/2047169921/port.o

.data.uxTopUsedPriority%43
                0x000000002000a274        0x4
 .data.uxTopUsedPriority
                0x000000002000a274        0x4 build/default/debug/_ext/404212886/FreeRTOS_tasks.o

.eh_frame%z1    0x0000000000000000        0x0
 .eh_frame      0x0000000000000000        0x0 c:/program files/microchip/xc32/v4.60/bin/bin/../../lib/gcc/pic32c/8.3.1/thumb/v8-m.main+fp/hard/crtbegin.o

.config_0A000000.__config_0A000000%44
                0x000000000a000000        0x4
 .config_0A000000.__config_0A000000
                0x000000000a000000        0x4 build/default/debug/_ext/1171490990/initialization.o
                0x000000000a000000                __config_0A000000

.config_0A000004.__config_0A000004%45
                0x000000000a000004        0x4
 .config_0A000004.__config_0A000004
                0x000000000a000004        0x4 build/default/debug/_ext/1171490990/initialization.o
                0x000000000a000004                __config_0A000004

.config_0A000008.__config_0A000008%46
                0x000000000a000008        0x4
 .config_0A000008.__config_0A000008
                0x000000000a000008        0x4 build/default/debug/_ext/1171490990/initialization.o
                0x000000000a000008                __config_0A000008

.config_0A00000C.__config_0A00000C%47
                0x000000000a00000c        0x4
 .config_0A00000C.__config_0A00000C
                0x000000000a00000c        0x4 build/default/debug/_ext/1171490990/initialization.o
                0x000000000a00000c                __config_0A00000C

.config_0A000010.__config_0A000010%48
                0x000000000a000010        0x4
 .config_0A000010.__config_0A000010
                0x000000000a000010        0x4 build/default/debug/_ext/1171490990/initialization.o
                0x000000000a000010                __config_0A000010

.config_0A000014.__config_0A000014%49
                0x000000000a000014        0x4
 .config_0A000014.__config_0A000014
                0x000000000a000014        0x4 build/default/debug/_ext/1171490990/initialization.o
                0x000000000a000014                __config_0A000014

.config_0A000018.__config_0A000018%50
                0x000000000a000018        0x4
 .config_0A000018.__config_0A000018
                0x000000000a000018        0x4 build/default/debug/_ext/1171490990/initialization.o
                0x000000000a000018                __config_0A000018

.config_0A00001C.__config_0A00001C%51
                0x000000000a00001c        0x4
 .config_0A00001C.__config_0A00001C
                0x000000000a00001c        0x4 build/default/debug/_ext/1171490990/initialization.o
                0x000000000a00001c                __config_0A00001C

.config_0A000020.__config_0A000020%52
                0x000000000a000020        0x4
 .config_0A000020.__config_0A000020
                0x000000000a000020        0x4 build/default/debug/_ext/1171490990/initialization.o
                0x000000000a000020                __config_0A000020

.config_0A000024.__config_0A000024%53
                0x000000000a000024        0x4
 .config_0A000024.__config_0A000024
                0x000000000a000024        0x4 build/default/debug/_ext/1171490990/initialization.o
                0x000000000a000024                __config_0A000024

.config_0A000028.__config_0A000028%54
                0x000000000a000028        0x4
 .config_0A000028.__config_0A000028
                0x000000000a000028        0x4 build/default/debug/_ext/1171490990/initialization.o
                0x000000000a000028                __config_0A000028

.config_0A00002C.__config_0A00002C%55
                0x000000000a00002c        0x4
 .config_0A00002C.__config_0A00002C
                0x000000000a00002c        0x4 build/default/debug/_ext/1171490990/initialization.o
                0x000000000a00002c                __config_0A00002C

.config_0A000030.__config_0A000030%56
                0x000000000a000030        0x4
 .config_0A000030.__config_0A000030
                0x000000000a000030        0x4 build/default/debug/_ext/1171490990/initialization.o
                0x000000000a000030                __config_0A000030

.config_0A000034.__config_0A000034%57
                0x000000000a000034        0x4
 .config_0A000034.__config_0A000034
                0x000000000a000034        0x4 build/default/debug/_ext/1171490990/initialization.o
                0x000000000a000034                __config_0A000034

.config_0A000038.__config_0A000038%58
                0x000000000a000038        0x4
 .config_0A000038.__config_0A000038
                0x000000000a000038        0x4 build/default/debug/_ext/1171490990/initialization.o
                0x000000000a000038                __config_0A000038

.config_0A00003C.__config_0A00003C%59
                0x000000000a00003c        0x4
 .config_0A00003C.__config_0A00003C
                0x000000000a00003c        0x4 build/default/debug/_ext/1171490990/initialization.o
                0x000000000a00003c                __config_0A00003C

.config_0A000040.__config_0A000040%60
                0x000000000a000040        0x4
 .config_0A000040.__config_0A000040
                0x000000000a000040        0x4 build/default/debug/_ext/1171490990/initialization.o
                0x000000000a000040                __config_0A000040

.config_0A000044.__config_0A000044%61
                0x000000000a000044        0x4
 .config_0A000044.__config_0A000044
                0x000000000a000044        0x4 build/default/debug/_ext/1171490990/initialization.o
                0x000000000a000044                __config_0A000044

.config_0A000048.__config_0A000048%62
                0x000000000a000048        0x4
 .config_0A000048.__config_0A000048
                0x000000000a000048        0x4 build/default/debug/_ext/1171490990/initialization.o
                0x000000000a000048                __config_0A000048

.config_0A00004C.__config_0A00004C%63
                0x000000000a00004c        0x4
 .config_0A00004C.__config_0A00004C
                0x000000000a00004c        0x4 build/default/debug/_ext/1171490990/initialization.o
                0x000000000a00004c                __config_0A00004C

.config_0A000054.__config_0A000054%64
                0x000000000a000054        0x4
 .config_0A000054.__config_0A000054
                0x000000000a000054        0x4 build/default/debug/_ext/1171490990/initialization.o
                0x000000000a000054                __config_0A000054

.config_0A000058.__config_0A000058%65
                0x000000000a000058        0x4
 .config_0A000058.__config_0A000058
                0x000000000a000058        0x4 build/default/debug/_ext/1171490990/initialization.o
                0x000000000a000058                __config_0A000058

.config_0A00005C.__config_0A00005C%66
                0x000000000a00005c        0x4
 .config_0A00005C.__config_0A00005C
                0x000000000a00005c        0x4 build/default/debug/_ext/1171490990/initialization.o
                0x000000000a00005c                __config_0A00005C

.config_0A000060.__config_0A000060%67
                0x000000000a000060        0x4
 .config_0A000060.__config_0A000060
                0x000000000a000060        0x4 build/default/debug/_ext/1171490990/initialization.o
                0x000000000a000060                __config_0A000060

.config_0A000064.__config_0A000064%68
                0x000000000a000064        0x4
 .config_0A000064.__config_0A000064
                0x000000000a000064        0x4 build/default/debug/_ext/1171490990/initialization.o
                0x000000000a000064                __config_0A000064

.config_0A002000.__config_0A002000%69
                0x000000000a002000        0x4
 .config_0A002000.__config_0A002000
                0x000000000a002000        0x4 build/default/debug/_ext/1171490990/initialization.o
                0x000000000a002000                __config_0A002000

.config_0A002004.__config_0A002004%70
                0x000000000a002004        0x4
 .config_0A002004.__config_0A002004
                0x000000000a002004        0x4 build/default/debug/_ext/1171490990/initialization.o
                0x000000000a002004                __config_0A002004

.config_0A002008.__config_0A002008%71
                0x000000000a002008        0x4
 .config_0A002008.__config_0A002008
                0x000000000a002008        0x4 build/default/debug/_ext/1171490990/initialization.o
                0x000000000a002008                __config_0A002008

.config_0A002020.__config_0A002020%72
                0x000000000a002020        0x4
 .config_0A002020.__config_0A002020
                0x000000000a002020        0x4 build/default/debug/_ext/1171490990/initialization.o
                0x000000000a002020                __config_0A002020

.config_0A002024.__config_0A002024%73
                0x000000000a002024        0x4
 .config_0A002024.__config_0A002024
                0x000000000a002024        0x4 build/default/debug/_ext/1171490990/initialization.o
                0x000000000a002024                __config_0A002024

.config_0A002028.__config_0A002028%74
                0x000000000a002028        0x4
 .config_0A002028.__config_0A002028
                0x000000000a002028        0x4 build/default/debug/_ext/1171490990/initialization.o
                0x000000000a002028                __config_0A002028

.config_0A00202C.__config_0A00202C%75
                0x000000000a00202c        0x4
 .config_0A00202C.__config_0A00202C
                0x000000000a00202c        0x4 build/default/debug/_ext/1171490990/initialization.o
                0x000000000a00202c                __config_0A00202C

.config_0A002030.__config_0A002030%76
                0x000000000a002030        0x4
 .config_0A002030.__config_0A002030
                0x000000000a002030        0x4 build/default/debug/_ext/1171490990/initialization.o
                0x000000000a002030                __config_0A002030

.config_0A002034.__config_0A002034%77
                0x000000000a002034        0x4
 .config_0A002034.__config_0A002034
                0x000000000a002034        0x4 build/default/debug/_ext/1171490990/initialization.o
                0x000000000a002034                __config_0A002034

.config_0A002038.__config_0A002038%78
                0x000000000a002038        0x4
 .config_0A002038.__config_0A002038
                0x000000000a002038        0x4 build/default/debug/_ext/1171490990/initialization.o
                0x000000000a002038                __config_0A002038

.config_0A00203C.__config_0A00203C%79
                0x000000000a00203c        0x4
 .config_0A00203C.__config_0A00203C
                0x000000000a00203c        0x4 build/default/debug/_ext/1171490990/initialization.o
                0x000000000a00203c                __config_0A00203C

.config_0A002040.__config_0A002040%80
                0x000000000a002040        0x4
 .config_0A002040.__config_0A002040
                0x000000000a002040        0x4 build/default/debug/_ext/1171490990/initialization.o
                0x000000000a002040                __config_0A002040

.config_0A002044.__config_0A002044%81
                0x000000000a002044        0x4
 .config_0A002044.__config_0A002044
                0x000000000a002044        0x4 build/default/debug/_ext/1171490990/initialization.o
                0x000000000a002044                __config_0A002044

.config_0A002048.__config_0A002048%82
                0x000000000a002048        0x4
 .config_0A002048.__config_0A002048
                0x000000000a002048        0x4 build/default/debug/_ext/1171490990/initialization.o
                0x000000000a002048                __config_0A002048

.config_0A00204C.__config_0A00204C%83
                0x000000000a00204c        0x4
 .config_0A00204C.__config_0A00204C
                0x000000000a00204c        0x4 build/default/debug/_ext/1171490990/initialization.o
                0x000000000a00204c                __config_0A00204C

.config_0A002050.__config_0A002050%84
                0x000000000a002050        0x4
 .config_0A002050.__config_0A002050
                0x000000000a002050        0x4 build/default/debug/_ext/1171490990/initialization.o
                0x000000000a002050                __config_0A002050

.config_0A002054.__config_0A002054%85
                0x000000000a002054        0x4
 .config_0A002054.__config_0A002054
                0x000000000a002054        0x4 build/default/debug/_ext/1171490990/initialization.o
                0x000000000a002054                __config_0A002054

.config_0A002058.__config_0A002058%86
                0x000000000a002058        0x4
 .config_0A002058.__config_0A002058
                0x000000000a002058        0x4 build/default/debug/_ext/1171490990/initialization.o
                0x000000000a002058                __config_0A002058

.config_0A00205C.__config_0A00205C%87
                0x000000000a00205c        0x4
 .config_0A00205C.__config_0A00205C
                0x000000000a00205c        0x4 build/default/debug/_ext/1171490990/initialization.o
                0x000000000a00205c                __config_0A00205C

.config_0A002060.__config_0A002060%88
                0x000000000a002060        0x4
 .config_0A002060.__config_0A002060
                0x000000000a002060        0x4 build/default/debug/_ext/1171490990/initialization.o
                0x000000000a002060                __config_0A002060

.config_0A002064.__config_0A002064%89
                0x000000000a002064        0x4
 .config_0A002064.__config_0A002064
                0x000000000a002064        0x4 build/default/debug/_ext/1171490990/initialization.o
                0x000000000a002064                __config_0A002064

.config_0A002068.__config_0A002068%90
                0x000000000a002068        0x4
 .config_0A002068.__config_0A002068
                0x000000000a002068        0x4 build/default/debug/_ext/1171490990/initialization.o
                0x000000000a002068                __config_0A002068

.config_0A00206C.__config_0A00206C%91
                0x000000000a00206c        0x4
 .config_0A00206C.__config_0A00206C
                0x000000000a00206c        0x4 build/default/debug/_ext/1171490990/initialization.o
                0x000000000a00206c                __config_0A00206C

.config_0A002070.__config_0A002070%92
                0x000000000a002070        0x4
 .config_0A002070.__config_0A002070
                0x000000000a002070        0x4 build/default/debug/_ext/1171490990/initialization.o
                0x000000000a002070                __config_0A002070

.config_0A002074.__config_0A002074%93
                0x000000000a002074        0x4
 .config_0A002074.__config_0A002074
                0x000000000a002074        0x4 build/default/debug/_ext/1171490990/initialization.o
                0x000000000a002074                __config_0A002074

.config_0A002078.__config_0A002078%94
                0x000000000a002078        0x4
 .config_0A002078.__config_0A002078
                0x000000000a002078        0x4 build/default/debug/_ext/1171490990/initialization.o
                0x000000000a002078                __config_0A002078

.config_0A00207C.__config_0A00207C%95
                0x000000000a00207c        0x4
 .config_0A00207C.__config_0A00207C
                0x000000000a00207c        0x4 build/default/debug/_ext/1171490990/initialization.o
                0x000000000a00207c                __config_0A00207C

.config_0A002080.__config_0A002080%96
                0x000000000a002080        0x4
 .config_0A002080.__config_0A002080
                0x000000000a002080        0x4 build/default/debug/_ext/1171490990/initialization.o
                0x000000000a002080                __config_0A002080

.config_0A002084.__config_0A002084%97
                0x000000000a002084        0x4
 .config_0A002084.__config_0A002084
                0x000000000a002084        0x4 build/default/debug/_ext/1171490990/initialization.o
                0x000000000a002084                __config_0A002084

.config_0A002088.__config_0A002088%98
                0x000000000a002088        0x4
 .config_0A002088.__config_0A002088
                0x000000000a002088        0x4 build/default/debug/_ext/1171490990/initialization.o
                0x000000000a002088                __config_0A002088

.config_0A00208C.__config_0A00208C%99
                0x000000000a00208c        0x4
 .config_0A00208C.__config_0A00208C
                0x000000000a00208c        0x4 build/default/debug/_ext/1171490990/initialization.o
                0x000000000a00208c                __config_0A00208C

.config_0A002090.__config_0A002090%100
                0x000000000a002090        0x4
 .config_0A002090.__config_0A002090
                0x000000000a002090        0x4 build/default/debug/_ext/1171490990/initialization.o
                0x000000000a002090                __config_0A002090

.config_0A002094.__config_0A002094%101
                0x000000000a002094        0x4
 .config_0A002094.__config_0A002094
                0x000000000a002094        0x4 build/default/debug/_ext/1171490990/initialization.o
                0x000000000a002094                __config_0A002094

.config_0A002098.__config_0A002098%102
                0x000000000a002098        0x4
 .config_0A002098.__config_0A002098
                0x000000000a002098        0x4 build/default/debug/_ext/1171490990/initialization.o
                0x000000000a002098                __config_0A002098

.config_0A00209C.__config_0A00209C%103
                0x000000000a00209c        0x4
 .config_0A00209C.__config_0A00209C
                0x000000000a00209c        0x4 build/default/debug/_ext/1171490990/initialization.o
                0x000000000a00209c                __config_0A00209C

.config_0A0020A0.__config_0A0020A0%104
                0x000000000a0020a0        0x4
 .config_0A0020A0.__config_0A0020A0
                0x000000000a0020a0        0x4 build/default/debug/_ext/1171490990/initialization.o
                0x000000000a0020a0                __config_0A0020A0

.config_0A0020A4.__config_0A0020A4%105
                0x000000000a0020a4        0x4
 .config_0A0020A4.__config_0A0020A4
                0x000000000a0020a4        0x4 build/default/debug/_ext/1171490990/initialization.o
                0x000000000a0020a4                __config_0A0020A4

.config_0A0020A8.__config_0A0020A8%106
                0x000000000a0020a8        0x4
 .config_0A0020A8.__config_0A0020A8
                0x000000000a0020a8        0x4 build/default/debug/_ext/1171490990/initialization.o
                0x000000000a0020a8                __config_0A0020A8

.config_0A0020AC.__config_0A0020AC%107
                0x000000000a0020ac        0x4
 .config_0A0020AC.__config_0A0020AC
                0x000000000a0020ac        0x4 build/default/debug/_ext/1171490990/initialization.o
                0x000000000a0020ac                __config_0A0020AC

.config_0A0020B0.__config_0A0020B0%108
                0x000000000a0020b0        0x4
 .config_0A0020B0.__config_0A0020B0
                0x000000000a0020b0        0x4 build/default/debug/_ext/1171490990/initialization.o
                0x000000000a0020b0                __config_0A0020B0

.config_0A0020B4.__config_0A0020B4%109
                0x000000000a0020b4        0x4
 .config_0A0020B4.__config_0A0020B4
                0x000000000a0020b4        0x4 build/default/debug/_ext/1171490990/initialization.o
                0x000000000a0020b4                __config_0A0020B4

.config_0A0020B8.__config_0A0020B8%110
                0x000000000a0020b8        0x4
 .config_0A0020B8.__config_0A0020B8
                0x000000000a0020b8        0x4 build/default/debug/_ext/1171490990/initialization.o
                0x000000000a0020b8                __config_0A0020B8

.config_0A0020BC.__config_0A0020BC%111
                0x000000000a0020bc        0x4
 .config_0A0020BC.__config_0A0020BC
                0x000000000a0020bc        0x4 build/default/debug/_ext/1171490990/initialization.o
                0x000000000a0020bc                __config_0A0020BC

.config_0A0020C0.__config_0A0020C0%112
                0x000000000a0020c0        0x4
 .config_0A0020C0.__config_0A0020C0
                0x000000000a0020c0        0x4 build/default/debug/_ext/1171490990/initialization.o
                0x000000000a0020c0                __config_0A0020C0

.config_0A0020C4.__config_0A0020C4%113
                0x000000000a0020c4        0x4
 .config_0A0020C4.__config_0A0020C4
                0x000000000a0020c4        0x4 build/default/debug/_ext/1171490990/initialization.o
                0x000000000a0020c4                __config_0A0020C4

.config_0A0020C8.__config_0A0020C8%114
                0x000000000a0020c8        0x4
 .config_0A0020C8.__config_0A0020C8
                0x000000000a0020c8        0x4 build/default/debug/_ext/1171490990/initialization.o
                0x000000000a0020c8                __config_0A0020C8

.config_0A0020CC.__config_0A0020CC%115
                0x000000000a0020cc        0x4
 .config_0A0020CC.__config_0A0020CC
                0x000000000a0020cc        0x4 build/default/debug/_ext/1171490990/initialization.o
                0x000000000a0020cc                __config_0A0020CC

.config_0A0020D0.__config_0A0020D0%116
                0x000000000a0020d0        0x4
 .config_0A0020D0.__config_0A0020D0
                0x000000000a0020d0        0x4 build/default/debug/_ext/1171490990/initialization.o
                0x000000000a0020d0                __config_0A0020D0

.config_0A0020D4.__config_0A0020D4%117
                0x000000000a0020d4        0x4
 .config_0A0020D4.__config_0A0020D4
                0x000000000a0020d4        0x4 build/default/debug/_ext/1171490990/initialization.o
                0x000000000a0020d4                __config_0A0020D4

.config_0A0020D8.__config_0A0020D8%118
                0x000000000a0020d8        0x4
 .config_0A0020D8.__config_0A0020D8
                0x000000000a0020d8        0x4 build/default/debug/_ext/1171490990/initialization.o
                0x000000000a0020d8                __config_0A0020D8

.config_0A0020DC.__config_0A0020DC%119
                0x000000000a0020dc        0x4
 .config_0A0020DC.__config_0A0020DC
                0x000000000a0020dc        0x4 build/default/debug/_ext/1171490990/initialization.o
                0x000000000a0020dc                __config_0A0020DC

.config_0A0020E0.__config_0A0020E0%120
                0x000000000a0020e0        0x4
 .config_0A0020E0.__config_0A0020E0
                0x000000000a0020e0        0x4 build/default/debug/_ext/1171490990/initialization.o
                0x000000000a0020e0                __config_0A0020E0

.config_0A0020E4.__config_0A0020E4%121
                0x000000000a0020e4        0x4
 .config_0A0020E4.__config_0A0020E4
                0x000000000a0020e4        0x4 build/default/debug/_ext/1171490990/initialization.o
                0x000000000a0020e4                __config_0A0020E4

.config_0A0020E8.__config_0A0020E8%122
                0x000000000a0020e8        0x4
 .config_0A0020E8.__config_0A0020E8
                0x000000000a0020e8        0x4 build/default/debug/_ext/1171490990/initialization.o
                0x000000000a0020e8                __config_0A0020E8

.config_0A0020EC.__config_0A0020EC%123
                0x000000000a0020ec        0x4
 .config_0A0020EC.__config_0A0020EC
                0x000000000a0020ec        0x4 build/default/debug/_ext/1171490990/initialization.o
                0x000000000a0020ec                __config_0A0020EC

.config_0A0020F0.__config_0A0020F0%124
                0x000000000a0020f0        0x4
 .config_0A0020F0.__config_0A0020F0
                0x000000000a0020f0        0x4 build/default/debug/_ext/1171490990/initialization.o
                0x000000000a0020f0                __config_0A0020F0

.config_0A0020F4.__config_0A0020F4%125
                0x000000000a0020f4        0x4
 .config_0A0020F4.__config_0A0020F4
                0x000000000a0020f4        0x4 build/default/debug/_ext/1171490990/initialization.o
                0x000000000a0020f4                __config_0A0020F4

.config_0A0020F8.__config_0A0020F8%126
                0x000000000a0020f8        0x4
 .config_0A0020F8.__config_0A0020F8
                0x000000000a0020f8        0x4 build/default/debug/_ext/1171490990/initialization.o
                0x000000000a0020f8                __config_0A0020F8

.config_0A0020FC.__config_0A0020FC%127
                0x000000000a0020fc        0x4
 .config_0A0020FC.__config_0A0020FC
                0x000000000a0020fc        0x4 build/default/debug/_ext/1171490990/initialization.o
                0x000000000a0020fc                __config_0A0020FC

.config_0A002100.__config_0A002100%128
                0x000000000a002100        0x4
 .config_0A002100.__config_0A002100
                0x000000000a002100        0x4 build/default/debug/_ext/1171490990/initialization.o
                0x000000000a002100                __config_0A002100

.config_0A002110.__config_0A002110%129
                0x000000000a002110        0x4
 .config_0A002110.__config_0A002110
                0x000000000a002110        0x4 build/default/debug/_ext/1171490990/initialization.o
                0x000000000a002110                __config_0A002110

.config_0A002114.__config_0A002114%130
                0x000000000a002114        0x4
 .config_0A002114.__config_0A002114
                0x000000000a002114        0x4 build/default/debug/_ext/1171490990/initialization.o
                0x000000000a002114                __config_0A002114

.config_0A002118.__config_0A002118%131
                0x000000000a002118        0x4
 .config_0A002118.__config_0A002118
                0x000000000a002118        0x4 build/default/debug/_ext/1171490990/initialization.o
                0x000000000a002118                __config_0A002118

.config_0A00211C.__config_0A00211C%132
                0x000000000a00211c        0x4
 .config_0A00211C.__config_0A00211C
                0x000000000a00211c        0x4 build/default/debug/_ext/1171490990/initialization.o
                0x000000000a00211c                __config_0A00211C

.config_0A002120.__config_0A002120%133
                0x000000000a002120        0x4
 .config_0A002120.__config_0A002120
                0x000000000a002120        0x4 build/default/debug/_ext/1171490990/initialization.o
                0x000000000a002120                __config_0A002120

.config_0A008000.__config_0A008000%134
                0x000000000a008000        0x4
 .config_0A008000.__config_0A008000
                0x000000000a008000        0x4 build/default/debug/_ext/1171490990/initialization.o
                0x000000000a008000                __config_0A008000

.config_0A008004.__config_0A008004%135
                0x000000000a008004        0x4
 .config_0A008004.__config_0A008004
                0x000000000a008004        0x4 build/default/debug/_ext/1171490990/initialization.o
                0x000000000a008004                __config_0A008004

.config_0A008008.__config_0A008008%136
                0x000000000a008008        0x4
 .config_0A008008.__config_0A008008
                0x000000000a008008        0x4 build/default/debug/_ext/1171490990/initialization.o
                0x000000000a008008                __config_0A008008

.config_0A00800C.__config_0A00800C%137
                0x000000000a00800c        0x4
 .config_0A00800C.__config_0A00800C
                0x000000000a00800c        0x4 build/default/debug/_ext/1171490990/initialization.o
                0x000000000a00800c                __config_0A00800C

.config_0A008010.__config_0A008010%138
                0x000000000a008010        0x4
 .config_0A008010.__config_0A008010
                0x000000000a008010        0x4 build/default/debug/_ext/1171490990/initialization.o
                0x000000000a008010                __config_0A008010

.config_0A008014.__config_0A008014%139
                0x000000000a008014        0x4
 .config_0A008014.__config_0A008014
                0x000000000a008014        0x4 build/default/debug/_ext/1171490990/initialization.o
                0x000000000a008014                __config_0A008014

.config_0A008018.__config_0A008018%140
                0x000000000a008018        0x4
 .config_0A008018.__config_0A008018
                0x000000000a008018        0x4 build/default/debug/_ext/1171490990/initialization.o
                0x000000000a008018                __config_0A008018

.config_0A00801C.__config_0A00801C%141
                0x000000000a00801c        0x4
 .config_0A00801C.__config_0A00801C
                0x000000000a00801c        0x4 build/default/debug/_ext/1171490990/initialization.o
                0x000000000a00801c                __config_0A00801C

.config_0A008020.__config_0A008020%142
                0x000000000a008020        0x4
 .config_0A008020.__config_0A008020
                0x000000000a008020        0x4 build/default/debug/_ext/1171490990/initialization.o
                0x000000000a008020                __config_0A008020

.config_0A008024.__config_0A008024%143
                0x000000000a008024        0x4
 .config_0A008024.__config_0A008024
                0x000000000a008024        0x4 build/default/debug/_ext/1171490990/initialization.o
                0x000000000a008024                __config_0A008024

.config_0A008028.__config_0A008028%144
                0x000000000a008028        0x4
 .config_0A008028.__config_0A008028
                0x000000000a008028        0x4 build/default/debug/_ext/1171490990/initialization.o
                0x000000000a008028                __config_0A008028

.config_0A00802C.__config_0A00802C%145
                0x000000000a00802c        0x4
 .config_0A00802C.__config_0A00802C
                0x000000000a00802c        0x4 build/default/debug/_ext/1171490990/initialization.o
                0x000000000a00802c                __config_0A00802C

.config_0A008030.__config_0A008030%146
                0x000000000a008030        0x4
 .config_0A008030.__config_0A008030
                0x000000000a008030        0x4 build/default/debug/_ext/1171490990/initialization.o
                0x000000000a008030                __config_0A008030

.config_0A008034.__config_0A008034%147
                0x000000000a008034        0x4
 .config_0A008034.__config_0A008034
                0x000000000a008034        0x4 build/default/debug/_ext/1171490990/initialization.o
                0x000000000a008034                __config_0A008034

.config_0A008038.__config_0A008038%148
                0x000000000a008038        0x4
 .config_0A008038.__config_0A008038
                0x000000000a008038        0x4 build/default/debug/_ext/1171490990/initialization.o
                0x000000000a008038                __config_0A008038

.config_0A00803C.__config_0A00803C%149
                0x000000000a00803c        0x4
 .config_0A00803C.__config_0A00803C
                0x000000000a00803c        0x4 build/default/debug/_ext/1171490990/initialization.o
                0x000000000a00803c                __config_0A00803C

.config_0A008040.__config_0A008040%150
                0x000000000a008040        0x4
 .config_0A008040.__config_0A008040
                0x000000000a008040        0x4 build/default/debug/_ext/1171490990/initialization.o
                0x000000000a008040                __config_0A008040

.config_0A008044.__config_0A008044%151
                0x000000000a008044        0x4
 .config_0A008044.__config_0A008044
                0x000000000a008044        0x4 build/default/debug/_ext/1171490990/initialization.o
                0x000000000a008044                __config_0A008044

.config_0A008048.__config_0A008048%152
                0x000000000a008048        0x4
 .config_0A008048.__config_0A008048
                0x000000000a008048        0x4 build/default/debug/_ext/1171490990/initialization.o
                0x000000000a008048                __config_0A008048

.config_0A00804C.__config_0A00804C%153
                0x000000000a00804c        0x4
 .config_0A00804C.__config_0A00804C
                0x000000000a00804c        0x4 build/default/debug/_ext/1171490990/initialization.o
                0x000000000a00804c                __config_0A00804C

.config_0A008054.__config_0A008054%154
                0x000000000a008054        0x4
 .config_0A008054.__config_0A008054
                0x000000000a008054        0x4 build/default/debug/_ext/1171490990/initialization.o
                0x000000000a008054                __config_0A008054

.config_0A008058.__config_0A008058%155
                0x000000000a008058        0x4
 .config_0A008058.__config_0A008058
                0x000000000a008058        0x4 build/default/debug/_ext/1171490990/initialization.o
                0x000000000a008058                __config_0A008058

.config_0A00805C.__config_0A00805C%156
                0x000000000a00805c        0x4
 .config_0A00805C.__config_0A00805C
                0x000000000a00805c        0x4 build/default/debug/_ext/1171490990/initialization.o
                0x000000000a00805c                __config_0A00805C

.config_0A008060.__config_0A008060%157
                0x000000000a008060        0x4
 .config_0A008060.__config_0A008060
                0x000000000a008060        0x4 build/default/debug/_ext/1171490990/initialization.o
                0x000000000a008060                __config_0A008060

.config_0A008064.__config_0A008064%158
                0x000000000a008064        0x4
 .config_0A008064.__config_0A008064
                0x000000000a008064        0x4 build/default/debug/_ext/1171490990/initialization.o
                0x000000000a008064                __config_0A008064

.config_0A00A000.__config_0A00A000%159
                0x000000000a00a000        0x4
 .config_0A00A000.__config_0A00A000
                0x000000000a00a000        0x4 build/default/debug/_ext/1171490990/initialization.o
                0x000000000a00a000                __config_0A00A000

.config_0A00A004.__config_0A00A004%160
                0x000000000a00a004        0x4
 .config_0A00A004.__config_0A00A004
                0x000000000a00a004        0x4 build/default/debug/_ext/1171490990/initialization.o
                0x000000000a00a004                __config_0A00A004

.config_0A00A008.__config_0A00A008%161
                0x000000000a00a008        0x4
 .config_0A00A008.__config_0A00A008
                0x000000000a00a008        0x4 build/default/debug/_ext/1171490990/initialization.o
                0x000000000a00a008                __config_0A00A008

.config_0A00A020.__config_0A00A020%162
                0x000000000a00a020        0x4
 .config_0A00A020.__config_0A00A020
                0x000000000a00a020        0x4 build/default/debug/_ext/1171490990/initialization.o
                0x000000000a00a020                __config_0A00A020

.config_0A00A024.__config_0A00A024%163
                0x000000000a00a024        0x4
 .config_0A00A024.__config_0A00A024
                0x000000000a00a024        0x4 build/default/debug/_ext/1171490990/initialization.o
                0x000000000a00a024                __config_0A00A024

.config_0A00A028.__config_0A00A028%164
                0x000000000a00a028        0x4
 .config_0A00A028.__config_0A00A028
                0x000000000a00a028        0x4 build/default/debug/_ext/1171490990/initialization.o
                0x000000000a00a028                __config_0A00A028

.config_0A00A02C.__config_0A00A02C%165
                0x000000000a00a02c        0x4
 .config_0A00A02C.__config_0A00A02C
                0x000000000a00a02c        0x4 build/default/debug/_ext/1171490990/initialization.o
                0x000000000a00a02c                __config_0A00A02C

.config_0A00A030.__config_0A00A030%166
                0x000000000a00a030        0x4
 .config_0A00A030.__config_0A00A030
                0x000000000a00a030        0x4 build/default/debug/_ext/1171490990/initialization.o
                0x000000000a00a030                __config_0A00A030

.config_0A00A034.__config_0A00A034%167
                0x000000000a00a034        0x4
 .config_0A00A034.__config_0A00A034
                0x000000000a00a034        0x4 build/default/debug/_ext/1171490990/initialization.o
                0x000000000a00a034                __config_0A00A034

.config_0A00A038.__config_0A00A038%168
                0x000000000a00a038        0x4
 .config_0A00A038.__config_0A00A038
                0x000000000a00a038        0x4 build/default/debug/_ext/1171490990/initialization.o
                0x000000000a00a038                __config_0A00A038

.config_0A00A03C.__config_0A00A03C%169
                0x000000000a00a03c        0x4
 .config_0A00A03C.__config_0A00A03C
                0x000000000a00a03c        0x4 build/default/debug/_ext/1171490990/initialization.o
                0x000000000a00a03c                __config_0A00A03C

.config_0A00A040.__config_0A00A040%170
                0x000000000a00a040        0x4
 .config_0A00A040.__config_0A00A040
                0x000000000a00a040        0x4 build/default/debug/_ext/1171490990/initialization.o
                0x000000000a00a040                __config_0A00A040

.config_0A00A044.__config_0A00A044%171
                0x000000000a00a044        0x4
 .config_0A00A044.__config_0A00A044
                0x000000000a00a044        0x4 build/default/debug/_ext/1171490990/initialization.o
                0x000000000a00a044                __config_0A00A044

.config_0A00A048.__config_0A00A048%172
                0x000000000a00a048        0x4
 .config_0A00A048.__config_0A00A048
                0x000000000a00a048        0x4 build/default/debug/_ext/1171490990/initialization.o
                0x000000000a00a048                __config_0A00A048

.config_0A00A04C.__config_0A00A04C%173
                0x000000000a00a04c        0x4
 .config_0A00A04C.__config_0A00A04C
                0x000000000a00a04c        0x4 build/default/debug/_ext/1171490990/initialization.o
                0x000000000a00a04c                __config_0A00A04C

.config_0A00A050.__config_0A00A050%174
                0x000000000a00a050        0x4
 .config_0A00A050.__config_0A00A050
                0x000000000a00a050        0x4 build/default/debug/_ext/1171490990/initialization.o
                0x000000000a00a050                __config_0A00A050

.config_0A00A054.__config_0A00A054%175
                0x000000000a00a054        0x4
 .config_0A00A054.__config_0A00A054
                0x000000000a00a054        0x4 build/default/debug/_ext/1171490990/initialization.o
                0x000000000a00a054                __config_0A00A054

.config_0A00A058.__config_0A00A058%176
                0x000000000a00a058        0x4
 .config_0A00A058.__config_0A00A058
                0x000000000a00a058        0x4 build/default/debug/_ext/1171490990/initialization.o
                0x000000000a00a058                __config_0A00A058

.config_0A00A05C.__config_0A00A05C%177
                0x000000000a00a05c        0x4
 .config_0A00A05C.__config_0A00A05C
                0x000000000a00a05c        0x4 build/default/debug/_ext/1171490990/initialization.o
                0x000000000a00a05c                __config_0A00A05C

.config_0A00A060.__config_0A00A060%178
                0x000000000a00a060        0x4
 .config_0A00A060.__config_0A00A060
                0x000000000a00a060        0x4 build/default/debug/_ext/1171490990/initialization.o
                0x000000000a00a060                __config_0A00A060

.config_0A00A064.__config_0A00A064%179
                0x000000000a00a064        0x4
 .config_0A00A064.__config_0A00A064
                0x000000000a00a064        0x4 build/default/debug/_ext/1171490990/initialization.o
                0x000000000a00a064                __config_0A00A064

.config_0A00A068.__config_0A00A068%180
                0x000000000a00a068        0x4
 .config_0A00A068.__config_0A00A068
                0x000000000a00a068        0x4 build/default/debug/_ext/1171490990/initialization.o
                0x000000000a00a068                __config_0A00A068

.config_0A00A06C.__config_0A00A06C%181
                0x000000000a00a06c        0x4
 .config_0A00A06C.__config_0A00A06C
                0x000000000a00a06c        0x4 build/default/debug/_ext/1171490990/initialization.o
                0x000000000a00a06c                __config_0A00A06C

.config_0A00A070.__config_0A00A070%182
                0x000000000a00a070        0x4
 .config_0A00A070.__config_0A00A070
                0x000000000a00a070        0x4 build/default/debug/_ext/1171490990/initialization.o
                0x000000000a00a070                __config_0A00A070

.config_0A00A074.__config_0A00A074%183
                0x000000000a00a074        0x4
 .config_0A00A074.__config_0A00A074
                0x000000000a00a074        0x4 build/default/debug/_ext/1171490990/initialization.o
                0x000000000a00a074                __config_0A00A074

.config_0A00A078.__config_0A00A078%184
                0x000000000a00a078        0x4
 .config_0A00A078.__config_0A00A078
                0x000000000a00a078        0x4 build/default/debug/_ext/1171490990/initialization.o
                0x000000000a00a078                __config_0A00A078

.config_0A00A07C.__config_0A00A07C%185
                0x000000000a00a07c        0x4
 .config_0A00A07C.__config_0A00A07C
                0x000000000a00a07c        0x4 build/default/debug/_ext/1171490990/initialization.o
                0x000000000a00a07c                __config_0A00A07C

.config_0A00A080.__config_0A00A080%186
                0x000000000a00a080        0x4
 .config_0A00A080.__config_0A00A080
                0x000000000a00a080        0x4 build/default/debug/_ext/1171490990/initialization.o
                0x000000000a00a080                __config_0A00A080

.config_0A00A084.__config_0A00A084%187
                0x000000000a00a084        0x4
 .config_0A00A084.__config_0A00A084
                0x000000000a00a084        0x4 build/default/debug/_ext/1171490990/initialization.o
                0x000000000a00a084                __config_0A00A084

.config_0A00A088.__config_0A00A088%188
                0x000000000a00a088        0x4
 .config_0A00A088.__config_0A00A088
                0x000000000a00a088        0x4 build/default/debug/_ext/1171490990/initialization.o
                0x000000000a00a088                __config_0A00A088

.config_0A00A08C.__config_0A00A08C%189
                0x000000000a00a08c        0x4
 .config_0A00A08C.__config_0A00A08C
                0x000000000a00a08c        0x4 build/default/debug/_ext/1171490990/initialization.o
                0x000000000a00a08c                __config_0A00A08C

.config_0A00A090.__config_0A00A090%190
                0x000000000a00a090        0x4
 .config_0A00A090.__config_0A00A090
                0x000000000a00a090        0x4 build/default/debug/_ext/1171490990/initialization.o
                0x000000000a00a090                __config_0A00A090

.config_0A00A094.__config_0A00A094%191
                0x000000000a00a094        0x4
 .config_0A00A094.__config_0A00A094
                0x000000000a00a094        0x4 build/default/debug/_ext/1171490990/initialization.o
                0x000000000a00a094                __config_0A00A094

.config_0A00A098.__config_0A00A098%192
                0x000000000a00a098        0x4
 .config_0A00A098.__config_0A00A098
                0x000000000a00a098        0x4 build/default/debug/_ext/1171490990/initialization.o
                0x000000000a00a098                __config_0A00A098

.config_0A00A09C.__config_0A00A09C%193
                0x000000000a00a09c        0x4
 .config_0A00A09C.__config_0A00A09C
                0x000000000a00a09c        0x4 build/default/debug/_ext/1171490990/initialization.o
                0x000000000a00a09c                __config_0A00A09C

.config_0A00A0A0.__config_0A00A0A0%194
                0x000000000a00a0a0        0x4
 .config_0A00A0A0.__config_0A00A0A0
                0x000000000a00a0a0        0x4 build/default/debug/_ext/1171490990/initialization.o
                0x000000000a00a0a0                __config_0A00A0A0

.config_0A00A0A4.__config_0A00A0A4%195
                0x000000000a00a0a4        0x4
 .config_0A00A0A4.__config_0A00A0A4
                0x000000000a00a0a4        0x4 build/default/debug/_ext/1171490990/initialization.o
                0x000000000a00a0a4                __config_0A00A0A4

.config_0A00A0A8.__config_0A00A0A8%196
                0x000000000a00a0a8        0x4
 .config_0A00A0A8.__config_0A00A0A8
                0x000000000a00a0a8        0x4 build/default/debug/_ext/1171490990/initialization.o
                0x000000000a00a0a8                __config_0A00A0A8
