Archive member included to satisfy reference by file (symbol)

c:/program files/microchip/xc32/v4.60/bin/bin/../../lib/gcc/pic32c/8.3.1/../../../../pic32c/lib/thumb/v8-m.main+fp/hard\libpic32c.a(data_init.o)
                              build/default/debug/_ext/1171490990/startup_xc32.o (__pic32c_data_initialization)
c:/program files/microchip/xc32/v4.60/bin/bin/../../lib/gcc/pic32c/8.3.1/../../../../pic32c/lib/thumb/v8-m.main+fp/hard\libg-musl.a(__libc_start_main.o)
                              build/default/debug/_ext/1171490990/startup_xc32.o (__libc_init_array)
c:/program files/microchip/xc32/v4.60/bin/bin/../../lib/gcc/pic32c/8.3.1/../../../../pic32c/lib/thumb/v8-m.main+fp/hard\libg-musl.a(libc.o)
                              c:/program files/microchip/xc32/v4.60/bin/bin/../../lib/gcc/pic32c/8.3.1/../../../../pic32c/lib/thumb/v8-m.main+fp/hard\libg-musl.a(__libc_start_main.o) (__progname_full)
c:/program files/microchip/xc32/v4.60/bin/bin/../../lib/gcc/pic32c/8.3.1/../../../../pic32c/lib/thumb/v8-m.main+fp/hard\libg-musl.a(__environ.o)
                              c:/program files/microchip/xc32/v4.60/bin/bin/../../lib/gcc/pic32c/8.3.1/../../../../pic32c/lib/thumb/v8-m.main+fp/hard\libg-musl.a(__libc_start_main.o) (__environ)
c:/program files/microchip/xc32/v4.60/bin/bin/../../lib/gcc/pic32c/8.3.1/../../../../pic32c/lib/thumb/v8-m.main+fp/hard\libpic32c.a(pic32_data_init_clear.o)
                              (__dinit_clear_needed)
c:/program files/microchip/xc32/v4.60/bin/bin/../../lib/gcc/pic32c/8.3.1/../../../../pic32c/lib/thumb/v8-m.main+fp/hard\libpic32c.a(pic32_data_init_copy.o)
                              (__dinit_copy_needed)

Microchip PIC32 Memory-Usage Report

ROM Program-Memory Usage
section                    address  length [bytes]      (dec)  Description
-------                 ----------  -------------------------  -----------
.text                    0xc000000           0x20          32  App's exec code 
.text.main               0xc000020           0xb0         176   
.text.CLOCK_Initialize   0xc0000d0           0xac         172   
.text.Reset_Handler      0xc00017c           0x8c         140   
.text.EIC_Initialize     0xc000208           0x84         132   
.dinit                   0xc00028c           0x70         112   
.text.__libc_start_init  0xc0002fc           0x5c          92   
.text.delay_ms           0xc000358           0x44          68   
.text.PORT_Initialize    0xc00039c           0x42          66   
.text.Dummy_App_Func     0xc0003de            0x2           2   
.text                    0xc0003e0           0x40          64  App's exec code 
.text.NVIC_Initialize    0xc000420           0x40          64   
.text.__pic32c_data_ini  0xc000460           0x38          56   
.text.EIC_CallbackRegis  0xc000498           0x30          48   
.text.EIC_EXTINT_8_Inte  0xc0004c8           0x24          36   
.text.EIC_EXTINT_9_Inte  0xc0004ec           0x24          36   
.text.__dinit_copy       0xc000510           0x1e          30   
.text.SYS_Initialize     0xc00052e           0x1c          28   
.text.__dummy_init_tls   0xc00054a            0x2           2   
.text.EIC_Pin9_Handler   0xc00054c           0x18          24   
.rodata                  0xc000564           0x14          20  Read-only const 
.text.__dinit_clear      0xc000578           0x12          18   
.text.__dummy            0xc00058a            0x2           2   
.text.EVSYS_Initialize   0xc00058c           0x10          16   
.text.PM_Initialize      0xc00059c           0x10          16   
.text.EIC_Pin8_Handler   0xc0005ac           0x10          16   
.text.Dummy_Handler      0xc0005bc            0x4           4   
.text.NonMaskableInt_Ha  0xc0005c0            0x4           4   
.text.HardFault_Handler  0xc0005c4            0x4           4   
.text.__dummy_decompres  0xc0005c8            0x4           4   
      Total ROM used  :       0x5cc        1484  0.1% of 0x100000
        --------------------------------------------------------------------------
         Total Program Memory used  :       0x5cc        1484  0.1% of 0x100000
        --------------------------------------------------------------------------


RAM Data-Memory Usage
section                    address  length [bytes]      (dec)  Description
-------                 ----------  -------------------------  -----------
.bss.eicCallbackObject  0x20000000           0xc0         192   
.bss                    0x200000c0           0x50          80  Uninitialized data 
.bss                    0x20000110           0x1c          28  Uninitialized data 
.bss.count              0x2000012c            0x4           4   
.bss.i                  0x20000130            0x4           4   
.bss.ms                 0x20000134            0x4           4   
.bss                    0x20000138            0x4           4  Uninitialized data 
.bss                    0x2000013c            0x4           4  Uninitialized data 
[...]
Memory Configuration

Name             Origin             Length             Attributes
boot_rom         0x0000000008000000 0x0000000000020000 xrl
rom              0x000000000c000000 0x0000000000100000 xrl
ram              0x0000000020000000 0x0000000000040000 xw !r
tcm              0x0000000000000000 0x0000000000000000 xw
*default*        0x0000000000000000 0xffffffffffffffff

Linker script and memory map

LOAD c:/program files/microchip/xc32/v4.60/bin/bin/../../lib/gcc/pic32c/8.3.1/thumb/v8-m.main+fp/hard/crti.o
LOAD c:/program files/microchip/xc32/v4.60/bin/bin/../../lib/gcc/pic32c/8.3.1/thumb/v8-m.main+fp/hard/crtbegin.o
LOAD build/default/debug/_ext/1984496892/plib_clock.o
LOAD build/default/debug/_ext/1865131932/plib_cmcc.o
LOAD build/default/debug/_ext/60167341/plib_eic.o
LOAD build/default/debug/_ext/1986646378/plib_evsys.o
LOAD build/default/debug/_ext/1865468468/plib_nvic.o
LOAD build/default/debug/_ext/829342769/plib_pm.o
LOAD build/default/debug/_ext/1865521619/plib_port.o
LOAD build/default/debug/_ext/163028504/xc32_monitor.o
LOAD build/default/debug/_ext/1171490990/initialization.o
LOAD build/default/debug/_ext/1171490990/libc_syscalls.o
LOAD build/default/debug/_ext/1171490990/interrupts.o
LOAD build/default/debug/_ext/1171490990/exceptions.o
LOAD build/default/debug/_ext/1171490990/startup_xc32.o
LOAD build/default/debug/_ext/1360937237/main.o
                0x0000000000000001                __MPLAB_BUILD = 0x1
                0x000000000c100000                __rom_end = (ORIGIN (rom) + LENGTH (rom))
                0x0000000020040000                __ram_end = (ORIGIN (ram) + LENGTH (ram))

.vectors        0x0000000008000000      0x2b8
                0x0000000008000000                . = ALIGN (0x4)
                0x0000000008000000                _sfixed = .
 *(.vectors .vectors.* .vectors_default .vectors_default.*)
 .vectors.exception_table
                0x0000000008000000      0x2b8 build/default/debug/_ext/1171490990/interrupts.o
                0x0000000008000000                exception_table
 *(.isr_vector)
 *(.reset*)
 *(.after_vectors)

.text           0x000000000c000000       0x20
                0x000000000c000000                . = ALIGN (0x4)
 *(.glue_7t)
 .glue_7t       0x000000000c000000        0x0 linker stubs
 *(.glue_7)
 .glue_7        0x000000000c000000        0x0 linker stubs
 *(.gnu.linkonce.r.*)
 *(.ARM.extab* .gnu.linkonce.armextab.*)
                0x000000000c000000                . = ALIGN (0x4)
 *(.init)
 .init          0x000000000c000000        0x4 c:/program files/microchip/xc32/v4.60/bin/bin/../../lib/gcc/pic32c/8.3.1/thumb/v8-m.main+fp/hard/crti.o
                0x000000000c000000                _init
 .init          0x000000000c000004        0x8 c:/program files/microchip/xc32/v4.60/bin/bin/../../lib/gcc/pic32c/8.3.1/thumb/v8-m.main+fp/hard/crtn.o
                0x000000000c00000c                . = ALIGN (0x4)
                0x000000000c00000c                __preinit_array_start = .
 *(.preinit_array)
                0x000000000c00000c                __preinit_array_end = .
                0x000000000c00000c                . = ALIGN (0x4)
                0x000000000c00000c                __init_array_start = .
 *(SORT_BY_NAME(.init_array.*))
 *(.init_array)
 .init_array    0x000000000c00000c        0x4 c:/program files/microchip/xc32/v4.60/bin/bin/../../lib/gcc/pic32c/8.3.1/thumb/v8-m.main+fp/hard/crtbegin.o
                0x000000000c000010                __init_array_end = .
                0x000000000c000010                . = ALIGN (0x4)
 *crtbegin.o(.ctors)
 *(EXCLUDE_FILE(*crtend.o) .ctors)
 *(SORT_BY_NAME(.ctors.*))
 *crtend.o(.ctors)
                0x000000000c000010                . = ALIGN (0x4)
 *(.fini)
 .fini          0x000000000c000010        0x4 c:/program files/microchip/xc32/v4.60/bin/bin/../../lib/gcc/pic32c/8.3.1/thumb/v8-m.main+fp/hard/crti.o
                0x000000000c000010                _fini
 .fini          0x000000000c000014        0x8 c:/program files/microchip/xc32/v4.60/bin/bin/../../lib/gcc/pic32c/8.3.1/thumb/v8-m.main+fp/hard/crtn.o
                0x000000000c00001c                . = ALIGN (0x4)
                0x000000000c00001c                __fini_array_start = .
 *(.fini_array)
 .fini_array    0x000000000c00001c        0x4 c:/program files/microchip/xc32/v4.60/bin/bin/../../lib/gcc/pic32c/8.3.1/thumb/v8-m.main+fp/hard/crtbegin.o
 *(SORT_BY_NAME(.fini_array.*))
                0x000000000c000020                __fini_array_end = .
 *crtbegin.o(.dtors)
 *(EXCLUDE_FILE(*crtend.o) .dtors)
 *(SORT_BY_NAME(.dtors.*))
 *crtend.o(.dtors)
                0x000000000c000020                . = ALIGN (0x4)
                0x000000000c000020                _efixed = .
                [!provide]                        PROVIDE (__exidx_start = .)

.ARM.exidx
 *(.ARM.exidx* .gnu.linkonce.armexidx.*)
                [!provide]                        PROVIDE (__exidx_end = .)
                0x000000000c000020                . = ALIGN (0x4)
                0x000000000c000020                _etext = .

.bss            0x0000000020000000        0x0
                0x0000000020000000                . = ALIGN (0x4)
                0x0000000020000000                __bss_start__ = .
                0x0000000020000000                _sbss = .
                0x0000000020000000                _szero = .
 *(COMMON)
                0x0000000020000000                . = ALIGN (0x4)
                0x0000000020000000                __bss_end__ = .
                0x0000000020000000                _ebss = .
                0x0000000020000000                _ezero = .
                0x0000000020000000                . = ALIGN (0x4)
                0x0000000020000000                _end = .
                0x000000002003ffff                _ram_end_ = ((ORIGIN (ram) + LENGTH (ram)) - 0x1)
                0x0000000000000001                __ICD2RAM = 0x1
                0x0000000000000001                __MPLAB_DEBUG = 0x1
                0x0000000000000001                __DEBUG = 0x1
                0x0000000000000400                _min_heap_size = 0x400
START GROUP
LOAD c:/program files/microchip/xc32/v4.60/bin/bin/../../lib/gcc/pic32c/8.3.1/../../../../pic32c/lib/thumb/v8-m.main+fp/hard\libpic32c.a
LOAD c:/program files/microchip/xc32/v4.60/bin/bin/../../lib/gcc/pic32c/8.3.1/../../../../pic32c/lib/thumb/v8-m.main+fp/hard\libc-size-musl.a
LOAD c:/program files/microchip/xc32/v4.60/bin/bin/../../lib/gcc/pic32c/8.3.1/../../../../pic32c/lib/thumb/v8-m.main+fp/hard\liblmalloc-musl.a
LOAD c:/program files/microchip/xc32/v4.60/bin/bin/../../lib/gcc/pic32c/8.3.1/../../../../pic32c/lib/thumb/v8-m.main+fp/hard\libm-fast-emfloat.a
LOAD c:/program files/microchip/xc32/v4.60/bin/bin/../../lib/gcc/pic32c/8.3.1/../../../../pic32c/lib/thumb/v8-m.main+fp/hard\libm-musl.a
LOAD c:/program files/microchip/xc32/v4.60/bin/bin/../../lib/gcc/pic32c/8.3.1/../../../../pic32c/lib/thumb/v8-m.main+fp/hard\libg-musl.a
LOAD c:/program files/microchip/xc32/v4.60/bin/bin/../../lib/gcc/pic32c/8.3.1/../../../../pic32c/lib/thumb/v8-m.main+fp/hard\libc-musl.a
LOAD c:/program files/microchip/xc32/v4.60/bin/bin/../../lib/gcc/pic32c/8.3.1/../../../../pic32c/lib/thumb/v8-m.main+fp/hard\libm-fast-emfloat.a
LOAD c:/program files/microchip/xc32/v4.60/bin/bin/../../lib/gcc/pic32c/8.3.1/../../../../pic32c/lib/thumb/v8-m.main+fp/hard\libm-musl.a
LOAD c:/program files/microchip/xc32/v4.60/bin/bin/../../lib/gcc/pic32c/8.3.1/thumb/v8-m.main+fp/hard\libgcc.a
END GROUP
LOAD c:/program files/microchip/xc32/v4.60/bin/bin/../../lib/gcc/pic32c/8.3.1/thumb/v8-m.main+fp/hard/crtend.o
LOAD c:/program files/microchip/xc32/v4.60/bin/bin/../../lib/gcc/pic32c/8.3.1/thumb/v8-m.main+fp/hard/crtn.o
OUTPUT(dist/default/debug/624_Function_Testing.X.debug.elf elf32-littlearm)
LOAD data_init
LOAD stack

.ARM.attributes
                0x0000000000000000       0x3a
 .ARM.attributes
                0x0000000000000000       0x22 c:/program files/microchip/xc32/v4.60/bin/bin/../../lib/gcc/pic32c/8.3.1/thumb/v8-m.main+fp/hard/crti.o
 .ARM.attributes
                0x0000000000000022       0x38 c:/program files/microchip/xc32/v4.60/bin/bin/../../lib/gcc/pic32c/8.3.1/thumb/v8-m.main+fp/hard/crtbegin.o
 .ARM.attributes
                0x000000000000005a       0x3a build/default/debug/_ext/1984496892/plib_clock.o
 .ARM.attributes
                0x0000000000000094       0x3a build/default/debug/_ext/60167341/plib_eic.o
 .ARM.attributes
                0x00000000000000ce       0x3a build/default/debug/_ext/1986646378/plib_evsys.o
 .ARM.attributes
                0x0000000000000108       0x3a build/default/debug/_ext/1865468468/plib_nvic.o
 .ARM.attributes
                0x0000000000000142       0x3a build/default/debug/_ext/829342769/plib_pm.o
 .ARM.attributes
                0x000000000000017c       0x3a build/default/debug/_ext/1865521619/plib_port.o
 .ARM.attributes
                0x00000000000001b6       0x3a build/default/debug/_ext/1171490990/initialization.o
 .ARM.attributes
                0x00000000000001f0       0x3a build/default/debug/_ext/1171490990/interrupts.o
 .ARM.attributes
                0x000000000000022a       0x3a build/default/debug/_ext/1171490990/exceptions.o
 .ARM.attributes
                0x0000000000000264       0x3a build/default/debug/_ext/1171490990/startup_xc32.o
 .ARM.attributes
                0x000000000000029e       0x3a build/default/debug/_ext/1360937237/main.o
 .ARM.attributes
                0x00000000000002d8       0x38 c:/program files/microchip/xc32/v4.60/bin/bin/../../lib/gcc/pic32c/8.3.1/../../../../pic32c/lib/thumb/v8-m.main+fp/hard\libpic32c.a(data_init.o)
 .ARM.attributes
                0x0000000000000310       0x3a c:/program files/microchip/xc32/v4.60/bin/bin/../../lib/gcc/pic32c/8.3.1/../../../../pic32c/lib/thumb/v8-m.main+fp/hard\libg-musl.a(__libc_start_main.o)
 .ARM.attributes
                0x000000000000034a       0x38 c:/program files/microchip/xc32/v4.60/bin/bin/../../lib/gcc/pic32c/8.3.1/../../../../pic32c/lib/thumb/v8-m.main+fp/hard\libg-musl.a(libc.o)
 .ARM.attributes
                0x0000000000000382       0x38 c:/program files/microchip/xc32/v4.60/bin/bin/../../lib/gcc/pic32c/8.3.1/../../../../pic32c/lib/thumb/v8-m.main+fp/hard\libg-musl.a(__environ.o)
 .ARM.attributes
                0x00000000000003ba       0x22 c:/program files/microchip/xc32/v4.60/bin/bin/../../lib/gcc/pic32c/8.3.1/thumb/v8-m.main+fp/hard/crtn.o
 .ARM.attributes
                0x00000000000003dc       0x38 c:/program files/microchip/xc32/v4.60/bin/bin/../../lib/gcc/pic32c/8.3.1/../../../../pic32c/lib/thumb/v8-m.main+fp/hard\libpic32c.a(pic32_data_init_clear.o)
 .ARM.attributes
                0x0000000000000414       0x38 c:/program files/microchip/xc32/v4.60/bin/bin/../../lib/gcc/pic32c/8.3.1/../../../../pic32c/lib/thumb/v8-m.main+fp/hard\libpic32c.a(pic32_data_init_copy.o)

.comment        0x0000000000000000       0x2b
 .comment       0x0000000000000000       0x2b c:/program files/microchip/xc32/v4.60/bin/bin/../../lib/gcc/pic32c/8.3.1/thumb/v8-m.main+fp/hard/crtbegin.o
                                         0x2c (size before relaxing)
 .comment       0x000000000000002b       0x2c build/default/debug/_ext/1984496892/plib_clock.o
 .comment       0x000000000000002b       0x2c build/default/debug/_ext/60167341/plib_eic.o
 .comment       0x000000000000002b       0x2c build/default/debug/_ext/1986646378/plib_evsys.o
 .comment       0x000000000000002b       0x2c build/default/debug/_ext/1865468468/plib_nvic.o
 .comment       0x000000000000002b       0x2c build/default/debug/_ext/829342769/plib_pm.o
 .comment       0x000000000000002b       0x2c build/default/debug/_ext/1865521619/plib_port.o
 .comment       0x000000000000002b       0x2c build/default/debug/_ext/1171490990/initialization.o
 .comment       0x000000000000002b       0x2c build/default/debug/_ext/1171490990/interrupts.o
 .comment       0x000000000000002b       0x2c build/default/debug/_ext/1171490990/exceptions.o
 .comment       0x000000000000002b       0x2c build/default/debug/_ext/1171490990/startup_xc32.o
 .comment       0x000000000000002b       0x2c build/default/debug/_ext/1360937237/main.o
 .comment       0x000000000000002b       0x2c c:/program files/microchip/xc32/v4.60/bin/bin/../../lib/gcc/pic32c/8.3.1/../../../../pic32c/lib/thumb/v8-m.main+fp/hard\libpic32c.a(data_init.o)
 .comment       0x000000000000002b       0x2c c:/program files/microchip/xc32/v4.60/bin/bin/../../lib/gcc/pic32c/8.3.1/../../../../pic32c/lib/thumb/v8-m.main+fp/hard\libg-musl.a(__libc_start_main.o)
 .comment       0x000000000000002b       0x2c c:/program files/microchip/xc32/v4.60/bin/bin/../../lib/gcc/pic32c/8.3.1/../../../../pic32c/lib/thumb/v8-m.main+fp/hard\libg-musl.a(libc.o)
 .comment       0x000000000000002b       0x2c c:/program files/microchip/xc32/v4.60/bin/bin/../../lib/gcc/pic32c/8.3.1/../../../../pic32c/lib/thumb/v8-m.main+fp/hard\libg-musl.a(__environ.o)
 .comment       0x000000000000002b       0x2c c:/program files/microchip/xc32/v4.60/bin/bin/../../lib/gcc/pic32c/8.3.1/../../../../pic32c/lib/thumb/v8-m.main+fp/hard\libpic32c.a(pic32_data_init_clear.o)
 .comment       0x000000000000002b       0x2c c:/program files/microchip/xc32/v4.60/bin/bin/../../lib/gcc/pic32c/8.3.1/../../../../pic32c/lib/thumb/v8-m.main+fp/hard\libpic32c.a(pic32_data_init_copy.o)

.debug_info     0x0000000000000000     0x43c2
 .debug_info    0x0000000000000000      0x5c7 build/default/debug/_ext/1984496892/plib_clock.o
 .debug_info    0x00000000000005c7      0x3e5 build/default/debug/_ext/60167341/plib_eic.o
 .debug_info    0x00000000000009ac      0x399 build/default/debug/_ext/1986646378/plib_evsys.o
 .debug_info    0x0000000000000d45      0xd3d build/default/debug/_ext/1865468468/plib_nvic.o
 .debug_info    0x0000000000001a82      0x221 build/default/debug/_ext/829342769/plib_pm.o
 .debug_info    0x0000000000001ca3      0x6c4 build/default/debug/_ext/1865521619/plib_port.o
 .debug_info    0x0000000000002367      0x144 build/default/debug/_ext/1171490990/initialization.o
 .debug_info    0x00000000000024ab      0xbcd build/default/debug/_ext/1171490990/interrupts.o
 .debug_info    0x0000000000003078       0xb3 build/default/debug/_ext/1171490990/exceptions.o
 .debug_info    0x000000000000312b      0x739 build/default/debug/_ext/1171490990/startup_xc32.o
 .debug_info    0x0000000000003864      0x46f build/default/debug/_ext/1360937237/main.o
 .debug_info    0x0000000000003cd3       0x68 c:/program files/microchip/xc32/v4.60/bin/bin/../../lib/gcc/pic32c/8.3.1/../../../../pic32c/lib/thumb/v8-m.main+fp/hard\libpic32c.a(data_init.o)
 .debug_info    0x0000000000003d3b      0x2fb c:/program files/microchip/xc32/v4.60/bin/bin/../../lib/gcc/pic32c/8.3.1/../../../../pic32c/lib/thumb/v8-m.main+fp/hard\libg-musl.a(__libc_start_main.o)
 .debug_info    0x0000000000004036      0x276 c:/program files/microchip/xc32/v4.60/bin/bin/../../lib/gcc/pic32c/8.3.1/../../../../pic32c/lib/thumb/v8-m.main+fp/hard\libg-musl.a(libc.o)
 .debug_info    0x00000000000042ac       0x97 c:/program files/microchip/xc32/v4.60/bin/bin/../../lib/gcc/pic32c/8.3.1/../../../../pic32c/lib/thumb/v8-m.main+fp/hard\libg-musl.a(__environ.o)
 .debug_info    0x0000000000004343       0x3f c:/program files/microchip/xc32/v4.60/bin/bin/../../lib/gcc/pic32c/8.3.1/../../../../pic32c/lib/thumb/v8-m.main+fp/hard\libpic32c.a(pic32_data_init_clear.o)
 .debug_info    0x0000000000004382       0x40 c:/program files/microchip/xc32/v4.60/bin/bin/../../lib/gcc/pic32c/8.3.1/../../../../pic32c/lib/thumb/v8-m.main+fp/hard\libpic32c.a(pic32_data_init_copy.o)

.debug_abbrev   0x0000000000000000      0xfef
 .debug_abbrev  0x0000000000000000       0xfc build/default/debug/_ext/1984496892/plib_clock.o
 .debug_abbrev  0x00000000000000fc      0x1a0 build/default/debug/_ext/60167341/plib_eic.o
 .debug_abbrev  0x000000000000029c       0xff build/default/debug/_ext/1986646378/plib_evsys.o
 .debug_abbrev  0x000000000000039b      0x1ef build/default/debug/_ext/1865468468/plib_nvic.o
 .debug_abbrev  0x000000000000058a       0x95 build/default/debug/_ext/829342769/plib_pm.o
 .debug_abbrev  0x000000000000061f      0x1cd build/default/debug/_ext/1865521619/plib_port.o
 .debug_abbrev  0x00000000000007ec       0x96 build/default/debug/_ext/1171490990/initialization.o
 .debug_abbrev  0x0000000000000882       0xc0 build/default/debug/_ext/1171490990/interrupts.o
 .debug_abbrev  0x0000000000000942       0x49 build/default/debug/_ext/1171490990/exceptions.o
 .debug_abbrev  0x000000000000098b      0x1e3 build/default/debug/_ext/1171490990/startup_xc32.o
 .debug_abbrev  0x0000000000000b6e      0x178 build/default/debug/_ext/1360937237/main.o
 .debug_abbrev  0x0000000000000ce6       0x44 c:/program files/microchip/xc32/v4.60/bin/bin/../../lib/gcc/pic32c/8.3.1/../../../../pic32c/lib/thumb/v8-m.main+fp/hard\libpic32c.a(data_init.o)
 .debug_abbrev  0x0000000000000d2a      0x133 c:/program files/microchip/xc32/v4.60/bin/bin/../../lib/gcc/pic32c/8.3.1/../../../../pic32c/lib/thumb/v8-m.main+fp/hard\libg-musl.a(__libc_start_main.o)
 .debug_abbrev  0x0000000000000e5d       0xd4 c:/program files/microchip/xc32/v4.60/bin/bin/../../lib/gcc/pic32c/8.3.1/../../../../pic32c/lib/thumb/v8-m.main+fp/hard\libg-musl.a(libc.o)
 .debug_abbrev  0x0000000000000f31       0x62 c:/program files/microchip/xc32/v4.60/bin/bin/../../lib/gcc/pic32c/8.3.1/../../../../pic32c/lib/thumb/v8-m.main+fp/hard\libg-musl.a(__environ.o)
 .debug_abbrev  0x0000000000000f93       0x2e c:/program files/microchip/xc32/v4.60/bin/bin/../../lib/gcc/pic32c/8.3.1/../../../../pic32c/lib/thumb/v8-m.main+fp/hard\libpic32c.a(pic32_data_init_clear.o)
 .debug_abbrev  0x0000000000000fc1       0x2e c:/program files/microchip/xc32/v4.60/bin/bin/../../lib/gcc/pic32c/8.3.1/../../../../pic32c/lib/thumb/v8-m.main+fp/hard\libpic32c.a(pic32_data_init_copy.o)

.debug_aranges  0x0000000000000000      0x340
 .debug_aranges
                0x0000000000000000       0x20 build/default/debug/_ext/1984496892/plib_clock.o
 .debug_aranges
                0x0000000000000020       0x48 build/default/debug/_ext/60167341/plib_eic.o
 .debug_aranges
                0x0000000000000068       0x40 build/default/debug/_ext/1986646378/plib_evsys.o
 .debug_aranges
                0x00000000000000a8       0x38 build/default/debug/_ext/1865468468/plib_nvic.o
 .debug_aranges
                0x00000000000000e0       0x58 build/default/debug/_ext/829342769/plib_pm.o
 .debug_aranges
                0x0000000000000138       0x70 build/default/debug/_ext/1865521619/plib_port.o
 .debug_aranges
                0x00000000000001a8       0x20 build/default/debug/_ext/1171490990/initialization.o
 .debug_aranges
                0x00000000000001c8       0x20 build/default/debug/_ext/1171490990/interrupts.o
 .debug_aranges
                0x00000000000001e8       0x28 build/default/debug/_ext/1171490990/exceptions.o
 .debug_aranges
                0x0000000000000210       0x28 build/default/debug/_ext/1171490990/startup_xc32.o
 .debug_aranges
                0x0000000000000238       0x40 build/default/debug/_ext/1360937237/main.o
 .debug_aranges
                0x0000000000000278       0x30 c:/program files/microchip/xc32/v4.60/bin/bin/../../lib/gcc/pic32c/8.3.1/../../../../pic32c/lib/thumb/v8-m.main+fp/hard\libpic32c.a(data_init.o)
 .debug_aranges
                0x00000000000002a8       0x28 c:/program files/microchip/xc32/v4.60/bin/bin/../../lib/gcc/pic32c/8.3.1/../../../../pic32c/lib/thumb/v8-m.main+fp/hard\libg-musl.a(__libc_start_main.o)
 .debug_aranges
                0x00000000000002d0       0x18 c:/program files/microchip/xc32/v4.60/bin/bin/../../lib/gcc/pic32c/8.3.1/../../../../pic32c/lib/thumb/v8-m.main+fp/hard\libg-musl.a(libc.o)
 .debug_aranges
                0x00000000000002e8       0x18 c:/program files/microchip/xc32/v4.60/bin/bin/../../lib/gcc/pic32c/8.3.1/../../../../pic32c/lib/thumb/v8-m.main+fp/hard\libg-musl.a(__environ.o)
 .debug_aranges
                0x0000000000000300       0x20 c:/program files/microchip/xc32/v4.60/bin/bin/../../lib/gcc/pic32c/8.3.1/../../../../pic32c/lib/thumb/v8-m.main+fp/hard\libpic32c.a(pic32_data_init_clear.o)
 .debug_aranges
                0x0000000000000320       0x20 c:/program files/microchip/xc32/v4.60/bin/bin/../../lib/gcc/pic32c/8.3.1/../../../../pic32c/lib/thumb/v8-m.main+fp/hard\libpic32c.a(pic32_data_init_copy.o)

.debug_ranges   0x0000000000000000      0x248
 .debug_ranges  0x0000000000000000       0x10 build/default/debug/_ext/1984496892/plib_clock.o
 .debug_ranges  0x0000000000000010       0x38 build/default/debug/_ext/60167341/plib_eic.o
 .debug_ranges  0x0000000000000048       0x30 build/default/debug/_ext/1986646378/plib_evsys.o
 .debug_ranges  0x0000000000000078       0x28 build/default/debug/_ext/1865468468/plib_nvic.o
 .debug_ranges  0x00000000000000a0       0x48 build/default/debug/_ext/829342769/plib_pm.o
 .debug_ranges  0x00000000000000e8       0x60 build/default/debug/_ext/1865521619/plib_port.o
 .debug_ranges  0x0000000000000148       0x10 build/default/debug/_ext/1171490990/initialization.o
 .debug_ranges  0x0000000000000158       0x10 build/default/debug/_ext/1171490990/interrupts.o
 .debug_ranges  0x0000000000000168       0x18 build/default/debug/_ext/1171490990/exceptions.o
 .debug_ranges  0x0000000000000180       0x18 build/default/debug/_ext/1171490990/startup_xc32.o
 .debug_ranges  0x0000000000000198       0x30 build/default/debug/_ext/1360937237/main.o
 .debug_ranges  0x00000000000001c8       0x20 c:/program files/microchip/xc32/v4.60/bin/bin/../../lib/gcc/pic32c/8.3.1/../../../../pic32c/lib/thumb/v8-m.main+fp/hard\libpic32c.a(data_init.o)
 .debug_ranges  0x00000000000001e8       0x40 c:/program files/microchip/xc32/v4.60/bin/bin/../../lib/gcc/pic32c/8.3.1/../../../../pic32c/lib/thumb/v8-m.main+fp/hard\libg-musl.a(__libc_start_main.o)
 .debug_ranges  0x0000000000000228       0x10 c:/program files/microchip/xc32/v4.60/bin/bin/../../lib/gcc/pic32c/8.3.1/../../../../pic32c/lib/thumb/v8-m.main+fp/hard\libpic32c.a(pic32_data_init_clear.o)
 .debug_ranges  0x0000000000000238       0x10 c:/program files/microchip/xc32/v4.60/bin/bin/../../lib/gcc/pic32c/8.3.1/../../../../pic32c/lib/thumb/v8-m.main+fp/hard\libpic32c.a(pic32_data_init_copy.o)

.debug_line     0x0000000000000000     0x1a85
 .debug_line    0x0000000000000000      0x20b build/default/debug/_ext/1984496892/plib_clock.o
 .debug_line    0x000000000000020b      0x2b7 build/default/debug/_ext/60167341/plib_eic.o
 .debug_line    0x00000000000004c2      0x18d build/default/debug/_ext/1986646378/plib_evsys.o
 .debug_line    0x000000000000064f      0x305 build/default/debug/_ext/1865468468/plib_nvic.o
 .debug_line    0x0000000000000954      0x20a build/default/debug/_ext/829342769/plib_pm.o
 .debug_line    0x0000000000000b5e      0x2d7 build/default/debug/_ext/1865521619/plib_port.o
 .debug_line    0x0000000000000e35      0x1a6 build/default/debug/_ext/1171490990/initialization.o
 .debug_line    0x0000000000000fdb       0xbb build/default/debug/_ext/1171490990/interrupts.o
 .debug_line    0x0000000000001096       0x70 build/default/debug/_ext/1171490990/exceptions.o
 .debug_line    0x0000000000001106      0x24f build/default/debug/_ext/1171490990/startup_xc32.o
 .debug_line    0x0000000000001355      0x228 build/default/debug/_ext/1360937237/main.o
 .debug_line    0x000000000000157d       0xa7 c:/program files/microchip/xc32/v4.60/bin/bin/../../lib/gcc/pic32c/8.3.1/../../../../pic32c/lib/thumb/v8-m.main+fp/hard\libpic32c.a(data_init.o)
 .debug_line    0x0000000000001624      0x1c0 c:/program files/microchip/xc32/v4.60/bin/bin/../../lib/gcc/pic32c/8.3.1/../../../../pic32c/lib/thumb/v8-m.main+fp/hard\libg-musl.a(__libc_start_main.o)
 .debug_line    0x00000000000017e4       0xb5 c:/program files/microchip/xc32/v4.60/bin/bin/../../lib/gcc/pic32c/8.3.1/../../../../pic32c/lib/thumb/v8-m.main+fp/hard\libg-musl.a(libc.o)
 .debug_line    0x0000000000001899       0xfb c:/program files/microchip/xc32/v4.60/bin/bin/../../lib/gcc/pic32c/8.3.1/../../../../pic32c/lib/thumb/v8-m.main+fp/hard\libg-musl.a(__environ.o)
 .debug_line    0x0000000000001994       0x72 c:/program files/microchip/xc32/v4.60/bin/bin/../../lib/gcc/pic32c/8.3.1/../../../../pic32c/lib/thumb/v8-m.main+fp/hard\libpic32c.a(pic32_data_init_clear.o)
 .debug_line    0x0000000000001a06       0x7f c:/program files/microchip/xc32/v4.60/bin/bin/../../lib/gcc/pic32c/8.3.1/../../../../pic32c/lib/thumb/v8-m.main+fp/hard\libpic32c.a(pic32_data_init_copy.o)

.debug_str      0x0000000000000000     0x5c5b
 .debug_str     0x0000000000000000      0x69c build/default/debug/_ext/1984496892/plib_clock.o
 .debug_str     0x000000000000069c      0x4c9 build/default/debug/_ext/60167341/plib_eic.o
 .debug_str     0x0000000000000b65      0x495 build/default/debug/_ext/1986646378/plib_evsys.o
 .debug_str     0x0000000000000ffa      0xf35 build/default/debug/_ext/1865468468/plib_nvic.o
 .debug_str     0x0000000000001f2f      0x3ee build/default/debug/_ext/829342769/plib_pm.o
 .debug_str     0x000000000000231d      0x8d2 build/default/debug/_ext/1865521619/plib_port.o
 .debug_str     0x0000000000002bef      0x34d build/default/debug/_ext/1171490990/initialization.o
 .debug_str     0x0000000000002f3c     0x110d build/default/debug/_ext/1171490990/interrupts.o
 .debug_str     0x0000000000004049      0x2ff build/default/debug/_ext/1171490990/exceptions.o
 .debug_str     0x0000000000004348      0x55f build/default/debug/_ext/1171490990/startup_xc32.o
 .debug_str     0x00000000000048a7      0x458 build/default/debug/_ext/1360937237/main.o
 .debug_str     0x0000000000004cff      0x212 c:/program files/microchip/xc32/v4.60/bin/bin/../../lib/gcc/pic32c/8.3.1/../../../../pic32c/lib/thumb/v8-m.main+fp/hard\libpic32c.a(data_init.o)
 .debug_str     0x0000000000004f11      0x3e0 c:/program files/microchip/xc32/v4.60/bin/bin/../../lib/gcc/pic32c/8.3.1/../../../../pic32c/lib/thumb/v8-m.main+fp/hard\libg-musl.a(__libc_start_main.o)
 .debug_str     0x00000000000052f1      0x34b c:/program files/microchip/xc32/v4.60/bin/bin/../../lib/gcc/pic32c/8.3.1/../../../../pic32c/lib/thumb/v8-m.main+fp/hard\libg-musl.a(libc.o)
 .debug_str     0x000000000000563c      0x24b c:/program files/microchip/xc32/v4.60/bin/bin/../../lib/gcc/pic32c/8.3.1/../../../../pic32c/lib/thumb/v8-m.main+fp/hard\libg-musl.a(__environ.o)
 .debug_str     0x0000000000005887      0x1eb c:/program files/microchip/xc32/v4.60/bin/bin/../../lib/gcc/pic32c/8.3.1/../../../../pic32c/lib/thumb/v8-m.main+fp/hard\libpic32c.a(pic32_data_init_clear.o)
 .debug_str     0x0000000000005a72      0x1e9 c:/program files/microchip/xc32/v4.60/bin/bin/../../lib/gcc/pic32c/8.3.1/../../../../pic32c/lib/thumb/v8-m.main+fp/hard\libpic32c.a(pic32_data_init_copy.o)

.debug_frame    0x0000000000000000      0x4cc
 .debug_frame   0x0000000000000000       0x20 build/default/debug/_ext/1984496892/plib_clock.o
 .debug_frame   0x0000000000000020       0x90 build/default/debug/_ext/60167341/plib_eic.o
 .debug_frame   0x00000000000000b0       0x60 build/default/debug/_ext/1986646378/plib_evsys.o
 .debug_frame   0x0000000000000110       0x50 build/default/debug/_ext/1865468468/plib_nvic.o
 .debug_frame   0x0000000000000160       0x90 build/default/debug/_ext/829342769/plib_pm.o
 .debug_frame   0x00000000000001f0       0xcc build/default/debug/_ext/1865521619/plib_port.o
 .debug_frame   0x00000000000002bc       0x28 build/default/debug/_ext/1171490990/initialization.o
 .debug_frame   0x00000000000002e4       0x20 build/default/debug/_ext/1171490990/interrupts.o
 .debug_frame   0x0000000000000304       0x30 build/default/debug/_ext/1171490990/exceptions.o
 .debug_frame   0x0000000000000334       0x38 build/default/debug/_ext/1171490990/startup_xc32.o
 .debug_frame   0x000000000000036c       0x90 build/default/debug/_ext/1360937237/main.o
 .debug_frame   0x00000000000003fc       0x4c c:/program files/microchip/xc32/v4.60/bin/bin/../../lib/gcc/pic32c/8.3.1/../../../../pic32c/lib/thumb/v8-m.main+fp/hard\libpic32c.a(data_init.o)
 .debug_frame   0x0000000000000448       0x3c c:/program files/microchip/xc32/v4.60/bin/bin/../../lib/gcc/pic32c/8.3.1/../../../../pic32c/lib/thumb/v8-m.main+fp/hard\libg-musl.a(__libc_start_main.o)
 .debug_frame   0x0000000000000484       0x20 c:/program files/microchip/xc32/v4.60/bin/bin/../../lib/gcc/pic32c/8.3.1/../../../../pic32c/lib/thumb/v8-m.main+fp/hard\libpic32c.a(pic32_data_init_clear.o)
 .debug_frame   0x00000000000004a4       0x28 c:/program files/microchip/xc32/v4.60/bin/bin/../../lib/gcc/pic32c/8.3.1/../../../../pic32c/lib/thumb/v8-m.main+fp/hard\libpic32c.a(pic32_data_init_copy.o)

.debug_loc      0x0000000000000000      0x63f
 .debug_loc     0x0000000000000000      0x12e build/default/debug/_ext/60167341/plib_eic.o
 .debug_loc     0x000000000000012e       0xde build/default/debug/_ext/1986646378/plib_evsys.o
 .debug_loc     0x000000000000020c       0xf7 build/default/debug/_ext/1865468468/plib_nvic.o
 .debug_loc     0x0000000000000303      0x1bc build/default/debug/_ext/1865521619/plib_port.o
 .debug_loc     0x00000000000004bf       0x45 build/default/debug/_ext/1171490990/initialization.o
 .debug_loc     0x0000000000000504       0x4a build/default/debug/_ext/1171490990/startup_xc32.o
 .debug_loc     0x000000000000054e       0x78 build/default/debug/_ext/1360937237/main.o
 .debug_loc     0x00000000000005c6       0x14 c:/program files/microchip/xc32/v4.60/bin/bin/../../lib/gcc/pic32c/8.3.1/../../../../pic32c/lib/thumb/v8-m.main+fp/hard\libpic32c.a(data_init.o)
 .debug_loc     0x00000000000005da       0x51 c:/program files/microchip/xc32/v4.60/bin/bin/../../lib/gcc/pic32c/8.3.1/../../../../pic32c/lib/thumb/v8-m.main+fp/hard\libg-musl.a(__libc_start_main.o)
 .debug_loc     0x000000000000062b       0x14 c:/program files/microchip/xc32/v4.60/bin/bin/../../lib/gcc/pic32c/8.3.1/../../../../pic32c/lib/thumb/v8-m.main+fp/hard\libpic32c.a(pic32_data_init_copy.o)

.note.GNU-stack
                0x0000000000000000        0x0
 .note.GNU-stack
                0x0000000000000000        0x0 c:/program files/microchip/xc32/v4.60/bin/bin/../../lib/gcc/pic32c/8.3.1/../../../../pic32c/lib/thumb/v8-m.main+fp/hard\libg-musl.a(__libc_start_main.o)
 .note.GNU-stack
                0x0000000000000000        0x0 c:/program files/microchip/xc32/v4.60/bin/bin/../../lib/gcc/pic32c/8.3.1/../../../../pic32c/lib/thumb/v8-m.main+fp/hard\libg-musl.a(libc.o)
 .note.GNU-stack
                0x0000000000000000        0x0 c:/program files/microchip/xc32/v4.60/bin/bin/../../lib/gcc/pic32c/8.3.1/../../../../pic32c/lib/thumb/v8-m.main+fp/hard\libg-musl.a(__environ.o)

.stack          0x0000000020000560      0x100
 .stack         0x0000000020000560      0x100 stack

.bss.eicCallbackObject%1
                0x0000000020000000       0xc0
 .bss.eicCallbackObject
                0x0000000020000000       0xc0 build/default/debug/_ext/60167341/plib_eic.o

.bss%2          0x00000000200000c0       0x50
 .bss           0x00000000200000c0       0x50 c:/program files/microchip/xc32/v4.60/bin/bin/../../lib/gcc/pic32c/8.3.1/../../../../pic32c/lib/thumb/v8-m.main+fp/hard\libg-musl.a(libc.o)
                0x00000000200000c0                __progname_full
                0x00000000200000c0                program_invocation_name
                0x00000000200000c4                program_invocation_short_name
                0x00000000200000c4                __progname
                0x00000000200000c8                __sysinfo
                0x00000000200000cc                __hwcap
                0x00000000200000d0                __libc

.bss%3          0x0000000020000110       0x1c
 .bss           0x0000000020000110       0x1c c:/program files/microchip/xc32/v4.60/bin/bin/../../lib/gcc/pic32c/8.3.1/thumb/v8-m.main+fp/hard/crtbegin.o

.bss.count%4    0x000000002000012c        0x4
 .bss.count     0x000000002000012c        0x4 build/default/debug/_ext/1360937237/main.o
                0x000000002000012c                count

.bss.i%5        0x0000000020000130        0x4
 .bss.i         0x0000000020000130        0x4 build/default/debug/_ext/1360937237/main.o
                0x0000000020000130                i

.bss.ms%6       0x0000000020000134        0x4
 .bss.ms        0x0000000020000134        0x4 build/default/debug/_ext/1360937237/main.o
                0x0000000020000134                ms

.bss%7          0x0000000020000138        0x4
 .bss           0x0000000020000138        0x4 c:/program files/microchip/xc32/v4.60/bin/bin/../../lib/gcc/pic32c/8.3.1/../../../../pic32c/lib/thumb/v8-m.main+fp/hard\libpic32c.a(data_init.o)

.bss%8          0x000000002000013c        0x4
 .bss           0x000000002000013c        0x4 c:/program files/microchip/xc32/v4.60/bin/bin/../../lib/gcc/pic32c/8.3.1/../../../../pic32c/lib/thumb/v8-m.main+fp/hard\libg-musl.a(__environ.o)
                0x000000002000013c                __environ
                0x000000002000013c                environ
                0x000000002000013c                ___environ
                0x000000002000013c                _environ

.bss.forward%9  0x0000000020000140        0x1
 .bss.forward   0x0000000020000140        0x1 build/default/debug/_ext/1360937237/main.o
                0x0000000020000140                forward

.eh_frame%z1    0x0000000000000000        0x0
 .eh_frame      0x0000000000000000        0x0 c:/program files/microchip/xc32/v4.60/bin/bin/../../lib/gcc/pic32c/8.3.1/thumb/v8-m.main+fp/hard/crtbegin.o

.config_0A000000.__config_0A000000%10
                0x000000000a000000        0x4
 .config_0A000000.__config_0A000000
                0x000000000a000000        0x4 build/default/debug/_ext/1171490990/initialization.o
                0x000000000a000000                __config_0A000000

.config_0A000004.__config_0A000004%11
                0x000000000a000004        0x4
 .config_0A000004.__config_0A000004
                0x000000000a000004        0x4 build/default/debug/_ext/1171490990/initialization.o
                0x000000000a000004                __config_0A000004

.config_0A000008.__config_0A000008%12
                0x000000000a000008        0x4
 .config_0A000008.__config_0A000008
                0x000000000a000008        0x4 build/default/debug/_ext/1171490990/initialization.o
                0x000000000a000008                __config_0A000008

.config_0A00000C.__config_0A00000C%13
                0x000000000a00000c        0x4
 .config_0A00000C.__config_0A00000C
                0x000000000a00000c        0x4 build/default/debug/_ext/1171490990/initialization.o
                0x000000000a00000c                __config_0A00000C

.config_0A000010.__config_0A000010%14
                0x000000000a000010        0x4
 .config_0A000010.__config_0A000010
                0x000000000a000010        0x4 build/default/debug/_ext/1171490990/initialization.o
                0x000000000a000010                __config_0A000010

.config_0A000014.__config_0A000014%15
                0x000000000a000014        0x4
 .config_0A000014.__config_0A000014
                0x000000000a000014        0x4 build/default/debug/_ext/1171490990/initialization.o
                0x000000000a000014                __config_0A000014

.config_0A000018.__config_0A000018%16
                0x000000000a000018        0x4
 .config_0A000018.__config_0A000018
                0x000000000a000018        0x4 build/default/debug/_ext/1171490990/initialization.o
                0x000000000a000018                __config_0A000018

.config_0A00001C.__config_0A00001C%17
                0x000000000a00001c        0x4
 .config_0A00001C.__config_0A00001C
                0x000000000a00001c        0x4 build/default/debug/_ext/1171490990/initialization.o
                0x000000000a00001c                __config_0A00001C

.config_0A000020.__config_0A000020%18
                0x000000000a000020        0x4
 .config_0A000020.__config_0A000020
                0x000000000a000020        0x4 build/default/debug/_ext/1171490990/initialization.o
                0x000000000a000020                __config_0A000020

.config_0A000024.__config_0A000024%19
                0x000000000a000024        0x4
 .config_0A000024.__config_0A000024
                0x000000000a000024        0x4 build/default/debug/_ext/1171490990/initialization.o
                0x000000000a000024                __config_0A000024

.config_0A000028.__config_0A000028%20
                0x000000000a000028        0x4
 .config_0A000028.__config_0A000028
                0x000000000a000028        0x4 build/default/debug/_ext/1171490990/initialization.o
                0x000000000a000028                __config_0A000028

.config_0A00002C.__config_0A00002C%21
                0x000000000a00002c        0x4
 .config_0A00002C.__config_0A00002C
                0x000000000a00002c        0x4 build/default/debug/_ext/1171490990/initialization.o
                0x000000000a00002c                __config_0A00002C

.config_0A000030.__config_0A000030%22
                0x000000000a000030        0x4
 .config_0A000030.__config_0A000030
                0x000000000a000030        0x4 build/default/debug/_ext/1171490990/initialization.o
                0x000000000a000030                __config_0A000030

.config_0A000034.__config_0A000034%23
                0x000000000a000034        0x4
 .config_0A000034.__config_0A000034
                0x000000000a000034        0x4 build/default/debug/_ext/1171490990/initialization.o
                0x000000000a000034                __config_0A000034

.config_0A000038.__config_0A000038%24
                0x000000000a000038        0x4
 .config_0A000038.__config_0A000038
                0x000000000a000038        0x4 build/default/debug/_ext/1171490990/initialization.o
                0x000000000a000038                __config_0A000038

.config_0A00003C.__config_0A00003C%25
                0x000000000a00003c        0x4
 .config_0A00003C.__config_0A00003C
                0x000000000a00003c        0x4 build/default/debug/_ext/1171490990/initialization.o
                0x000000000a00003c                __config_0A00003C

.config_0A000040.__config_0A000040%26
                0x000000000a000040        0x4
 .config_0A000040.__config_0A000040
                0x000000000a000040        0x4 build/default/debug/_ext/1171490990/initialization.o
                0x000000000a000040                __config_0A000040

.config_0A000044.__config_0A000044%27
                0x000000000a000044        0x4
 .config_0A000044.__config_0A000044
                0x000000000a000044        0x4 build/default/debug/_ext/1171490990/initialization.o
                0x000000000a000044                __config_0A000044

.config_0A000048.__config_0A000048%28
                0x000000000a000048        0x4
 .config_0A000048.__config_0A000048
                0x000000000a000048        0x4 build/default/debug/_ext/1171490990/initialization.o
                0x000000000a000048                __config_0A000048

.config_0A00004C.__config_0A00004C%29
                0x000000000a00004c        0x4
 .config_0A00004C.__config_0A00004C
                0x000000000a00004c        0x4 build/default/debug/_ext/1171490990/initialization.o
                0x000000000a00004c                __config_0A00004C

.config_0A000054.__config_0A000054%30
                0x000000000a000054        0x4
 .config_0A000054.__config_0A000054
                0x000000000a000054        0x4 build/default/debug/_ext/1171490990/initialization.o
                0x000000000a000054                __config_0A000054

.config_0A000058.__config_0A000058%31
                0x000000000a000058        0x4
 .config_0A000058.__config_0A000058
                0x000000000a000058        0x4 build/default/debug/_ext/1171490990/initialization.o
                0x000000000a000058                __config_0A000058

.config_0A00005C.__config_0A00005C%32
                0x000000000a00005c        0x4
 .config_0A00005C.__config_0A00005C
                0x000000000a00005c        0x4 build/default/debug/_ext/1171490990/initialization.o
                0x000000000a00005c                __config_0A00005C

.config_0A000060.__config_0A000060%33
                0x000000000a000060        0x4
 .config_0A000060.__config_0A000060
                0x000000000a000060        0x4 build/default/debug/_ext/1171490990/initialization.o
                0x000000000a000060                __config_0A000060

.config_0A000064.__config_0A000064%34
                0x000000000a000064        0x4
 .config_0A000064.__config_0A000064
                0x000000000a000064        0x4 build/default/debug/_ext/1171490990/initialization.o
                0x000000000a000064                __config_0A000064

.config_0A002000.__config_0A002000%35
                0x000000000a002000        0x4
 .config_0A002000.__config_0A002000
                0x000000000a002000        0x4 build/default/debug/_ext/1171490990/initialization.o
                0x000000000a002000                __config_0A002000

.config_0A002004.__config_0A002004%36
                0x000000000a002004        0x4
 .config_0A002004.__config_0A002004
                0x000000000a002004        0x4 build/default/debug/_ext/1171490990/initialization.o
                0x000000000a002004                __config_0A002004

.config_0A002008.__config_0A002008%37
                0x000000000a002008        0x4
 .config_0A002008.__config_0A002008
                0x000000000a002008        0x4 build/default/debug/_ext/1171490990/initialization.o
                0x000000000a002008                __config_0A002008

.config_0A002020.__config_0A002020%38
                0x000000000a002020        0x4
 .config_0A002020.__config_0A002020
                0x000000000a002020        0x4 build/default/debug/_ext/1171490990/initialization.o
                0x000000000a002020                __config_0A002020

.config_0A002024.__config_0A002024%39
                0x000000000a002024        0x4
 .config_0A002024.__config_0A002024
                0x000000000a002024        0x4 build/default/debug/_ext/1171490990/initialization.o
                0x000000000a002024                __config_0A002024

.config_0A002028.__config_0A002028%40
                0x000000000a002028        0x4
 .config_0A002028.__config_0A002028
                0x000000000a002028        0x4 build/default/debug/_ext/1171490990/initialization.o
                0x000000000a002028                __config_0A002028

.config_0A00202C.__config_0A00202C%41
                0x000000000a00202c        0x4
 .config_0A00202C.__config_0A00202C
                0x000000000a00202c        0x4 build/default/debug/_ext/1171490990/initialization.o
                0x000000000a00202c                __config_0A00202C

.config_0A002030.__config_0A002030%42
                0x000000000a002030        0x4
 .config_0A002030.__config_0A002030
                0x000000000a002030        0x4 build/default/debug/_ext/1171490990/initialization.o
                0x000000000a002030                __config_0A002030

.config_0A002034.__config_0A002034%43
                0x000000000a002034        0x4
 .config_0A002034.__config_0A002034
                0x000000000a002034        0x4 build/default/debug/_ext/1171490990/initialization.o
                0x000000000a002034                __config_0A002034

.config_0A002038.__config_0A002038%44
                0x000000000a002038        0x4
 .config_0A002038.__config_0A002038
                0x000000000a002038        0x4 build/default/debug/_ext/1171490990/initialization.o
                0x000000000a002038                __config_0A002038

.config_0A00203C.__config_0A00203C%45
                0x000000000a00203c        0x4
 .config_0A00203C.__config_0A00203C
                0x000000000a00203c        0x4 build/default/debug/_ext/1171490990/initialization.o
                0x000000000a00203c                __config_0A00203C

.config_0A002040.__config_0A002040%46
                0x000000000a002040        0x4
 .config_0A002040.__config_0A002040
                0x000000000a002040        0x4 build/default/debug/_ext/1171490990/initialization.o
                0x000000000a002040                __config_0A002040

.config_0A002044.__config_0A002044%47
                0x000000000a002044        0x4
 .config_0A002044.__config_0A002044
                0x000000000a002044        0x4 build/default/debug/_ext/1171490990/initialization.o
                0x000000000a002044                __config_0A002044

.config_0A002048.__config_0A002048%48
                0x000000000a002048        0x4
 .config_0A002048.__config_0A002048
                0x000000000a002048        0x4 build/default/debug/_ext/1171490990/initialization.o
                0x000000000a002048                __config_0A002048

.config_0A00204C.__config_0A00204C%49
                0x000000000a00204c        0x4
 .config_0A00204C.__config_0A00204C
                0x000000000a00204c        0x4 build/default/debug/_ext/1171490990/initialization.o
                0x000000000a00204c                __config_0A00204C

.config_0A002050.__config_0A002050%50
                0x000000000a002050        0x4
 .config_0A002050.__config_0A002050
                0x000000000a002050        0x4 build/default/debug/_ext/1171490990/initialization.o
                0x000000000a002050                __config_0A002050

.config_0A002054.__config_0A002054%51
                0x000000000a002054        0x4
 .config_0A002054.__config_0A002054
                0x000000000a002054        0x4 build/default/debug/_ext/1171490990/initialization.o
                0x000000000a002054                __config_0A002054

.config_0A002058.__config_0A002058%52
                0x000000000a002058        0x4
 .config_0A002058.__config_0A002058
                0x000000000a002058        0x4 build/default/debug/_ext/1171490990/initialization.o
                0x000000000a002058                __config_0A002058

.config_0A00205C.__config_0A00205C%53
                0x000000000a00205c        0x4
 .config_0A00205C.__config_0A00205C
                0x000000000a00205c        0x4 build/default/debug/_ext/1171490990/initialization.o
                0x000000000a00205c                __config_0A00205C

.config_0A002060.__config_0A002060%54
                0x000000000a002060        0x4
 .config_0A002060.__config_0A002060
                0x000000000a002060        0x4 build/default/debug/_ext/1171490990/initialization.o
                0x000000000a002060                __config_0A002060

.config_0A002064.__config_0A002064%55
                0x000000000a002064        0x4
 .config_0A002064.__config_0A002064
                0x000000000a002064        0x4 build/default/debug/_ext/1171490990/initialization.o
                0x000000000a002064                __config_0A002064

.config_0A002068.__config_0A002068%56
                0x000000000a002068        0x4
 .config_0A002068.__config_0A002068
                0x000000000a002068        0x4 build/default/debug/_ext/1171490990/initialization.o
                0x000000000a002068                __config_0A002068

.config_0A00206C.__config_0A00206C%57
                0x000000000a00206c        0x4
 .config_0A00206C.__config_0A00206C
                0x000000000a00206c        0x4 build/default/debug/_ext/1171490990/initialization.o
                0x000000000a00206c                __config_0A00206C

.config_0A002070.__config_0A002070%58
                0x000000000a002070        0x4
 .config_0A002070.__config_0A002070
                0x000000000a002070        0x4 build/default/debug/_ext/1171490990/initialization.o
                0x000000000a002070                __config_0A002070

.config_0A002074.__config_0A002074%59
                0x000000000a002074        0x4
 .config_0A002074.__config_0A002074
                0x000000000a002074        0x4 build/default/debug/_ext/1171490990/initialization.o
                0x000000000a002074                __config_0A002074

.config_0A002078.__config_0A002078%60
                0x000000000a002078        0x4
 .config_0A002078.__config_0A002078
                0x000000000a002078        0x4 build/default/debug/_ext/1171490990/initialization.o
                0x000000000a002078                __config_0A002078

.config_0A00207C.__config_0A00207C%61
                0x000000000a00207c        0x4
 .config_0A00207C.__config_0A00207C
                0x000000000a00207c        0x4 build/default/debug/_ext/1171490990/initialization.o
                0x000000000a00207c                __config_0A00207C

.config_0A002080.__config_0A002080%62
                0x000000000a002080        0x4
 .config_0A002080.__config_0A002080
                0x000000000a002080        0x4 build/default/debug/_ext/1171490990/initialization.o
                0x000000000a002080                __config_0A002080

.config_0A002084.__config_0A002084%63
                0x000000000a002084        0x4
 .config_0A002084.__config_0A002084
                0x000000000a002084        0x4 build/default/debug/_ext/1171490990/initialization.o
                0x000000000a002084                __config_0A002084

.config_0A002088.__config_0A002088%64
                0x000000000a002088        0x4
 .config_0A002088.__config_0A002088
                0x000000000a002088        0x4 build/default/debug/_ext/1171490990/initialization.o
                0x000000000a002088                __config_0A002088

.config_0A00208C.__config_0A00208C%65
                0x000000000a00208c        0x4
 .config_0A00208C.__config_0A00208C
                0x000000000a00208c        0x4 build/default/debug/_ext/1171490990/initialization.o
                0x000000000a00208c                __config_0A00208C

.config_0A002090.__config_0A002090%66
                0x000000000a002090        0x4
 .config_0A002090.__config_0A002090
                0x000000000a002090        0x4 build/default/debug/_ext/1171490990/initialization.o
                0x000000000a002090                __config_0A002090

.config_0A002094.__config_0A002094%67
                0x000000000a002094        0x4
 .config_0A002094.__config_0A002094
                0x000000000a002094        0x4 build/default/debug/_ext/1171490990/initialization.o
                0x000000000a002094                __config_0A002094

.config_0A002098.__config_0A002098%68
                0x000000000a002098        0x4
 .config_0A002098.__config_0A002098
                0x000000000a002098        0x4 build/default/debug/_ext/1171490990/initialization.o
                0x000000000a002098                __config_0A002098

.config_0A00209C.__config_0A00209C%69
                0x000000000a00209c        0x4
 .config_0A00209C.__config_0A00209C
                0x000000000a00209c        0x4 build/default/debug/_ext/1171490990/initialization.o
                0x000000000a00209c                __config_0A00209C

.config_0A0020A0.__config_0A0020A0%70
                0x000000000a0020a0        0x4
 .config_0A0020A0.__config_0A0020A0
                0x000000000a0020a0        0x4 build/default/debug/_ext/1171490990/initialization.o
                0x000000000a0020a0                __config_0A0020A0

.config_0A0020A4.__config_0A0020A4%71
                0x000000000a0020a4        0x4
 .config_0A0020A4.__config_0A0020A4
                0x000000000a0020a4        0x4 build/default/debug/_ext/1171490990/initialization.o
                0x000000000a0020a4                __config_0A0020A4

.config_0A0020A8.__config_0A0020A8%72
                0x000000000a0020a8        0x4
 .config_0A0020A8.__config_0A0020A8
                0x000000000a0020a8        0x4 build/default/debug/_ext/1171490990/initialization.o
                0x000000000a0020a8                __config_0A0020A8

.config_0A0020AC.__config_0A0020AC%73
                0x000000000a0020ac        0x4
 .config_0A0020AC.__config_0A0020AC
                0x000000000a0020ac        0x4 build/default/debug/_ext/1171490990/initialization.o
                0x000000000a0020ac                __config_0A0020AC

.config_0A0020B0.__config_0A0020B0%74
                0x000000000a0020b0        0x4
 .config_0A0020B0.__config_0A0020B0
                0x000000000a0020b0        0x4 build/default/debug/_ext/1171490990/initialization.o
                0x000000000a0020b0                __config_0A0020B0

.config_0A0020B4.__config_0A0020B4%75
                0x000000000a0020b4        0x4
 .config_0A0020B4.__config_0A0020B4
                0x000000000a0020b4        0x4 build/default/debug/_ext/1171490990/initialization.o
                0x000000000a0020b4                __config_0A0020B4

.config_0A0020B8.__config_0A0020B8%76
                0x000000000a0020b8        0x4
 .config_0A0020B8.__config_0A0020B8
                0x000000000a0020b8        0x4 build/default/debug/_ext/1171490990/initialization.o
                0x000000000a0020b8                __config_0A0020B8

.config_0A0020BC.__config_0A0020BC%77
                0x000000000a0020bc        0x4
 .config_0A0020BC.__config_0A0020BC
                0x000000000a0020bc        0x4 build/default/debug/_ext/1171490990/initialization.o
                0x000000000a0020bc                __config_0A0020BC

.config_0A0020C0.__config_0A0020C0%78
                0x000000000a0020c0        0x4
 .config_0A0020C0.__config_0A0020C0
                0x000000000a0020c0        0x4 build/default/debug/_ext/1171490990/initialization.o
                0x000000000a0020c0                __config_0A0020C0

.config_0A0020C4.__config_0A0020C4%79
                0x000000000a0020c4        0x4
 .config_0A0020C4.__config_0A0020C4
                0x000000000a0020c4        0x4 build/default/debug/_ext/1171490990/initialization.o
                0x000000000a0020c4                __config_0A0020C4

.config_0A0020C8.__config_0A0020C8%80
                0x000000000a0020c8        0x4
 .config_0A0020C8.__config_0A0020C8
                0x000000000a0020c8        0x4 build/default/debug/_ext/1171490990/initialization.o
                0x000000000a0020c8                __config_0A0020C8

.config_0A0020CC.__config_0A0020CC%81
                0x000000000a0020cc        0x4
 .config_0A0020CC.__config_0A0020CC
                0x000000000a0020cc        0x4 build/default/debug/_ext/1171490990/initialization.o
                0x000000000a0020cc                __config_0A0020CC

.config_0A0020D0.__config_0A0020D0%82
                0x000000000a0020d0        0x4
 .config_0A0020D0.__config_0A0020D0
                0x000000000a0020d0        0x4 build/default/debug/_ext/1171490990/initialization.o
                0x000000000a0020d0                __config_0A0020D0

.config_0A0020D4.__config_0A0020D4%83
                0x000000000a0020d4        0x4
 .config_0A0020D4.__config_0A0020D4
                0x000000000a0020d4        0x4 build/default/debug/_ext/1171490990/initialization.o
                0x000000000a0020d4                __config_0A0020D4

.config_0A0020D8.__config_0A0020D8%84
                0x000000000a0020d8        0x4
 .config_0A0020D8.__config_0A0020D8
                0x000000000a0020d8        0x4 build/default/debug/_ext/1171490990/initialization.o
                0x000000000a0020d8                __config_0A0020D8

.config_0A0020DC.__config_0A0020DC%85
                0x000000000a0020dc        0x4
 .config_0A0020DC.__config_0A0020DC
                0x000000000a0020dc        0x4 build/default/debug/_ext/1171490990/initialization.o
                0x000000000a0020dc                __config_0A0020DC

.config_0A0020E0.__config_0A0020E0%86
                0x000000000a0020e0        0x4
 .config_0A0020E0.__config_0A0020E0
                0x000000000a0020e0        0x4 build/default/debug/_ext/1171490990/initialization.o
                0x000000000a0020e0                __config_0A0020E0

.config_0A0020E4.__config_0A0020E4%87
                0x000000000a0020e4        0x4
 .config_0A0020E4.__config_0A0020E4
                0x000000000a0020e4        0x4 build/default/debug/_ext/1171490990/initialization.o
                0x000000000a0020e4                __config_0A0020E4

.config_0A0020E8.__config_0A0020E8%88
                0x000000000a0020e8        0x4
 .config_0A0020E8.__config_0A0020E8
                0x000000000a0020e8        0x4 build/default/debug/_ext/1171490990/initialization.o
                0x000000000a0020e8                __config_0A0020E8

.config_0A0020EC.__config_0A0020EC%89
                0x000000000a0020ec        0x4
 .config_0A0020EC.__config_0A0020EC
                0x000000000a0020ec        0x4 build/default/debug/_ext/1171490990/initialization.o
                0x000000000a0020ec                __config_0A0020EC

.config_0A0020F0.__config_0A0020F0%90
                0x000000000a0020f0        0x4
 .config_0A0020F0.__config_0A0020F0
                0x000000000a0020f0        0x4 build/default/debug/_ext/1171490990/initialization.o
                0x000000000a0020f0                __config_0A0020F0

.config_0A0020F4.__config_0A0020F4%91
                0x000000000a0020f4        0x4
 .config_0A0020F4.__config_0A0020F4
                0x000000000a0020f4        0x4 build/default/debug/_ext/1171490990/initialization.o
                0x000000000a0020f4                __config_0A0020F4

.config_0A0020F8.__config_0A0020F8%92
                0x000000000a0020f8        0x4
 .config_0A0020F8.__config_0A0020F8
                0x000000000a0020f8        0x4 build/default/debug/_ext/1171490990/initialization.o
                0x000000000a0020f8                __config_0A0020F8

.config_0A0020FC.__config_0A0020FC%93
                0x000000000a0020fc        0x4
 .config_0A0020FC.__config_0A0020FC
                0x000000000a0020fc        0x4 build/default/debug/_ext/1171490990/initialization.o
                0x000000000a0020fc                __config_0A0020FC

.config_0A002100.__config_0A002100%94
                0x000000000a002100        0x4
 .config_0A002100.__config_0A002100
                0x000000000a002100        0x4 build/default/debug/_ext/1171490990/initialization.o
                0x000000000a002100                __config_0A002100

.config_0A002110.__config_0A002110%95
                0x000000000a002110        0x4
 .config_0A002110.__config_0A002110
                0x000000000a002110        0x4 build/default/debug/_ext/1171490990/initialization.o
                0x000000000a002110                __config_0A002110

.config_0A002114.__config_0A002114%96
                0x000000000a002114        0x4
 .config_0A002114.__config_0A002114
                0x000000000a002114        0x4 build/default/debug/_ext/1171490990/initialization.o
                0x000000000a002114                __config_0A002114

.config_0A002118.__config_0A002118%97
                0x000000000a002118        0x4
 .config_0A002118.__config_0A002118
                0x000000000a002118        0x4 build/default/debug/_ext/1171490990/initialization.o
                0x000000000a002118                __config_0A002118

.config_0A00211C.__config_0A00211C%98
                0x000000000a00211c        0x4
 .config_0A00211C.__config_0A00211C
                0x000000000a00211c        0x4 build/default/debug/_ext/1171490990/initialization.o
                0x000000000a00211c                __config_0A00211C

.config_0A002120.__config_0A002120%99
                0x000000000a002120        0x4
 .config_0A002120.__config_0A002120
                0x000000000a002120        0x4 build/default/debug/_ext/1171490990/initialization.o
                0x000000000a002120                __config_0A002120

.config_0A008000.__config_0A008000%100
                0x000000000a008000        0x4
 .config_0A008000.__config_0A008000
                0x000000000a008000        0x4 build/default/debug/_ext/1171490990/initialization.o
                0x000000000a008000                __config_0A008000

.config_0A008004.__config_0A008004%101
                0x000000000a008004        0x4
 .config_0A008004.__config_0A008004
                0x000000000a008004        0x4 build/default/debug/_ext/1171490990/initialization.o
                0x000000000a008004                __config_0A008004

.config_0A008008.__config_0A008008%102
                0x000000000a008008        0x4
 .config_0A008008.__config_0A008008
                0x000000000a008008        0x4 build/default/debug/_ext/1171490990/initialization.o
                0x000000000a008008                __config_0A008008

.config_0A00800C.__config_0A00800C%103
                0x000000000a00800c        0x4
 .config_0A00800C.__config_0A00800C
                0x000000000a00800c        0x4 build/default/debug/_ext/1171490990/initialization.o
                0x000000000a00800c                __config_0A00800C

.config_0A008010.__config_0A008010%104
                0x000000000a008010        0x4
 .config_0A008010.__config_0A008010
                0x000000000a008010        0x4 build/default/debug/_ext/1171490990/initialization.o
                0x000000000a008010                __config_0A008010

.config_0A008014.__config_0A008014%105
                0x000000000a008014        0x4
 .config_0A008014.__config_0A008014
                0x000000000a008014        0x4 build/default/debug/_ext/1171490990/initialization.o
                0x000000000a008014                __config_0A008014

.config_0A008018.__config_0A008018%106
                0x000000000a008018        0x4
 .config_0A008018.__config_0A008018
                0x000000000a008018        0x4 build/default/debug/_ext/1171490990/initialization.o
                0x000000000a008018                __config_0A008018

.config_0A00801C.__config_0A00801C%107
                0x000000000a00801c        0x4
 .config_0A00801C.__config_0A00801C
                0x000000000a00801c        0x4 build/default/debug/_ext/1171490990/initialization.o
                0x000000000a00801c                __config_0A00801C

.config_0A008020.__config_0A008020%108
                0x000000000a008020        0x4
 .config_0A008020.__config_0A008020
                0x000000000a008020        0x4 build/default/debug/_ext/1171490990/initialization.o
                0x000000000a008020                __config_0A008020

.config_0A008024.__config_0A008024%109
                0x000000000a008024        0x4
 .config_0A008024.__config_0A008024
                0x000000000a008024        0x4 build/default/debug/_ext/1171490990/initialization.o
                0x000000000a008024                __config_0A008024

.config_0A008028.__config_0A008028%110
                0x000000000a008028        0x4
 .config_0A008028.__config_0A008028
                0x000000000a008028        0x4 build/default/debug/_ext/1171490990/initialization.o
                0x000000000a008028                __config_0A008028

.config_0A00802C.__config_0A00802C%111
                0x000000000a00802c        0x4
 .config_0A00802C.__config_0A00802C
                0x000000000a00802c        0x4 build/default/debug/_ext/1171490990/initialization.o
                0x000000000a00802c                __config_0A00802C

.config_0A008030.__config_0A008030%112
                0x000000000a008030        0x4
 .config_0A008030.__config_0A008030
                0x000000000a008030        0x4 build/default/debug/_ext/1171490990/initialization.o
                0x000000000a008030                __config_0A008030

.config_0A008034.__config_0A008034%113
                0x000000000a008034        0x4
 .config_0A008034.__config_0A008034
                0x000000000a008034        0x4 build/default/debug/_ext/1171490990/initialization.o
                0x000000000a008034                __config_0A008034

.config_0A008038.__config_0A008038%114
                0x000000000a008038        0x4
 .config_0A008038.__config_0A008038
                0x000000000a008038        0x4 build/default/debug/_ext/1171490990/initialization.o
                0x000000000a008038                __config_0A008038

.config_0A00803C.__config_0A00803C%115
                0x000000000a00803c        0x4
 .config_0A00803C.__config_0A00803C
                0x000000000a00803c        0x4 build/default/debug/_ext/1171490990/initialization.o
                0x000000000a00803c                __config_0A00803C

.config_0A008040.__config_0A008040%116
                0x000000000a008040        0x4
 .config_0A008040.__config_0A008040
                0x000000000a008040        0x4 build/default/debug/_ext/1171490990/initialization.o
                0x000000000a008040                __config_0A008040

.config_0A008044.__config_0A008044%117
                0x000000000a008044        0x4
 .config_0A008044.__config_0A008044
                0x000000000a008044        0x4 build/default/debug/_ext/1171490990/initialization.o
                0x000000000a008044                __config_0A008044

.config_0A008048.__config_0A008048%118
                0x000000000a008048        0x4
 .config_0A008048.__config_0A008048
                0x000000000a008048        0x4 build/default/debug/_ext/1171490990/initialization.o
                0x000000000a008048                __config_0A008048

.config_0A00804C.__config_0A00804C%119
                0x000000000a00804c        0x4
 .config_0A00804C.__config_0A00804C
                0x000000000a00804c        0x4 build/default/debug/_ext/1171490990/initialization.o
                0x000000000a00804c                __config_0A00804C

.config_0A008054.__config_0A008054%120
                0x000000000a008054        0x4
 .config_0A008054.__config_0A008054
                0x000000000a008054        0x4 build/default/debug/_ext/1171490990/initialization.o
                0x000000000a008054                __config_0A008054

.config_0A008058.__config_0A008058%121
                0x000000000a008058        0x4
 .config_0A008058.__config_0A008058
                0x000000000a008058        0x4 build/default/debug/_ext/1171490990/initialization.o
                0x000000000a008058                __config_0A008058

.config_0A00805C.__config_0A00805C%122
                0x000000000a00805c        0x4
 .config_0A00805C.__config_0A00805C
                0x000000000a00805c        0x4 build/default/debug/_ext/1171490990/initialization.o
                0x000000000a00805c                __config_0A00805C

.config_0A008060.__config_0A008060%123
                0x000000000a008060        0x4
 .config_0A008060.__config_0A008060
                0x000000000a008060        0x4 build/default/debug/_ext/1171490990/initialization.o
                0x000000000a008060                __config_0A008060

.config_0A008064.__config_0A008064%124
                0x000000000a008064        0x4
 .config_0A008064.__config_0A008064
                0x000000000a008064        0x4 build/default/debug/_ext/1171490990/initialization.o
                0x000000000a008064                __config_0A008064

.config_0A00A000.__config_0A00A000%125
                0x000000000a00a000        0x4
 .config_0A00A000.__config_0A00A000
                0x000000000a00a000        0x4 build/default/debug/_ext/1171490990/initialization.o
                0x000000000a00a000                __config_0A00A000

.config_0A00A004.__config_0A00A004%126
                0x000000000a00a004        0x4
 .config_0A00A004.__config_0A00A004
                0x000000000a00a004        0x4 build/default/debug/_ext/1171490990/initialization.o
                0x000000000a00a004                __config_0A00A004

.config_0A00A008.__config_0A00A008%127
                0x000000000a00a008        0x4
 .config_0A00A008.__config_0A00A008
                0x000000000a00a008        0x4 build/default/debug/_ext/1171490990/initialization.o
                0x000000000a00a008                __config_0A00A008

.config_0A00A020.__config_0A00A020%128
                0x000000000a00a020        0x4
 .config_0A00A020.__config_0A00A020
                0x000000000a00a020        0x4 build/default/debug/_ext/1171490990/initialization.o
                0x000000000a00a020                __config_0A00A020

.config_0A00A024.__config_0A00A024%129
                0x000000000a00a024        0x4
 .config_0A00A024.__config_0A00A024
                0x000000000a00a024        0x4 build/default/debug/_ext/1171490990/initialization.o
                0x000000000a00a024                __config_0A00A024

.config_0A00A028.__config_0A00A028%130
                0x000000000a00a028        0x4
 .config_0A00A028.__config_0A00A028
                0x000000000a00a028        0x4 build/default/debug/_ext/1171490990/initialization.o
                0x000000000a00a028                __config_0A00A028

.config_0A00A02C.__config_0A00A02C%131
                0x000000000a00a02c        0x4
 .config_0A00A02C.__config_0A00A02C
                0x000000000a00a02c        0x4 build/default/debug/_ext/1171490990/initialization.o
                0x000000000a00a02c                __config_0A00A02C

.config_0A00A030.__config_0A00A030%132
                0x000000000a00a030        0x4
 .config_0A00A030.__config_0A00A030
                0x000000000a00a030        0x4 build/default/debug/_ext/1171490990/initialization.o
                0x000000000a00a030                __config_0A00A030

.config_0A00A034.__config_0A00A034%133
                0x000000000a00a034        0x4
 .config_0A00A034.__config_0A00A034
                0x000000000a00a034        0x4 build/default/debug/_ext/1171490990/initialization.o
                0x000000000a00a034                __config_0A00A034

.config_0A00A038.__config_0A00A038%134
                0x000000000a00a038        0x4
 .config_0A00A038.__config_0A00A038
                0x000000000a00a038        0x4 build/default/debug/_ext/1171490990/initialization.o
                0x000000000a00a038                __config_0A00A038

.config_0A00A03C.__config_0A00A03C%135
                0x000000000a00a03c        0x4
 .config_0A00A03C.__config_0A00A03C
                0x000000000a00a03c        0x4 build/default/debug/_ext/1171490990/initialization.o
                0x000000000a00a03c                __config_0A00A03C

.config_0A00A040.__config_0A00A040%136
                0x000000000a00a040        0x4
 .config_0A00A040.__config_0A00A040
                0x000000000a00a040        0x4 build/default/debug/_ext/1171490990/initialization.o
                0x000000000a00a040                __config_0A00A040

.config_0A00A044.__config_0A00A044%137
                0x000000000a00a044        0x4
 .config_0A00A044.__config_0A00A044
                0x000000000a00a044        0x4 build/default/debug/_ext/1171490990/initialization.o
                0x000000000a00a044                __config_0A00A044

.config_0A00A048.__config_0A00A048%138
                0x000000000a00a048        0x4
 .config_0A00A048.__config_0A00A048
                0x000000000a00a048        0x4 build/default/debug/_ext/1171490990/initialization.o
                0x000000000a00a048                __config_0A00A048

.config_0A00A04C.__config_0A00A04C%139
                0x000000000a00a04c        0x4
 .config_0A00A04C.__config_0A00A04C
                0x000000000a00a04c        0x4 build/default/debug/_ext/1171490990/initialization.o
                0x000000000a00a04c                __config_0A00A04C

.config_0A00A050.__config_0A00A050%140
                0x000000000a00a050        0x4
 .config_0A00A050.__config_0A00A050
                0x000000000a00a050        0x4 build/default/debug/_ext/1171490990/initialization.o
                0x000000000a00a050                __config_0A00A050

.config_0A00A054.__config_0A00A054%141
                0x000000000a00a054        0x4
 .config_0A00A054.__config_0A00A054
                0x000000000a00a054        0x4 build/default/debug/_ext/1171490990/initialization.o
                0x000000000a00a054                __config_0A00A054

.config_0A00A058.__config_0A00A058%142
                0x000000000a00a058        0x4
 .config_0A00A058.__config_0A00A058
                0x000000000a00a058        0x4 build/default/debug/_ext/1171490990/initialization.o
                0x000000000a00a058                __config_0A00A058

.config_0A00A05C.__config_0A00A05C%143
                0x000000000a00a05c        0x4
 .config_0A00A05C.__config_0A00A05C
                0x000000000a00a05c        0x4 build/default/debug/_ext/1171490990/initialization.o
                0x000000000a00a05c                __config_0A00A05C

.config_0A00A060.__config_0A00A060%144
                0x000000000a00a060        0x4
 .config_0A00A060.__config_0A00A060
                0x000000000a00a060        0x4 build/default/debug/_ext/1171490990/initialization.o
                0x000000000a00a060                __config_0A00A060

.config_0A00A064.__config_0A00A064%145
                0x000000000a00a064        0x4
 .config_0A00A064.__config_0A00A064
                0x000000000a00a064        0x4 build/default/debug/_ext/1171490990/initialization.o
                0x000000000a00a064                __config_0A00A064

.config_0A00A068.__config_0A00A068%146
                0x000000000a00a068        0x4
 .config_0A00A068.__config_0A00A068
                0x000000000a00a068        0x4 build/default/debug/_ext/1171490990/initialization.o
                0x000000000a00a068                __config_0A00A068

.config_0A00A06C.__config_0A00A06C%147
                0x000000000a00a06c        0x4
 .config_0A00A06C.__config_0A00A06C
                0x000000000a00a06c        0x4 build/default/debug/_ext/1171490990/initialization.o
                0x000000000a00a06c                __config_0A00A06C

.config_0A00A070.__config_0A00A070%148
                0x000000000a00a070        0x4
 .config_0A00A070.__config_0A00A070
                0x000000000a00a070        0x4 build/default/debug/_ext/1171490990/initialization.o
                0x000000000a00a070                __config_0A00A070

.config_0A00A074.__config_0A00A074%149
                0x000000000a00a074        0x4
 .config_0A00A074.__config_0A00A074
                0x000000000a00a074        0x4 build/default/debug/_ext/1171490990/initialization.o
                0x000000000a00a074                __config_0A00A074

.config_0A00A078.__config_0A00A078%150
                0x000000000a00a078        0x4
 .config_0A00A078.__config_0A00A078
                0x000000000a00a078        0x4 build/default/debug/_ext/1171490990/initialization.o
                0x000000000a00a078                __config_0A00A078

.config_0A00A07C.__config_0A00A07C%151
                0x000000000a00a07c        0x4
 .config_0A00A07C.__config_0A00A07C
                0x000000000a00a07c        0x4 build/default/debug/_ext/1171490990/initialization.o
                0x000000000a00a07c                __config_0A00A07C

.config_0A00A080.__config_0A00A080%152
                0x000000000a00a080        0x4
 .config_0A00A080.__config_0A00A080
                0x000000000a00a080        0x4 build/default/debug/_ext/1171490990/initialization.o
                0x000000000a00a080                __config_0A00A080

.config_0A00A084.__config_0A00A084%153
                0x000000000a00a084        0x4
 .config_0A00A084.__config_0A00A084
                0x000000000a00a084        0x4 build/default/debug/_ext/1171490990/initialization.o
                0x000000000a00a084                __config_0A00A084

.config_0A00A088.__config_0A00A088%154
                0x000000000a00a088        0x4
 .config_0A00A088.__config_0A00A088
                0x000000000a00a088        0x4 build/default/debug/_ext/1171490990/initialization.o
                0x000000000a00a088                __config_0A00A088

.config_0A00A08C.__config_0A00A08C%155
                0x000000000a00a08c        0x4
 .config_0A00A08C.__config_0A00A08C
                0x000000000a00a08c        0x4 build/default/debug/_ext/1171490990/initialization.o
                0x000000000a00a08c                __config_0A00A08C

.config_0A00A090.__config_0A00A090%156
                0x000000000a00a090        0x4
 .config_0A00A090.__config_0A00A090
                0x000000000a00a090        0x4 build/default/debug/_ext/1171490990/initialization.o
                0x000000000a00a090                __config_0A00A090

.config_0A00A094.__config_0A00A094%157
                0x000000000a00a094        0x4
 .config_0A00A094.__config_0A00A094
                0x000000000a00a094        0x4 build/default/debug/_ext/1171490990/initialization.o
                0x000000000a00a094                __config_0A00A094

.config_0A00A098.__config_0A00A098%158
                0x000000000a00a098        0x4
 .config_0A00A098.__config_0A00A098
                0x000000000a00a098        0x4 build/default/debug/_ext/1171490990/initialization.o
                0x000000000a00a098                __config_0A00A098

.config_0A00A09C.__config_0A00A09C%159
                0x000000000a00a09c        0x4
 .config_0A00A09C.__config_0A00A09C
                0x000000000a00a09c        0x4 build/default/debug/_ext/1171490990/initialization.o
                0x000000000a00a09c                __config_0A00A09C

.config_0A00A0A0.__config_0A00A0A0%160
                0x000000000a00a0a0        0x4
 .config_0A00A0A0.__config_0A00A0A0
                0x000000000a00a0a0        0x4 build/default/debug/_ext/1171490990/initialization.o
                0x000000000a00a0a0                __config_0A00A0A0

.config_0A00A0A4.__config_0A00A0A4%161
                0x000000000a00a0a4        0x4
 .config_0A00A0A4.__config_0A00A0A4
                0x000000000a00a0a4        0x4 build/default/debug/_ext/1171490990/initialization.o
                0x000000000a00a0a4                __config_0A00A0A4

.config_0A00A0A8.__config_0A00A0A8%162
                0x000000000a00a0a8        0x4
 .config_0A00A0A8.__config_0A00A0A8
                0x000000000a00a0a8        0x4 build/default/debug/_ext/1171490990/initialization.o
                0x000000000a00a0a8                __config_0A00A0A8

.config_0A00A0AC.__config_0A00A0AC%163
                0x000000000a00a0ac        0x4
 .config_0A00A0AC.__config_0A00A0AC
                0x000000000a00a0ac        0x4 build/default/debug/_ext/1171490990/initialization.o
                0x000000000a00a0ac                __config_0A00A0AC

.config_0A00A0B0.__config_0A00A0B0%164
                0x000000000a00a0b0        0x4
 .config_0A00A0B0.__config_0A00A0B0
                0x000000000a00a0b0        0x4 build/default/debug/_ext/1171490990/initialization.o
                0x000000000a00a0b0                __config_0A00A0B0

.config_0A00A0B4.__config_0A00A0B4%165
                0x000000000a00a0b4        0x4
 .config_0A00A0B4.__config_0A00A0B4
                0x000000000a00a0b4        0x4 build/default/debug/_ext/1171490990/initialization.o
                0x000000000a00a0b4                __config_0A00A0B4

.config_0A00A0B8.__config_0A00A0B8%166
                0x000000000a00a0b8        0x4
 .config_0A00A0B8.__config_0A00A0B8
                0x000000000a00a0b8        0x4 build/default/debug/_ext/1171490990/initialization.o
                0x000000000a00a0b8                __config_0A00A0B8

.config_0A00A0BC.__config_0A00A0BC%167
                0x000000000a00a0bc        0x4
 .config_0A00A0BC.__config_0A00A0BC
                0x000000000a00a0bc        0x4 build/default/debug/_ext/1171490990/initialization.o
                0x000000000a00a0bc                __config_0A00A0BC

.config_0A00A0C0.__config_0A00A0C0%168
                0x000000000a00a0c0        0x4
 .config_0A00A0C0.__config_0A00A0C0
                0x000000000a00a0c0        0x4 build/default/debug/_ext/1171490990/initialization.o
                0x000000000a00a0c0                __config_0A00A0C0

.config_0A00A0C4.__config_0A00A0C4%169
                0x000000000a00a0c4        0x4
 .config_0A00A0C4.__config_0A00A0C4
                0x000000000a00a0c4        0x4 build/default/debug/_ext/1171490990/initialization.o
                0x000000000a00a0c4                __config_0A00A0C4

.config_0A00A0C8.__config_0A00A0C8%170
                0x000000000a00a0c8        0x4
 .config_0A00A0C8.__config_0A00A0C8
                0x000000000a00a0c8        0x4 build/default/debug/_ext/1171490990/initialization.o
                0x000000000a00a0c8                __config_0A00A0C8

.config_0A00A0CC.__config_0A00A0CC%171
                0x000000000a00a0cc        0x4
 .config_0A00A0CC.__config_0A00A0CC
                0x000000000a00a0cc        0x4 build/default/debug/_ext/1171490990/initialization.o
                0x000000000a00a0cc                __config_0A00A0CC

.config_0A00A0D0.__config_0A00A0D0%172
                0x000000000a00a0d0        0x4
 .config_0A00A0D0.__config_0A00A0D0
                0x000000000a00a0d0        0x4 build/default/debug/_ext/1171490990/initialization.o
                0x000000000a00a0d0                __config_0A00A0D0

.config_0A00A0D4.__config_0A00A0D4%173
                0x000000000a00a0d4        0x4
 .config_0A00A0D4.__config_0A00A0D4
                0x000000000a00a0d4        0x4 build/default/debug/_ext/1171490990/initialization.o
                0x000000000a00a0d4                __config_0A00A0D4

.config_0A00A0D8.__config_0A00A0D8%174
                0x000000000a00a0d8        0x4
 .config_0A00A0D8.__config_0A00A0D8
                0x000000000a00a0d8        0x4 build/default/debug/_ext/1171490990/initialization.o
                0x000000000a00a0d8                __config_0A00A0D8

.config_0A00A0DC.__config_0A00A0DC%175
                0x000000000a00a0dc        0x4
 .config_0A00A0DC.__config_0A00A0DC
                0x000000000a00a0dc        0x4 build/default/debug/_ext/1171490990/initialization.o
                0x000000000a00a0dc                __config_0A00A0DC

.config_0A00A0E0.__config_0A00A0E0%176
                0x000000000a00a0e0        0x4
 .config_0A00A0E0.__config_0A00A0E0
                0x000000000a00a0e0        0x4 build/default/debug/_ext/1171490990/initialization.o
                0x000000000a00a0e0                __config_0A00A0E0

.config_0A00A0E4.__config_0A00A0E4%177
                0x000000000a00a0e4        0x4
 .config_0A00A0E4.__config_0A00A0E4
                0x000000000a00a0e4        0x4 build/default/debug/_ext/1171490990/initialization.o
                0x000000000a00a0e4                __config_0A00A0E4

.config_0A00A0E8.__config_0A00A0E8%178
                0x000000000a00a0e8        0x4
 .config_0A00A0E8.__config_0A00A0E8
                0x000000000a00a0e8        0x4 build/default/debug/_ext/1171490990/initialization.o
                0x000000000a00a0e8                __config_0A00A0E8

.config_0A00A0EC.__config_0A00A0EC%179
                0x000000000a00a0ec        0x4
 .config_0A00A0EC.__config_0A00A0EC
                0x000000000a00a0ec        0x4 build/default/debug/_ext/1171490990/initialization.o
                0x000000000a00a0ec                __config_0A00A0EC

.config_0A00A0F0.__config_0A00A0F0%180
                0x000000000a00a0f0        0x4
 .config_0A00A0F0.__config_0A00A0F0
                0x000000000a00a0f0        0x4 build/default/debug/_ext/1171490990/initialization.o
                0x000000000a00a0f0                __config_0A00A0F0

.config_0A00A0F4.__config_0A00A0F4%181
                0x000000000a00a0f4        0x4
 .config_0A00A0F4.__config_0A00A0F4
                0x000000000a00a0f4        0x4 build/default/debug/_ext/1171490990/initialization.o
                0x000000000a00a0f4                __config_0A00A0F4

.config_0A00A0F8.__config_0A00A0F8%182
                0x000000000a00a0f8        0x4
 .config_0A00A0F8.__config_0A00A0F8
                0x000000000a00a0f8        0x4 build/default/debug/_ext/1171490990/initialization.o
                0x000000000a00a0f8                __config_0A00A0F8

.config_0A00A0FC.__config_0A00A0FC%183
                0x000000000a00a0fc        0x4
 .config_0A00A0FC.__config_0A00A0FC
                0x000000000a00a0fc        0x4 build/default/debug/_ext/1171490990/initialization.o
                0x000000000a00a0fc                __config_0A00A0FC

.config_0A00A100.__config_0A00A100%184
                0x000000000a00a100        0x4
 .config_0A00A100.__config_0A00A100
                0x000000000a00a100        0x4 build/default/debug/_ext/1171490990/initialization.o
                0x000000000a00a100                __config_0A00A100

.config_0A00A110.__config_0A00A110%185
                0x000000000a00a110        0x4
 .config_0A00A110.__config_0A00A110
                0x000000000a00a110        0x4 build/default/debug/_ext/1171490990/initialization.o
                0x000000000a00a110                __config_0A00A110

.config_0A00A114.__config_0A00A114%186
                0x000000000a00a114        0x4
 .config_0A00A114.__config_0A00A114
                0x000000000a00a114        0x4 build/default/debug/_ext/1171490990/initialization.o
                0x000000000a00a114                __config_0A00A114

.config_0A00A118.__config_0A00A118%187
                0x000000000a00a118        0x4
 .config_0A00A118.__config_0A00A118
                0x000000000a00a118        0x4 build/default/debug/_ext/1171490990/initialization.o
                0x000000000a00a118                __config_0A00A118

.config_0A00A11C.__config_0A00A11C%188
                0x000000000a00a11c        0x4
 .config_0A00A11C.__config_0A00A11C
                0x000000000a00a11c        0x4 build/default/debug/_ext/1171490990/initialization.o
                0x000000000a00a11c                __config_0A00A11C

.config_0A00A120.__config_0A00A120%189
                0x000000000a00a120        0x4
 .config_0A00A120.__config_0A00A120
                0x000000000a00a120        0x4 build/default/debug/_ext/1171490990/initialization.o
                0x000000000a00a120                __config_0A00A120

.text.main%190  0x000000000c000020       0xb0
 .text.main     0x000000000c000020       0xb0 build/default/debug/_ext/1360937237/main.o
                0x000000000c000020                main

.text.CLOCK_Initialize%191
                0x000000000c0000d0       0xac
 .text.CLOCK_Initialize
                0x000000000c0000d0       0xac build/default/debug/_ext/1984496892/plib_clock.o
                0x000000000c0000d0                CLOCK_Initialize

.text.Reset_Handler%192
                0x000000000c00017c       0x8c
 .text.Reset_Handler
                0x000000000c00017c       0x8c build/default/debug/_ext/1171490990/startup_xc32.o
                0x000000000c00017c                Reset_Handler

.text.EIC_Initialize%193
                0x000000000c000208       0x84
 .text.EIC_Initialize
                0x000000000c000208       0x84 build/default/debug/_ext/60167341/plib_eic.o
                0x000000000c000208                EIC_Initialize

.dinit%194      0x000000000c00028c       0x70
 .dinit         0x000000000c00028c       0x70 data_init

.text.__libc_start_init%195
                0x000000000c0002fc       0x5c
 .text.__libc_start_init
                0x000000000c0002fc       0x5c c:/program files/microchip/xc32/v4.60/bin/bin/../../lib/gcc/pic32c/8.3.1/../../../../pic32c/lib/thumb/v8-m.main+fp/hard\libg-musl.a(__libc_start_main.o)
                0x000000000c0002fc                __libc_init_array

.text.delay_ms%196
                0x000000000c000358       0x44
 .text.delay_ms
                0x000000000c000358       0x44 build/default/debug/_ext/1360937237/main.o
                0x000000000c000358                delay_ms

.text.PORT_Initialize%197
                0x000000000c00039c       0x42
 .text.PORT_Initialize
                0x000000000c00039c       0x42 build/default/debug/_ext/1865521619/plib_port.o
                0x000000000c00039c                PORT_Initialize

.text%198       0x000000000c0003e0       0x40
 .text          0x000000000c0003e0       0x40 c:/program files/microchip/xc32/v4.60/bin/bin/../../lib/gcc/pic32c/8.3.1/thumb/v8-m.main+fp/hard/crtbegin.o

.text.NVIC_Initialize%199
                0x000000000c000420       0x40
 .text.NVIC_Initialize
                0x000000000c000420       0x40 build/default/debug/_ext/1865468468/plib_nvic.o
                0x000000000c000420                NVIC_Initialize

.text.__pic32c_data_initialization%200
                0x000000000c000460       0x38
 .text.__pic32c_data_initialization
                0x000000000c000460       0x38 c:/program files/microchip/xc32/v4.60/bin/bin/../../lib/gcc/pic32c/8.3.1/../../../../pic32c/lib/thumb/v8-m.main+fp/hard\libpic32c.a(data_init.o)
                0x000000000c000460                __pic32c_data_initialization

.text.EIC_CallbackRegister%201
                0x000000000c000498       0x30
 .text.EIC_CallbackRegister
                0x000000000c000498       0x30 build/default/debug/_ext/60167341/plib_eic.o
                0x000000000c000498                EIC_CallbackRegister

.text.EIC_EXTINT_8_InterruptHandler%202
                0x000000000c0004c8       0x24
 .text.EIC_EXTINT_8_InterruptHandler
                0x000000000c0004c8       0x24 build/default/debug/_ext/60167341/plib_eic.o
                0x000000000c0004c8                EIC_EXTINT_8_InterruptHandler

.text.EIC_EXTINT_9_InterruptHandler%203
                0x000000000c0004ec       0x24
 .text.EIC_EXTINT_9_InterruptHandler
                0x000000000c0004ec       0x24 build/default/debug/_ext/60167341/plib_eic.o
                0x000000000c0004ec                EIC_EXTINT_9_InterruptHandler

.text.__dinit_copy%204
                0x000000000c000510       0x1e
 .text.__dinit_copy
                0x000000000c000510       0x1e c:/program files/microchip/xc32/v4.60/bin/bin/../../lib/gcc/pic32c/8.3.1/../../../../pic32c/lib/thumb/v8-m.main+fp/hard\libpic32c.a(pic32_data_init_copy.o)
                0x000000000c000510                __dinit_copy_needed
                0x000000000c000510                __dinit_copy

.text.SYS_Initialize%205
                0x000000000c00052e       0x1c
 .text.SYS_Initialize
                0x000000000c00052e       0x1c build/default/debug/_ext/1171490990/initialization.o
                0x000000000c00052e                SYS_Initialize

.text.EIC_Pin9_Handler%206
                0x000000000c00054c       0x18
 .text.EIC_Pin9_Handler
                0x000000000c00054c       0x18 build/default/debug/_ext/1360937237/main.o

.rodata%207     0x000000000c000564       0x14
 .rodata        0x000000000c000564       0x14 c:/program files/microchip/xc32/v4.60/bin/bin/../../lib/gcc/pic32c/8.3.1/../../../../pic32c/lib/thumb/v8-m.main+fp/hard\libpic32c.a(data_init.o)

.text.__dinit_clear%208
                0x000000000c000578       0x12
 .text.__dinit_clear
                0x000000000c000578       0x12 c:/program files/microchip/xc32/v4.60/bin/bin/../../lib/gcc/pic32c/8.3.1/../../../../pic32c/lib/thumb/v8-m.main+fp/hard\libpic32c.a(pic32_data_init_clear.o)
                0x000000000c000578                __dinit_clear
                0x000000000c000578                __dinit_clear_needed

.text.EVSYS_Initialize%209
                0x000000000c00058c       0x10
 .text.EVSYS_Initialize
                0x000000000c00058c       0x10 build/default/debug/_ext/1986646378/plib_evsys.o
                0x000000000c00058c                EVSYS_Initialize

.text.PM_Initialize%210
                0x000000000c00059c       0x10
 .text.PM_Initialize
                0x000000000c00059c       0x10 build/default/debug/_ext/829342769/plib_pm.o
                0x000000000c00059c                PM_Initialize

.text.EIC_Pin8_Handler%211
                0x000000000c0005ac       0x10
 .text.EIC_Pin8_Handler
                0x000000000c0005ac       0x10 build/default/debug/_ext/1360937237/main.o

.text.Dummy_Handler%212
                0x000000000c0005bc        0x4
 .text.Dummy_Handler
                0x000000000c0005bc        0x4 build/default/debug/_ext/1171490990/interrupts.o
                0x000000000c0005bc                TCC0_MC5_Handler
                0x000000000c0005bc                SVCall_Handler
                0x000000000c0005bc                SERCOM0_2_Handler
                0x000000000c0005bc                DMA0_PRI1_Handler
                0x000000000c0005bc                TCC4_OTHER_Handler
                0x000000000c0005bc                TCC2_MC2_Handler
                0x000000000c0005bc                EVSYS_0_Handler
                0x000000000c0005bc                TRNG_Handler
                0x000000000c0005bc                USB_TRCPT0_Handler
                0x000000000c0005bc                AC_Handler
                0x000000000c0005bc                EIC_EXTINT_5_Handler
                0x000000000c0005bc                SPI_IXS_Handler
                0x000000000c0005bc                SERCOM3_1_Handler
                0x000000000c0005bc                SysTick_Handler
                0x000000000c0005bc                SERCOM3_2_Handler
                0x000000000c0005bc                EIC_EXTINT_6_Handler
                0x000000000c0005bc                PendSV_Handler
                0x000000000c0005bc                SERCOM7_56_Handler
                0x000000000c0005bc                SERCOM0_4_Handler
                0x000000000c0005bc                TCC4_MC0_Handler
                0x000000000c0005bc                EVSYS_3_Handler
                0x000000000c0005bc                TCC2_MC0_Handler
                0x000000000c0005bc                TCC2_MC5_Handler
                0x000000000c0005bc                TCC3_MC0_Handler
                0x000000000c0005bc                FCR_FLT_Handler
                0x000000000c0005bc                TCC2_MC1_Handler
                0x000000000c0005bc                OSCCTRL_XOSC_Handler
                0x000000000c0005bc                SERCOM1_56_Handler
                0x000000000c0005bc                EIC_EXTINT_4_Handler
                0x000000000c0005bc                EIC_EXTINT_7_Handler
                0x000000000c0005bc                EVSYS_OTHER_Handler
                0x000000000c0005bc                TCC3_MC3_Handler
                0x000000000c0005bc                SERCOM2_4_Handler
                0x000000000c0005bc                SERCOM7_4_Handler
                0x000000000c0005bc                USBHS_Handler
                0x000000000c0005bc                TCC1_MC5_Handler
                0x000000000c0005bc                SERCOM0_0_Handler
                0x000000000c0005bc                RTC_Handler
                0x000000000c0005bc                UsageFault_Handler
                0x000000000c0005bc                SERCOM4_0_Handler
                0x000000000c0005bc                DMA1_PRI1_Handler
                0x000000000c0005bc                TCC1_MC0_Handler
                0x000000000c0005bc                HSM_ERROR_Handler
                0x000000000c0005bc                SERCOM0_3_Handler
                0x000000000c0005bc                TCC3_MC5_Handler
                0x000000000c0005bc                TCC2_OTHER_Handler
                0x000000000c0005bc                EIC_EXTINT_11_Handler
                0x000000000c0005bc                EIC_EXTINT_14_Handler
                0x000000000c0005bc                OSC32KCTRL_Handler
                0x000000000c0005bc                SERCOM6_2_Handler
                0x000000000c0005bc                SERCOM5_4_Handler