Archive member included to satisfy reference by file (symbol)

c:/program files/microchip/xc32/v4.60/bin/bin/../../lib/gcc/pic32c/8.3.1/../../../../pic32c/lib/thumb/v8-m.main+fp/hard\libpic32c.a(data_init.o)
                              build/default/production/_ext/1171490990/startup_xc32.o (__pic32c_data_initialization)
c:/program files/microchip/xc32/v4.60/bin/bin/../../lib/gcc/pic32c/8.3.1/../../../../pic32c/lib/thumb/v8-m.main+fp/hard\libc-musl.a(__libc_start_main.o)
                              build/default/production/_ext/1171490990/startup_xc32.o (__libc_init_array)
c:/program files/microchip/xc32/v4.60/bin/bin/../../lib/gcc/pic32c/8.3.1/../../../../pic32c/lib/thumb/v8-m.main+fp/hard\libc-musl.a(libc.o)
                              c:/program files/microchip/xc32/v4.60/bin/bin/../../lib/gcc/pic32c/8.3.1/../../../../pic32c/lib/thumb/v8-m.main+fp/hard\libc-musl.a(__libc_start_main.o) (__progname_full)
c:/program files/microchip/xc32/v4.60/bin/bin/../../lib/gcc/pic32c/8.3.1/../../../../pic32c/lib/thumb/v8-m.main+fp/hard\libc-musl.a(__environ.o)
                              c:/program files/microchip/xc32/v4.60/bin/bin/../../lib/gcc/pic32c/8.3.1/../../../../pic32c/lib/thumb/v8-m.main+fp/hard\libc-musl.a(__libc_start_main.o) (__environ)
c:/program files/microchip/xc32/v4.60/bin/bin/../../lib/gcc/pic32c/8.3.1/../../../../pic32c/lib/thumb/v8-m.main+fp/hard\libpic32c.a(pic32_data_init_clear.o)
                              (__dinit_clear_needed)
c:/program files/microchip/xc32/v4.60/bin/bin/../../lib/gcc/pic32c/8.3.1/../../../../pic32c/lib/thumb/v8-m.main+fp/hard\libpic32c.a(pic32_data_init_copy.o)
                              (__dinit_copy_needed)

Microchip PIC32 Memory-Usage Report

ROM Program-Memory Usage
section                    address  length [bytes]      (dec)  Description
-------                 ----------  -------------------------  -----------
.text                    0xc000000           0x20          32  App's exec code 
.text.main               0xc000020          0x1b8         440   
.text.CLOCK_Initialize   0xc0001d8           0xac         172   
.dinit                   0xc000284           0x90         144   
.text.EIC_Initialize     0xc000314           0x8c         140   
.text.Reset_Handler      0xc0003a0           0x88         136   
.text.__libc_start_init  0xc000428           0x5c          92   
.text.PORT_Initialize    0xc000484           0x4c          76   
.text.NVIC_Initialize    0xc0004d0           0x48          72   
.text.delay_ms           0xc000518           0x44          68   
.text                    0xc00055c           0x40          64  App's exec code 
.text.__pic32c_data_ini  0xc00059c           0x38          56   
.text.EIC_CallbackRegis  0xc0005d4           0x30          48   
.text.EIC_EXTINT_7_Inte  0xc000604           0x24          36   
.text.EIC_EXTINT_8_Inte  0xc000628           0x24          36   
.text.EIC_EXTINT_9_Inte  0xc00064c           0x24          36   
.text.__dinit_copy       0xc000670           0x1e          30   
.text.SYS_Initialize     0xc00068e           0x1c          28   
.text.Dummy_Handler      0xc0006aa            0x2           2   
.text.EIC_Pin8_Handler   0xc0006ac           0x1c          28   
.text.EIC_Pin9_Handler   0xc0006c8           0x1c          28   
.text.EIC_Index_Handler  0xc0006e4           0x14          20   
.rodata                  0xc0006f8           0x14          20  Read-only const 
.text.__dinit_clear      0xc00070c           0x12          18   
.text.NonMaskableInt_Ha  0xc00071e            0x2           2   
.text.EVSYS_Initialize   0xc000720           0x10          16   
.text.PM_Initialize      0xc000730           0x10          16   
.text.__dummy_decompres  0xc000740            0x4           4   
.text.HardFault_Handler  0xc000744            0x2           2   
.text.Dummy_App_Func     0xc000746            0x2           2   
.text.__dummy_init_tls   0xc000748            0x2           2   
.text.__dummy            0xc00074a            0x2           2   
      Total ROM used  :       0x74c        1868  0.2% of 0x100000
        --------------------------------------------------------------------------
         Total Program Memory used  :       0x74c        1868  0.2% of 0x100000
        --------------------------------------------------------------------------


RAM Data-Memory Usage
section                    address  length [bytes]      (dec)  Description
-------                 ----------  -------------------------  -----------
.bss.eicCallbackObject  0x20000000           0xc0         192   
.bss                    0x200000c0           0x50          80  Uninitialized data 
.bss                    0x20000110           0x1c          28  Uninitialized data 
.bss.count              0x2000012c            0x4           4   
.bss.counter            0x20000130            0x4           4   
.bss.i                  0x20000134            0x4           4   
.bss.ms                 0x20000138            0x4           4   
[...]
Memory Configuration

Name             Origin             Length             Attributes
boot_rom         0x0000000008000000 0x0000000000020000 xrl
rom              0x000000000c000000 0x0000000000100000 xrl
ram              0x0000000020000000 0x0000000000040000 xw !r
tcm              0x0000000000000000 0x0000000000000000 xw
*default*        0x0000000000000000 0xffffffffffffffff

Linker script and memory map

LOAD c:/program files/microchip/xc32/v4.60/bin/bin/../../lib/gcc/pic32c/8.3.1/thumb/v8-m.main+fp/hard/crti.o
LOAD c:/program files/microchip/xc32/v4.60/bin/bin/../../lib/gcc/pic32c/8.3.1/thumb/v8-m.main+fp/hard/crtbegin.o
LOAD build/default/production/_ext/1984496892/plib_clock.o
LOAD build/default/production/_ext/1865131932/plib_cmcc.o
LOAD build/default/production/_ext/60167341/plib_eic.o
LOAD build/default/production/_ext/1986646378/plib_evsys.o
LOAD build/default/production/_ext/1865468468/plib_nvic.o
LOAD build/default/production/_ext/829342769/plib_pm.o
LOAD build/default/production/_ext/1865521619/plib_port.o
LOAD build/default/production/_ext/163028504/xc32_monitor.o
LOAD build/default/production/_ext/1171490990/initialization.o
LOAD build/default/production/_ext/1171490990/libc_syscalls.o
LOAD build/default/production/_ext/1171490990/interrupts.o
LOAD build/default/production/_ext/1171490990/exceptions.o
LOAD build/default/production/_ext/1171490990/startup_xc32.o
LOAD build/default/production/_ext/1360937237/main.o
                0x0000000000000001                __MPLAB_BUILD = 0x1
                0x000000000c100000                __rom_end = (ORIGIN (rom) + LENGTH (rom))
                0x0000000020040000                __ram_end = (ORIGIN (ram) + LENGTH (ram))

.vectors        0x0000000008000000      0x2b8
                0x0000000008000000                . = ALIGN (0x4)
                0x0000000008000000                _sfixed = .
 *(.vectors .vectors.* .vectors_default .vectors_default.*)
 .vectors.exception_table
                0x0000000008000000      0x2b8 build/default/production/_ext/1171490990/interrupts.o
                0x0000000008000000                exception_table
 *(.isr_vector)
 *(.reset*)
 *(.after_vectors)

.text           0x000000000c000000       0x20
                0x000000000c000000                . = ALIGN (0x4)
 *(.glue_7t)
 .glue_7t       0x000000000c000000        0x0 linker stubs
 *(.glue_7)
 .glue_7        0x000000000c000000        0x0 linker stubs
 *(.gnu.linkonce.r.*)
 *(.ARM.extab* .gnu.linkonce.armextab.*)
                0x000000000c000000                . = ALIGN (0x4)
 *(.init)
 .init          0x000000000c000000        0x4 c:/program files/microchip/xc32/v4.60/bin/bin/../../lib/gcc/pic32c/8.3.1/thumb/v8-m.main+fp/hard/crti.o
                0x000000000c000000                _init
 .init          0x000000000c000004        0x8 c:/program files/microchip/xc32/v4.60/bin/bin/../../lib/gcc/pic32c/8.3.1/thumb/v8-m.main+fp/hard/crtn.o
                0x000000000c00000c                . = ALIGN (0x4)
                0x000000000c00000c                __preinit_array_start = .
 *(.preinit_array)
                0x000000000c00000c                __preinit_array_end = .
                0x000000000c00000c                . = ALIGN (0x4)
                0x000000000c00000c                __init_array_start = .
 *(SORT_BY_NAME(.init_array.*))
 *(.init_array)
 .init_array    0x000000000c00000c        0x4 c:/program files/microchip/xc32/v4.60/bin/bin/../../lib/gcc/pic32c/8.3.1/thumb/v8-m.main+fp/hard/crtbegin.o
                0x000000000c000010                __init_array_end = .
                0x000000000c000010                . = ALIGN (0x4)
 *crtbegin.o(.ctors)
 *(EXCLUDE_FILE(*crtend.o) .ctors)
 *(SORT_BY_NAME(.ctors.*))
 *crtend.o(.ctors)
                0x000000000c000010                . = ALIGN (0x4)
 *(.fini)
 .fini          0x000000000c000010        0x4 c:/program files/microchip/xc32/v4.60/bin/bin/../../lib/gcc/pic32c/8.3.1/thumb/v8-m.main+fp/hard/crti.o
                0x000000000c000010                _fini
 .fini          0x000000000c000014        0x8 c:/program files/microchip/xc32/v4.60/bin/bin/../../lib/gcc/pic32c/8.3.1/thumb/v8-m.main+fp/hard/crtn.o
                0x000000000c00001c                . = ALIGN (0x4)
                0x000000000c00001c                __fini_array_start = .
 *(.fini_array)
 .fini_array    0x000000000c00001c        0x4 c:/program files/microchip/xc32/v4.60/bin/bin/../../lib/gcc/pic32c/8.3.1/thumb/v8-m.main+fp/hard/crtbegin.o
 *(SORT_BY_NAME(.fini_array.*))
                0x000000000c000020                __fini_array_end = .
 *crtbegin.o(.dtors)
 *(EXCLUDE_FILE(*crtend.o) .dtors)
 *(SORT_BY_NAME(.dtors.*))
 *crtend.o(.dtors)
                0x000000000c000020                . = ALIGN (0x4)
                0x000000000c000020                _efixed = .
                [!provide]                        PROVIDE (__exidx_start = .)

.ARM.exidx
 *(.ARM.exidx* .gnu.linkonce.armexidx.*)
                [!provide]                        PROVIDE (__exidx_end = .)
                0x000000000c000020                . = ALIGN (0x4)
                0x000000000c000020                _etext = .

.bss            0x0000000020000000        0x0
                0x0000000020000000                . = ALIGN (0x4)
                0x0000000020000000                __bss_start__ = .
                0x0000000020000000                _sbss = .
                0x0000000020000000                _szero = .
 *(COMMON)
                0x0000000020000000                . = ALIGN (0x4)
                0x0000000020000000                __bss_end__ = .
                0x0000000020000000                _ebss = .
                0x0000000020000000                _ezero = .
                0x0000000020000000                . = ALIGN (0x4)
                0x0000000020000000                _end = .
                0x000000002003ffff                _ram_end_ = ((ORIGIN (ram) + LENGTH (ram)) - 0x1)
                0x0000000000000400                _min_heap_size = 0x400
START GROUP
LOAD c:/program files/microchip/xc32/v4.60/bin/bin/../../lib/gcc/pic32c/8.3.1/../../../../pic32c/lib/thumb/v8-m.main+fp/hard\libpic32c.a
LOAD c:/program files/microchip/xc32/v4.60/bin/bin/../../lib/gcc/pic32c/8.3.1/../../../../pic32c/lib/thumb/v8-m.main+fp/hard\libc-size-musl.a
LOAD c:/program files/microchip/xc32/v4.60/bin/bin/../../lib/gcc/pic32c/8.3.1/../../../../pic32c/lib/thumb/v8-m.main+fp/hard\liblmalloc-musl.a
LOAD c:/program files/microchip/xc32/v4.60/bin/bin/../../lib/gcc/pic32c/8.3.1/../../../../pic32c/lib/thumb/v8-m.main+fp/hard\libm-fast-emfloat.a
LOAD c:/program files/microchip/xc32/v4.60/bin/bin/../../lib/gcc/pic32c/8.3.1/../../../../pic32c/lib/thumb/v8-m.main+fp/hard\libm-musl.a
LOAD c:/program files/microchip/xc32/v4.60/bin/bin/../../lib/gcc/pic32c/8.3.1/../../../../pic32c/lib/thumb/v8-m.main+fp/hard\libc-musl.a
LOAD c:/program files/microchip/xc32/v4.60/bin/bin/../../lib/gcc/pic32c/8.3.1/../../../../pic32c/lib/thumb/v8-m.main+fp/hard\libm-fast-emfloat.a
LOAD c:/program files/microchip/xc32/v4.60/bin/bin/../../lib/gcc/pic32c/8.3.1/../../../../pic32c/lib/thumb/v8-m.main+fp/hard\libm-musl.a
LOAD c:/program files/microchip/xc32/v4.60/bin/bin/../../lib/gcc/pic32c/8.3.1/thumb/v8-m.main+fp/hard\libgcc.a
END GROUP
LOAD c:/program files/microchip/xc32/v4.60/bin/bin/../../lib/gcc/pic32c/8.3.1/thumb/v8-m.main+fp/hard/crtend.o
LOAD c:/program files/microchip/xc32/v4.60/bin/bin/../../lib/gcc/pic32c/8.3.1/thumb/v8-m.main+fp/hard/crtn.o
OUTPUT(dist/default/production/624_Function_Testing.X.production.elf elf32-littlearm)
LOAD data_init
LOAD stack

.ARM.attributes
                0x0000000000000000       0x3a
 .ARM.attributes
                0x0000000000000000       0x22 c:/program files/microchip/xc32/v4.60/bin/bin/../../lib/gcc/pic32c/8.3.1/thumb/v8-m.main+fp/hard/crti.o
 .ARM.attributes
                0x0000000000000022       0x38 c:/program files/microchip/xc32/v4.60/bin/bin/../../lib/gcc/pic32c/8.3.1/thumb/v8-m.main+fp/hard/crtbegin.o
 .ARM.attributes
                0x000000000000005a       0x3a build/default/production/_ext/1984496892/plib_clock.o
 .ARM.attributes
                0x0000000000000094       0x3a build/default/production/_ext/60167341/plib_eic.o
 .ARM.attributes
                0x00000000000000ce       0x3a build/default/production/_ext/1986646378/plib_evsys.o
 .ARM.attributes
                0x0000000000000108       0x3a build/default/production/_ext/1865468468/plib_nvic.o
 .ARM.attributes
                0x0000000000000142       0x3a build/default/production/_ext/829342769/plib_pm.o
 .ARM.attributes
                0x000000000000017c       0x3a build/default/production/_ext/1865521619/plib_port.o
 .ARM.attributes
                0x00000000000001b6       0x3a build/default/production/_ext/1171490990/initialization.o
 .ARM.attributes
                0x00000000000001f0       0x3a build/default/production/_ext/1171490990/interrupts.o
 .ARM.attributes
                0x000000000000022a       0x3a build/default/production/_ext/1171490990/exceptions.o
 .ARM.attributes
                0x0000000000000264       0x3a build/default/production/_ext/1171490990/startup_xc32.o
 .ARM.attributes
                0x000000000000029e       0x3a build/default/production/_ext/1360937237/main.o
 .ARM.attributes
                0x00000000000002d8       0x38 c:/program files/microchip/xc32/v4.60/bin/bin/../../lib/gcc/pic32c/8.3.1/../../../../pic32c/lib/thumb/v8-m.main+fp/hard\libpic32c.a(data_init.o)
 .ARM.attributes
                0x0000000000000310       0x3a c:/program files/microchip/xc32/v4.60/bin/bin/../../lib/gcc/pic32c/8.3.1/../../../../pic32c/lib/thumb/v8-m.main+fp/hard\libc-musl.a(__libc_start_main.o)
 .ARM.attributes
                0x000000000000034a       0x38 c:/program files/microchip/xc32/v4.60/bin/bin/../../lib/gcc/pic32c/8.3.1/../../../../pic32c/lib/thumb/v8-m.main+fp/hard\libc-musl.a(libc.o)
 .ARM.attributes
                0x0000000000000382       0x38 c:/program files/microchip/xc32/v4.60/bin/bin/../../lib/gcc/pic32c/8.3.1/../../../../pic32c/lib/thumb/v8-m.main+fp/hard\libc-musl.a(__environ.o)
 .ARM.attributes
                0x00000000000003ba       0x22 c:/program files/microchip/xc32/v4.60/bin/bin/../../lib/gcc/pic32c/8.3.1/thumb/v8-m.main+fp/hard/crtn.o
 .ARM.attributes
                0x00000000000003dc       0x38 c:/program files/microchip/xc32/v4.60/bin/bin/../../lib/gcc/pic32c/8.3.1/../../../../pic32c/lib/thumb/v8-m.main+fp/hard\libpic32c.a(pic32_data_init_clear.o)
 .ARM.attributes
                0x0000000000000414       0x38 c:/program files/microchip/xc32/v4.60/bin/bin/../../lib/gcc/pic32c/8.3.1/../../../../pic32c/lib/thumb/v8-m.main+fp/hard\libpic32c.a(pic32_data_init_copy.o)

.comment        0x0000000000000000       0x2b
 .comment       0x0000000000000000       0x2b c:/program files/microchip/xc32/v4.60/bin/bin/../../lib/gcc/pic32c/8.3.1/thumb/v8-m.main+fp/hard/crtbegin.o
                                         0x2c (size before relaxing)
 .comment       0x000000000000002b       0x2c build/default/production/_ext/1984496892/plib_clock.o
 .comment       0x000000000000002b       0x2c build/default/production/_ext/60167341/plib_eic.o
 .comment       0x000000000000002b       0x2c build/default/production/_ext/1986646378/plib_evsys.o
 .comment       0x000000000000002b       0x2c build/default/production/_ext/1865468468/plib_nvic.o
 .comment       0x000000000000002b       0x2c build/default/production/_ext/829342769/plib_pm.o
 .comment       0x000000000000002b       0x2c build/default/production/_ext/1865521619/plib_port.o
 .comment       0x000000000000002b       0x2c build/default/production/_ext/1171490990/initialization.o
 .comment       0x000000000000002b       0x2c build/default/production/_ext/1171490990/interrupts.o
 .comment       0x000000000000002b       0x2c build/default/production/_ext/1171490990/exceptions.o
 .comment       0x000000000000002b       0x2c build/default/production/_ext/1171490990/startup_xc32.o
 .comment       0x000000000000002b       0x2c build/default/production/_ext/1360937237/main.o
 .comment       0x000000000000002b       0x2c c:/program files/microchip/xc32/v4.60/bin/bin/../../lib/gcc/pic32c/8.3.1/../../../../pic32c/lib/thumb/v8-m.main+fp/hard\libpic32c.a(data_init.o)
 .comment       0x000000000000002b       0x2c c:/program files/microchip/xc32/v4.60/bin/bin/../../lib/gcc/pic32c/8.3.1/../../../../pic32c/lib/thumb/v8-m.main+fp/hard\libc-musl.a(__libc_start_main.o)
 .comment       0x000000000000002b       0x2c c:/program files/microchip/xc32/v4.60/bin/bin/../../lib/gcc/pic32c/8.3.1/../../../../pic32c/lib/thumb/v8-m.main+fp/hard\libc-musl.a(libc.o)
 .comment       0x000000000000002b       0x2c c:/program files/microchip/xc32/v4.60/bin/bin/../../lib/gcc/pic32c/8.3.1/../../../../pic32c/lib/thumb/v8-m.main+fp/hard\libc-musl.a(__environ.o)
 .comment       0x000000000000002b       0x2c c:/program files/microchip/xc32/v4.60/bin/bin/../../lib/gcc/pic32c/8.3.1/../../../../pic32c/lib/thumb/v8-m.main+fp/hard\libpic32c.a(pic32_data_init_clear.o)
 .comment       0x000000000000002b       0x2c c:/program files/microchip/xc32/v4.60/bin/bin/../../lib/gcc/pic32c/8.3.1/../../../../pic32c/lib/thumb/v8-m.main+fp/hard\libpic32c.a(pic32_data_init_copy.o)

.debug_info     0x0000000000000000     0x4542
 .debug_info    0x0000000000000000      0x5c7 build/default/production/_ext/1984496892/plib_clock.o
 .debug_info    0x00000000000005c7      0x425 build/default/production/_ext/60167341/plib_eic.o
 .debug_info    0x00000000000009ec      0x399 build/default/production/_ext/1986646378/plib_evsys.o
 .debug_info    0x0000000000000d85      0xd98 build/default/production/_ext/1865468468/plib_nvic.o
 .debug_info    0x0000000000001b1d      0x221 build/default/production/_ext/829342769/plib_pm.o
 .debug_info    0x0000000000001d3e      0x6c4 build/default/production/_ext/1865521619/plib_port.o
 .debug_info    0x0000000000002402      0x144 build/default/production/_ext/1171490990/initialization.o
 .debug_info    0x0000000000002546      0xbcc build/default/production/_ext/1171490990/interrupts.o
 .debug_info    0x0000000000003112       0xb3 build/default/production/_ext/1171490990/exceptions.o
 .debug_info    0x00000000000031c5      0x739 build/default/production/_ext/1171490990/startup_xc32.o
 .debug_info    0x00000000000038fe      0x555 build/default/production/_ext/1360937237/main.o
 .debug_info    0x0000000000003e53       0x68 c:/program files/microchip/xc32/v4.60/bin/bin/../../lib/gcc/pic32c/8.3.1/../../../../pic32c/lib/thumb/v8-m.main+fp/hard\libpic32c.a(data_init.o)
 .debug_info    0x0000000000003ebb      0x2fb c:/program files/microchip/xc32/v4.60/bin/bin/../../lib/gcc/pic32c/8.3.1/../../../../pic32c/lib/thumb/v8-m.main+fp/hard\libc-musl.a(__libc_start_main.o)
 .debug_info    0x00000000000041b6      0x276 c:/program files/microchip/xc32/v4.60/bin/bin/../../lib/gcc/pic32c/8.3.1/../../../../pic32c/lib/thumb/v8-m.main+fp/hard\libc-musl.a(libc.o)
 .debug_info    0x000000000000442c       0x97 c:/program files/microchip/xc32/v4.60/bin/bin/../../lib/gcc/pic32c/8.3.1/../../../../pic32c/lib/thumb/v8-m.main+fp/hard\libc-musl.a(__environ.o)
 .debug_info    0x00000000000044c3       0x3f c:/program files/microchip/xc32/v4.60/bin/bin/../../lib/gcc/pic32c/8.3.1/../../../../pic32c/lib/thumb/v8-m.main+fp/hard\libpic32c.a(pic32_data_init_clear.o)
 .debug_info    0x0000000000004502       0x40 c:/program files/microchip/xc32/v4.60/bin/bin/../../lib/gcc/pic32c/8.3.1/../../../../pic32c/lib/thumb/v8-m.main+fp/hard\libpic32c.a(pic32_data_init_copy.o)

.debug_abbrev   0x0000000000000000      0xfef
 .debug_abbrev  0x0000000000000000       0xfc build/default/production/_ext/1984496892/plib_clock.o
 .debug_abbrev  0x00000000000000fc      0x1a0 build/default/production/_ext/60167341/plib_eic.o
 .debug_abbrev  0x000000000000029c       0xff build/default/production/_ext/1986646378/plib_evsys.o
 .debug_abbrev  0x000000000000039b      0x1ef build/default/production/_ext/1865468468/plib_nvic.o
 .debug_abbrev  0x000000000000058a       0x95 build/default/production/_ext/829342769/plib_pm.o
 .debug_abbrev  0x000000000000061f      0x1cd build/default/production/_ext/1865521619/plib_port.o
 .debug_abbrev  0x00000000000007ec       0x96 build/default/production/_ext/1171490990/initialization.o
 .debug_abbrev  0x0000000000000882       0xc0 build/default/production/_ext/1171490990/interrupts.o
 .debug_abbrev  0x0000000000000942       0x49 build/default/production/_ext/1171490990/exceptions.o
 .debug_abbrev  0x000000000000098b      0x1e3 build/default/production/_ext/1171490990/startup_xc32.o
 .debug_abbrev  0x0000000000000b6e      0x178 build/default/production/_ext/1360937237/main.o
 .debug_abbrev  0x0000000000000ce6       0x44 c:/program files/microchip/xc32/v4.60/bin/bin/../../lib/gcc/pic32c/8.3.1/../../../../pic32c/lib/thumb/v8-m.main+fp/hard\libpic32c.a(data_init.o)
 .debug_abbrev  0x0000000000000d2a      0x133 c:/program files/microchip/xc32/v4.60/bin/bin/../../lib/gcc/pic32c/8.3.1/../../../../pic32c/lib/thumb/v8-m.main+fp/hard\libc-musl.a(__libc_start_main.o)
 .debug_abbrev  0x0000000000000e5d       0xd4 c:/program files/microchip/xc32/v4.60/bin/bin/../../lib/gcc/pic32c/8.3.1/../../../../pic32c/lib/thumb/v8-m.main+fp/hard\libc-musl.a(libc.o)
 .debug_abbrev  0x0000000000000f31       0x62 c:/program files/microchip/xc32/v4.60/bin/bin/../../lib/gcc/pic32c/8.3.1/../../../../pic32c/lib/thumb/v8-m.main+fp/hard\libc-musl.a(__environ.o)
 .debug_abbrev  0x0000000000000f93       0x2e c:/program files/microchip/xc32/v4.60/bin/bin/../../lib/gcc/pic32c/8.3.1/../../../../pic32c/lib/thumb/v8-m.main+fp/hard\libpic32c.a(pic32_data_init_clear.o)
 .debug_abbrev  0x0000000000000fc1       0x2e c:/program files/microchip/xc32/v4.60/bin/bin/../../lib/gcc/pic32c/8.3.1/../../../../pic32c/lib/thumb/v8-m.main+fp/hard\libpic32c.a(pic32_data_init_copy.o)

.debug_aranges  0x0000000000000000      0x350
 .debug_aranges
                0x0000000000000000       0x20 build/default/production/_ext/1984496892/plib_clock.o
 .debug_aranges
                0x0000000000000020       0x50 build/default/production/_ext/60167341/plib_eic.o
 .debug_aranges
                0x0000000000000070       0x40 build/default/production/_ext/1986646378/plib_evsys.o
 .debug_aranges
                0x00000000000000b0       0x38 build/default/production/_ext/1865468468/plib_nvic.o
 .debug_aranges
                0x00000000000000e8       0x58 build/default/production/_ext/829342769/plib_pm.o
 .debug_aranges
                0x0000000000000140       0x70 build/default/production/_ext/1865521619/plib_port.o
 .debug_aranges
                0x00000000000001b0       0x20 build/default/production/_ext/1171490990/initialization.o
 .debug_aranges
                0x00000000000001d0       0x20 build/default/production/_ext/1171490990/interrupts.o
 .debug_aranges
                0x00000000000001f0       0x28 build/default/production/_ext/1171490990/exceptions.o
 .debug_aranges
                0x0000000000000218       0x28 build/default/production/_ext/1171490990/startup_xc32.o
 .debug_aranges
                0x0000000000000240       0x48 build/default/production/_ext/1360937237/main.o
 .debug_aranges
                0x0000000000000288       0x30 c:/program files/microchip/xc32/v4.60/bin/bin/../../lib/gcc/pic32c/8.3.1/../../../../pic32c/lib/thumb/v8-m.main+fp/hard\libpic32c.a(data_init.o)
 .debug_aranges
                0x00000000000002b8       0x28 c:/program files/microchip/xc32/v4.60/bin/bin/../../lib/gcc/pic32c/8.3.1/../../../../pic32c/lib/thumb/v8-m.main+fp/hard\libc-musl.a(__libc_start_main.o)
 .debug_aranges
                0x00000000000002e0       0x18 c:/program files/microchip/xc32/v4.60/bin/bin/../../lib/gcc/pic32c/8.3.1/../../../../pic32c/lib/thumb/v8-m.main+fp/hard\libc-musl.a(libc.o)
 .debug_aranges
                0x00000000000002f8       0x18 c:/program files/microchip/xc32/v4.60/bin/bin/../../lib/gcc/pic32c/8.3.1/../../../../pic32c/lib/thumb/v8-m.main+fp/hard\libc-musl.a(__environ.o)
 .debug_aranges
                0x0000000000000310       0x20 c:/program files/microchip/xc32/v4.60/bin/bin/../../lib/gcc/pic32c/8.3.1/../../../../pic32c/lib/thumb/v8-m.main+fp/hard\libpic32c.a(pic32_data_init_clear.o)
 .debug_aranges
                0x0000000000000330       0x20 c:/program files/microchip/xc32/v4.60/bin/bin/../../lib/gcc/pic32c/8.3.1/../../../../pic32c/lib/thumb/v8-m.main+fp/hard\libpic32c.a(pic32_data_init_copy.o)

.debug_ranges   0x0000000000000000      0x258
 .debug_ranges  0x0000000000000000       0x10 build/default/production/_ext/1984496892/plib_clock.o
 .debug_ranges  0x0000000000000010       0x40 build/default/production/_ext/60167341/plib_eic.o
 .debug_ranges  0x0000000000000050       0x30 build/default/production/_ext/1986646378/plib_evsys.o
 .debug_ranges  0x0000000000000080       0x28 build/default/production/_ext/1865468468/plib_nvic.o
 .debug_ranges  0x00000000000000a8       0x48 build/default/production/_ext/829342769/plib_pm.o
 .debug_ranges  0x00000000000000f0       0x60 build/default/production/_ext/1865521619/plib_port.o
 .debug_ranges  0x0000000000000150       0x10 build/default/production/_ext/1171490990/initialization.o
 .debug_ranges  0x0000000000000160       0x10 build/default/production/_ext/1171490990/interrupts.o
 .debug_ranges  0x0000000000000170       0x18 build/default/production/_ext/1171490990/exceptions.o
 .debug_ranges  0x0000000000000188       0x18 build/default/production/_ext/1171490990/startup_xc32.o
 .debug_ranges  0x00000000000001a0       0x38 build/default/production/_ext/1360937237/main.o
 .debug_ranges  0x00000000000001d8       0x20 c:/program files/microchip/xc32/v4.60/bin/bin/../../lib/gcc/pic32c/8.3.1/../../../../pic32c/lib/thumb/v8-m.main+fp/hard\libpic32c.a(data_init.o)
 .debug_ranges  0x00000000000001f8       0x40 c:/program files/microchip/xc32/v4.60/bin/bin/../../lib/gcc/pic32c/8.3.1/../../../../pic32c/lib/thumb/v8-m.main+fp/hard\libc-musl.a(__libc_start_main.o)
 .debug_ranges  0x0000000000000238       0x10 c:/program files/microchip/xc32/v4.60/bin/bin/../../lib/gcc/pic32c/8.3.1/../../../../pic32c/lib/thumb/v8-m.main+fp/hard\libpic32c.a(pic32_data_init_clear.o)
 .debug_ranges  0x0000000000000248       0x10 c:/program files/microchip/xc32/v4.60/bin/bin/../../lib/gcc/pic32c/8.3.1/../../../../pic32c/lib/thumb/v8-m.main+fp/hard\libpic32c.a(pic32_data_init_copy.o)

.debug_line     0x0000000000000000     0x1c46
 .debug_line    0x0000000000000000      0x20b build/default/production/_ext/1984496892/plib_clock.o
 .debug_line    0x000000000000020b      0x2f3 build/default/production/_ext/60167341/plib_eic.o
 .debug_line    0x00000000000004fe      0x18d build/default/production/_ext/1986646378/plib_evsys.o
 .debug_line    0x000000000000068b      0x341 build/default/production/_ext/1865468468/plib_nvic.o
 .debug_line    0x00000000000009cc      0x20a build/default/production/_ext/829342769/plib_pm.o
 .debug_line    0x0000000000000bd6      0x2e7 build/default/production/_ext/1865521619/plib_port.o
 .debug_line    0x0000000000000ebd      0x1a6 build/default/production/_ext/1171490990/initialization.o
 .debug_line    0x0000000000001063       0xba build/default/production/_ext/1171490990/interrupts.o
 .debug_line    0x000000000000111d       0x6e build/default/production/_ext/1171490990/exceptions.o
 .debug_line    0x000000000000118b      0x24d build/default/production/_ext/1171490990/startup_xc32.o
 .debug_line    0x00000000000013d8      0x366 build/default/production/_ext/1360937237/main.o
 .debug_line    0x000000000000173e       0xa7 c:/program files/microchip/xc32/v4.60/bin/bin/../../lib/gcc/pic32c/8.3.1/../../../../pic32c/lib/thumb/v8-m.main+fp/hard\libpic32c.a(data_init.o)
 .debug_line    0x00000000000017e5      0x1c0 c:/program files/microchip/xc32/v4.60/bin/bin/../../lib/gcc/pic32c/8.3.1/../../../../pic32c/lib/thumb/v8-m.main+fp/hard\libc-musl.a(__libc_start_main.o)
 .debug_line    0x00000000000019a5       0xb5 c:/program files/microchip/xc32/v4.60/bin/bin/../../lib/gcc/pic32c/8.3.1/../../../../pic32c/lib/thumb/v8-m.main+fp/hard\libc-musl.a(libc.o)
 .debug_line    0x0000000000001a5a       0xfb c:/program files/microchip/xc32/v4.60/bin/bin/../../lib/gcc/pic32c/8.3.1/../../../../pic32c/lib/thumb/v8-m.main+fp/hard\libc-musl.a(__environ.o)
 .debug_line    0x0000000000001b55       0x72 c:/program files/microchip/xc32/v4.60/bin/bin/../../lib/gcc/pic32c/8.3.1/../../../../pic32c/lib/thumb/v8-m.main+fp/hard\libpic32c.a(pic32_data_init_clear.o)
 .debug_line    0x0000000000001bc7       0x7f c:/program files/microchip/xc32/v4.60/bin/bin/../../lib/gcc/pic32c/8.3.1/../../../../pic32c/lib/thumb/v8-m.main+fp/hard\libpic32c.a(pic32_data_init_copy.o)

.debug_str      0x0000000000000000     0x5c58
 .debug_str     0x0000000000000000      0x691 build/default/production/_ext/1984496892/plib_clock.o
 .debug_str     0x0000000000000691      0x4e6 build/default/production/_ext/60167341/plib_eic.o
 .debug_str     0x0000000000000b77      0x48a build/default/production/_ext/1986646378/plib_evsys.o
 .debug_str     0x0000000000001001      0xf2a build/default/production/_ext/1865468468/plib_nvic.o
 .debug_str     0x0000000000001f2b      0x3e3 build/default/production/_ext/829342769/plib_pm.o
 .debug_str     0x000000000000230e      0x8c7 build/default/production/_ext/1865521619/plib_port.o
 .debug_str     0x0000000000002bd5      0x342 build/default/production/_ext/1171490990/initialization.o
 .debug_str     0x0000000000002f17     0x1102 build/default/production/_ext/1171490990/interrupts.o
 .debug_str     0x0000000000004019      0x2f4 build/default/production/_ext/1171490990/exceptions.o
 .debug_str     0x000000000000430d      0x554 build/default/production/_ext/1171490990/startup_xc32.o
 .debug_str     0x0000000000004861      0x49b build/default/production/_ext/1360937237/main.o
 .debug_str     0x0000000000004cfc      0x212 c:/program files/microchip/xc32/v4.60/bin/bin/../../lib/gcc/pic32c/8.3.1/../../../../pic32c/lib/thumb/v8-m.main+fp/hard\libpic32c.a(data_init.o)
 .debug_str     0x0000000000004f0e      0x3e0 c:/program files/microchip/xc32/v4.60/bin/bin/../../lib/gcc/pic32c/8.3.1/../../../../pic32c/lib/thumb/v8-m.main+fp/hard\libc-musl.a(__libc_start_main.o)
 .debug_str     0x00000000000052ee      0x34b c:/program files/microchip/xc32/v4.60/bin/bin/../../lib/gcc/pic32c/8.3.1/../../../../pic32c/lib/thumb/v8-m.main+fp/hard\libc-musl.a(libc.o)
 .debug_str     0x0000000000005639      0x24b c:/program files/microchip/xc32/v4.60/bin/bin/../../lib/gcc/pic32c/8.3.1/../../../../pic32c/lib/thumb/v8-m.main+fp/hard\libc-musl.a(__environ.o)
 .debug_str     0x0000000000005884      0x1eb c:/program files/microchip/xc32/v4.60/bin/bin/../../lib/gcc/pic32c/8.3.1/../../../../pic32c/lib/thumb/v8-m.main+fp/hard\libpic32c.a(pic32_data_init_clear.o)
 .debug_str     0x0000000000005a6f      0x1e9 c:/program files/microchip/xc32/v4.60/bin/bin/../../lib/gcc/pic32c/8.3.1/../../../../pic32c/lib/thumb/v8-m.main+fp/hard\libpic32c.a(pic32_data_init_copy.o)

.debug_frame    0x0000000000000000      0x4f4
 .debug_frame   0x0000000000000000       0x20 build/default/production/_ext/1984496892/plib_clock.o
 .debug_frame   0x0000000000000020       0xa8 build/default/production/_ext/60167341/plib_eic.o
 .debug_frame   0x00000000000000c8       0x60 build/default/production/_ext/1986646378/plib_evsys.o
 .debug_frame   0x0000000000000128       0x50 build/default/production/_ext/1865468468/plib_nvic.o
 .debug_frame   0x0000000000000178       0x90 build/default/production/_ext/829342769/plib_pm.o
 .debug_frame   0x0000000000000208       0xcc build/default/production/_ext/1865521619/plib_port.o
 .debug_frame   0x00000000000002d4       0x28 build/default/production/_ext/1171490990/initialization.o
 .debug_frame   0x00000000000002fc       0x20 build/default/production/_ext/1171490990/interrupts.o
 .debug_frame   0x000000000000031c       0x30 build/default/production/_ext/1171490990/exceptions.o
 .debug_frame   0x000000000000034c       0x38 build/default/production/_ext/1171490990/startup_xc32.o
 .debug_frame   0x0000000000000384       0xa0 build/default/production/_ext/1360937237/main.o
 .debug_frame   0x0000000000000424       0x4c c:/program files/microchip/xc32/v4.60/bin/bin/../../lib/gcc/pic32c/8.3.1/../../../../pic32c/lib/thumb/v8-m.main+fp/hard\libpic32c.a(data_init.o)
 .debug_frame   0x0000000000000470       0x3c c:/program files/microchip/xc32/v4.60/bin/bin/../../lib/gcc/pic32c/8.3.1/../../../../pic32c/lib/thumb/v8-m.main+fp/hard\libc-musl.a(__libc_start_main.o)
 .debug_frame   0x00000000000004ac       0x20 c:/program files/microchip/xc32/v4.60/bin/bin/../../lib/gcc/pic32c/8.3.1/../../../../pic32c/lib/thumb/v8-m.main+fp/hard\libpic32c.a(pic32_data_init_clear.o)
 .debug_frame   0x00000000000004cc       0x28 c:/program files/microchip/xc32/v4.60/bin/bin/../../lib/gcc/pic32c/8.3.1/../../../../pic32c/lib/thumb/v8-m.main+fp/hard\libpic32c.a(pic32_data_init_copy.o)

.debug_loc      0x0000000000000000      0x6b6
 .debug_loc     0x0000000000000000      0x163 build/default/production/_ext/60167341/plib_eic.o
 .debug_loc     0x0000000000000163       0xde build/default/production/_ext/1986646378/plib_evsys.o
 .debug_loc     0x0000000000000241      0x139 build/default/production/_ext/1865468468/plib_nvic.o
 .debug_loc     0x000000000000037a      0x1bc build/default/production/_ext/1865521619/plib_port.o
 .debug_loc     0x0000000000000536       0x45 build/default/production/_ext/1171490990/initialization.o
 .debug_loc     0x000000000000057b       0x4a build/default/production/_ext/1171490990/startup_xc32.o
 .debug_loc     0x00000000000005c5       0x78 build/default/production/_ext/1360937237/main.o
 .debug_loc     0x000000000000063d       0x14 c:/program files/microchip/xc32/v4.60/bin/bin/../../lib/gcc/pic32c/8.3.1/../../../../pic32c/lib/thumb/v8-m.main+fp/hard\libpic32c.a(data_init.o)
 .debug_loc     0x0000000000000651       0x51 c:/program files/microchip/xc32/v4.60/bin/bin/../../lib/gcc/pic32c/8.3.1/../../../../pic32c/lib/thumb/v8-m.main+fp/hard\libc-musl.a(__libc_start_main.o)
 .debug_loc     0x00000000000006a2       0x14 c:/program files/microchip/xc32/v4.60/bin/bin/../../lib/gcc/pic32c/8.3.1/../../../../pic32c/lib/thumb/v8-m.main+fp/hard\libpic32c.a(pic32_data_init_copy.o)

.note.GNU-stack
                0x0000000000000000        0x0
 .note.GNU-stack
                0x0000000000000000        0x0 c:/program files/microchip/xc32/v4.60/bin/bin/../../lib/gcc/pic32c/8.3.1/../../../../pic32c/lib/thumb/v8-m.main+fp/hard\libc-musl.a(__libc_start_main.o)
 .note.GNU-stack
                0x0000000000000000        0x0 c:/program files/microchip/xc32/v4.60/bin/bin/../../lib/gcc/pic32c/8.3.1/../../../../pic32c/lib/thumb/v8-m.main+fp/hard\libc-musl.a(libc.o)
 .note.GNU-stack
                0x0000000000000000        0x0 c:/program files/microchip/xc32/v4.60/bin/bin/../../lib/gcc/pic32c/8.3.1/../../../../pic32c/lib/thumb/v8-m.main+fp/hard\libc-musl.a(__environ.o)

.stack          0x0000000020000580      0x100
 .stack         0x0000000020000580      0x100 stack

.bss.eicCallbackObject%1
                0x0000000020000000       0xc0
 .bss.eicCallbackObject
                0x0000000020000000       0xc0 build/default/production/_ext/60167341/plib_eic.o

.bss%2          0x00000000200000c0       0x50
 .bss           0x00000000200000c0       0x50 c:/program files/microchip/xc32/v4.60/bin/bin/../../lib/gcc/pic32c/8.3.1/../../../../pic32c/lib/thumb/v8-m.main+fp/hard\libc-musl.a(libc.o)
                0x00000000200000c0                __progname_full
                0x00000000200000c0                program_invocation_name
                0x00000000200000c4                program_invocation_short_name
                0x00000000200000c4                __progname
                0x00000000200000c8                __sysinfo
                0x00000000200000cc                __hwcap
                0x00000000200000d0                __libc

.bss%3          0x0000000020000110       0x1c
 .bss           0x0000000020000110       0x1c c:/program files/microchip/xc32/v4.60/bin/bin/../../lib/gcc/pic32c/8.3.1/thumb/v8-m.main+fp/hard/crtbegin.o

.bss.count%4    0x000000002000012c        0x4
 .bss.count     0x000000002000012c        0x4 build/default/production/_ext/1360937237/main.o
                0x000000002000012c                count

.bss.counter%5  0x0000000020000130        0x4
 .bss.counter   0x0000000020000130        0x4 build/default/production/_ext/1360937237/main.o
                0x0000000020000130                counter

.bss.i%6        0x0000000020000134        0x4
 .bss.i         0x0000000020000134        0x4 build/default/production/_ext/1360937237/main.o
                0x0000000020000134                i

.bss.ms%7       0x0000000020000138        0x4
 .bss.ms        0x0000000020000138        0x4 build/default/production/_ext/1360937237/main.o
                0x0000000020000138                ms

.bss.pos_target%8
                0x000000002000013c        0x4
 .bss.pos_target
                0x000000002000013c        0x4 build/default/production/_ext/1360937237/main.o
                0x000000002000013c                pos_target

.bss.position%9
                0x0000000020000140        0x4
 .bss.position  0x0000000020000140        0x4 build/default/production/_ext/1360937237/main.o
                0x0000000020000140                position

.bss%10         0x0000000020000144        0x4
 .bss           0x0000000020000144        0x4 c:/program files/microchip/xc32/v4.60/bin/bin/../../lib/gcc/pic32c/8.3.1/../../../../pic32c/lib/thumb/v8-m.main+fp/hard\libpic32c.a(data_init.o)

.bss%11         0x0000000020000148        0x4
 .bss           0x0000000020000148        0x4 c:/program files/microchip/xc32/v4.60/bin/bin/../../lib/gcc/pic32c/8.3.1/../../../../pic32c/lib/thumb/v8-m.main+fp/hard\libc-musl.a(__environ.o)
                0x0000000020000148                __environ
                0x0000000020000148                environ
                0x0000000020000148                ___environ
                0x0000000020000148                _environ

.bss.direction%12
                0x000000002000014c        0x1
 .bss.direction
                0x000000002000014c        0x1 build/default/production/_ext/1360937237/main.o
                0x000000002000014c                direction

.bss.forward%13
                0x000000002000014d        0x1
 .bss.forward   0x000000002000014d        0x1 build/default/production/_ext/1360937237/main.o
                0x000000002000014d                forward

.bss.zero_point%14
                0x000000002000014e        0x1
 .bss.zero_point
                0x000000002000014e        0x1 build/default/production/_ext/1360937237/main.o
                0x000000002000014e                zero_point

.data.pos_list%15
                0x0000000020000150       0x10
 .data.pos_list
                0x0000000020000150       0x10 build/default/production/_ext/1360937237/main.o
                0x0000000020000150                pos_list

.eh_frame%z1    0x0000000000000000        0x0
 .eh_frame      0x0000000000000000        0x0 c:/program files/microchip/xc32/v4.60/bin/bin/../../lib/gcc/pic32c/8.3.1/thumb/v8-m.main+fp/hard/crtbegin.o

.config_0A000000.__config_0A000000%16
                0x000000000a000000        0x4
 .config_0A000000.__config_0A000000
                0x000000000a000000        0x4 build/default/production/_ext/1171490990/initialization.o
                0x000000000a000000                __config_0A000000

.config_0A000004.__config_0A000004%17
                0x000000000a000004        0x4
 .config_0A000004.__config_0A000004
                0x000000000a000004        0x4 build/default/production/_ext/1171490990/initialization.o
                0x000000000a000004                __config_0A000004

.config_0A000008.__config_0A000008%18
                0x000000000a000008        0x4
 .config_0A000008.__config_0A000008
                0x000000000a000008        0x4 build/default/production/_ext/1171490990/initialization.o
                0x000000000a000008                __config_0A000008

.config_0A00000C.__config_0A00000C%19
                0x000000000a00000c        0x4
 .config_0A00000C.__config_0A00000C
                0x000000000a00000c        0x4 build/default/production/_ext/1171490990/initialization.o
                0x000000000a00000c                __config_0A00000C

.config_0A000010.__config_0A000010%20
                0x000000000a000010        0x4
 .config_0A000010.__config_0A000010
                0x000000000a000010        0x4 build/default/production/_ext/1171490990/initialization.o
                0x000000000a000010                __config_0A000010

.config_0A000014.__config_0A000014%21
                0x000000000a000014        0x4
 .config_0A000014.__config_0A000014
                0x000000000a000014        0x4 build/default/production/_ext/1171490990/initialization.o
                0x000000000a000014                __config_0A000014

.config_0A000018.__config_0A000018%22
                0x000000000a000018        0x4
 .config_0A000018.__config_0A000018
                0x000000000a000018        0x4 build/default/production/_ext/1171490990/initialization.o
                0x000000000a000018                __config_0A000018

.config_0A00001C.__config_0A00001C%23
                0x000000000a00001c        0x4
 .config_0A00001C.__config_0A00001C
                0x000000000a00001c        0x4 build/default/production/_ext/1171490990/initialization.o
                0x000000000a00001c                __config_0A00001C

.config_0A000020.__config_0A000020%24
                0x000000000a000020        0x4
 .config_0A000020.__config_0A000020
                0x000000000a000020        0x4 build/default/production/_ext/1171490990/initialization.o
                0x000000000a000020                __config_0A000020

.config_0A000024.__config_0A000024%25
                0x000000000a000024        0x4
 .config_0A000024.__config_0A000024
                0x000000000a000024        0x4 build/default/production/_ext/1171490990/initialization.o
                0x000000000a000024                __config_0A000024

.config_0A000028.__config_0A000028%26
                0x000000000a000028        0x4
 .config_0A000028.__config_0A000028
                0x000000000a000028        0x4 build/default/production/_ext/1171490990/initialization.o
                0x000000000a000028                __config_0A000028

.config_0A00002C.__config_0A00002C%27
                0x000000000a00002c        0x4
 .config_0A00002C.__config_0A00002C
                0x000000000a00002c        0x4 build/default/production/_ext/1171490990/initialization.o
                0x000000000a00002c                __config_0A00002C

.config_0A000030.__config_0A000030%28
                0x000000000a000030        0x4
 .config_0A000030.__config_0A000030
                0x000000000a000030        0x4 build/default/production/_ext/1171490990/initialization.o
                0x000000000a000030                __config_0A000030

.config_0A000034.__config_0A000034%29
                0x000000000a000034        0x4
 .config_0A000034.__config_0A000034
                0x000000000a000034        0x4 build/default/production/_ext/1171490990/initialization.o
                0x000000000a000034                __config_0A000034

.config_0A000038.__config_0A000038%30
                0x000000000a000038        0x4
 .config_0A000038.__config_0A000038
                0x000000000a000038        0x4 build/default/production/_ext/1171490990/initialization.o
                0x000000000a000038                __config_0A000038

.config_0A00003C.__config_0A00003C%31
                0x000000000a00003c        0x4
 .config_0A00003C.__config_0A00003C
                0x000000000a00003c        0x4 build/default/production/_ext/1171490990/initialization.o
                0x000000000a00003c                __config_0A00003C

.config_0A000040.__config_0A000040%32
                0x000000000a000040        0x4
 .config_0A000040.__config_0A000040
                0x000000000a000040        0x4 build/default/production/_ext/1171490990/initialization.o
                0x000000000a000040                __config_0A000040

.config_0A000044.__config_0A000044%33
                0x000000000a000044        0x4
 .config_0A000044.__config_0A000044
                0x000000000a000044        0x4 build/default/production/_ext/1171490990/initialization.o
                0x000000000a000044                __config_0A000044

.config_0A000048.__config_0A000048%34
                0x000000000a000048        0x4
 .config_0A000048.__config_0A000048
                0x000000000a000048        0x4 build/default/production/_ext/1171490990/initialization.o
                0x000000000a000048                __config_0A000048

.config_0A00004C.__config_0A00004C%35
                0x000000000a00004c        0x4
 .config_0A00004C.__config_0A00004C
                0x000000000a00004c        0x4 build/default/production/_ext/1171490990/initialization.o
                0x000000000a00004c                __config_0A00004C

.config_0A000054.__config_0A000054%36
                0x000000000a000054        0x4
 .config_0A000054.__config_0A000054
                0x000000000a000054        0x4 build/default/production/_ext/1171490990/initialization.o
                0x000000000a000054                __config_0A000054

.config_0A000058.__config_0A000058%37
                0x000000000a000058        0x4
 .config_0A000058.__config_0A000058
                0x000000000a000058        0x4 build/default/production/_ext/1171490990/initialization.o
                0x000000000a000058                __config_0A000058

.config_0A00005C.__config_0A00005C%38
                0x000000000a00005c        0x4
 .config_0A00005C.__config_0A00005C
                0x000000000a00005c        0x4 build/default/production/_ext/1171490990/initialization.o
                0x000000000a00005c                __config_0A00005C

.config_0A000060.__config_0A000060%39
                0x000000000a000060        0x4
 .config_0A000060.__config_0A000060
                0x000000000a000060        0x4 build/default/production/_ext/1171490990/initialization.o
                0x000000000a000060                __config_0A000060

.config_0A000064.__config_0A000064%40
                0x000000000a000064        0x4
 .config_0A000064.__config_0A000064
                0x000000000a000064        0x4 build/default/production/_ext/1171490990/initialization.o
                0x000000000a000064                __config_0A000064

.config_0A002000.__config_0A002000%41
                0x000000000a002000        0x4
 .config_0A002000.__config_0A002000
                0x000000000a002000        0x4 build/default/production/_ext/1171490990/initialization.o
                0x000000000a002000                __config_0A002000

.config_0A002004.__config_0A002004%42
                0x000000000a002004        0x4
 .config_0A002004.__config_0A002004
                0x000000000a002004        0x4 build/default/production/_ext/1171490990/initialization.o
                0x000000000a002004                __config_0A002004

.config_0A002008.__config_0A002008%43
                0x000000000a002008        0x4
 .config_0A002008.__config_0A002008
                0x000000000a002008        0x4 build/default/production/_ext/1171490990/initialization.o
                0x000000000a002008                __config_0A002008

.config_0A002020.__config_0A002020%44
                0x000000000a002020        0x4
 .config_0A002020.__config_0A002020
                0x000000000a002020        0x4 build/default/production/_ext/1171490990/initialization.o
                0x000000000a002020                __config_0A002020

.config_0A002024.__config_0A002024%45
                0x000000000a002024        0x4
 .config_0A002024.__config_0A002024
                0x000000000a002024        0x4 build/default/production/_ext/1171490990/initialization.o
                0x000000000a002024                __config_0A002024

.config_0A002028.__config_0A002028%46
                0x000000000a002028        0x4
 .config_0A002028.__config_0A002028
                0x000000000a002028        0x4 build/default/production/_ext/1171490990/initialization.o
                0x000000000a002028                __config_0A002028

.config_0A00202C.__config_0A00202C%47
                0x000000000a00202c        0x4
 .config_0A00202C.__config_0A00202C
                0x000000000a00202c        0x4 build/default/production/_ext/1171490990/initialization.o
                0x000000000a00202c                __config_0A00202C

.config_0A002030.__config_0A002030%48
                0x000000000a002030        0x4
 .config_0A002030.__config_0A002030
                0x000000000a002030        0x4 build/default/production/_ext/1171490990/initialization.o
                0x000000000a002030                __config_0A002030

.config_0A002034.__config_0A002034%49
                0x000000000a002034        0x4
 .config_0A002034.__config_0A002034
                0x000000000a002034        0x4 build/default/production/_ext/1171490990/initialization.o
                0x000000000a002034                __config_0A002034

.config_0A002038.__config_0A002038%50
                0x000000000a002038        0x4
 .config_0A002038.__config_0A002038
                0x000000000a002038        0x4 build/default/production/_ext/1171490990/initialization.o
                0x000000000a002038                __config_0A002038

.config_0A00203C.__config_0A00203C%51
                0x000000000a00203c        0x4
 .config_0A00203C.__config_0A00203C
                0x000000000a00203c        0x4 build/default/production/_ext/1171490990/initialization.o
                0x000000000a00203c                __config_0A00203C

.config_0A002040.__config_0A002040%52
                0x000000000a002040        0x4
 .config_0A002040.__config_0A002040
                0x000000000a002040        0x4 build/default/production/_ext/1171490990/initialization.o
                0x000000000a002040                __config_0A002040

.config_0A002044.__config_0A002044%53
                0x000000000a002044        0x4
 .config_0A002044.__config_0A002044
                0x000000000a002044        0x4 build/default/production/_ext/1171490990/initialization.o
                0x000000000a002044                __config_0A002044

.config_0A002048.__config_0A002048%54
                0x000000000a002048        0x4
 .config_0A002048.__config_0A002048
                0x000000000a002048        0x4 build/default/production/_ext/1171490990/initialization.o
                0x000000000a002048                __config_0A002048

.config_0A00204C.__config_0A00204C%55
                0x000000000a00204c        0x4
 .config_0A00204C.__config_0A00204C
                0x000000000a00204c        0x4 build/default/production/_ext/1171490990/initialization.o
                0x000000000a00204c                __config_0A00204C

.config_0A002050.__config_0A002050%56
                0x000000000a002050        0x4
 .config_0A002050.__config_0A002050
                0x000000000a002050        0x4 build/default/production/_ext/1171490990/initialization.o
                0x000000000a002050                __config_0A002050

.config_0A002054.__config_0A002054%57
                0x000000000a002054        0x4
 .config_0A002054.__config_0A002054
                0x000000000a002054        0x4 build/default/production/_ext/1171490990/initialization.o
                0x000000000a002054                __config_0A002054

.config_0A002058.__config_0A002058%58
                0x000000000a002058        0x4
 .config_0A002058.__config_0A002058
                0x000000000a002058        0x4 build/default/production/_ext/1171490990/initialization.o
                0x000000000a002058                __config_0A002058

.config_0A00205C.__config_0A00205C%59
                0x000000000a00205c        0x4
 .config_0A00205C.__config_0A00205C
                0x000000000a00205c        0x4 build/default/production/_ext/1171490990/initialization.o
                0x000000000a00205c                __config_0A00205C

.config_0A002060.__config_0A002060%60
                0x000000000a002060        0x4
 .config_0A002060.__config_0A002060
                0x000000000a002060        0x4 build/default/production/_ext/1171490990/initialization.o
                0x000000000a002060                __config_0A002060

.config_0A002064.__config_0A002064%61
                0x000000000a002064        0x4
 .config_0A002064.__config_0A002064
                0x000000000a002064        0x4 build/default/production/_ext/1171490990/initialization.o
                0x000000000a002064                __config_0A002064

.config_0A002068.__config_0A002068%62
                0x000000000a002068        0x4
 .config_0A002068.__config_0A002068
                0x000000000a002068        0x4 build/default/production/_ext/1171490990/initialization.o
                0x000000000a002068                __config_0A002068

.config_0A00206C.__config_0A00206C%63
                0x000000000a00206c        0x4
 .config_0A00206C.__config_0A00206C
                0x000000000a00206c        0x4 build/default/production/_ext/1171490990/initialization.o
                0x000000000a00206c                __config_0A00206C

.config_0A002070.__config_0A002070%64
                0x000000000a002070        0x4
 .config_0A002070.__config_0A002070
                0x000000000a002070        0x4 build/default/production/_ext/1171490990/initialization.o
                0x000000000a002070                __config_0A002070

.config_0A002074.__config_0A002074%65
                0x000000000a002074        0x4
 .config_0A002074.__config_0A002074
                0x000000000a002074        0x4 build/default/production/_ext/1171490990/initialization.o
                0x000000000a002074                __config_0A002074

.config_0A002078.__config_0A002078%66
                0x000000000a002078        0x4
 .config_0A002078.__config_0A002078
                0x000000000a002078        0x4 build/default/production/_ext/1171490990/initialization.o
                0x000000000a002078                __config_0A002078

.config_0A00207C.__config_0A00207C%67
                0x000000000a00207c        0x4
 .config_0A00207C.__config_0A00207C
                0x000000000a00207c        0x4 build/default/production/_ext/1171490990/initialization.o
                0x000000000a00207c                __config_0A00207C

.config_0A002080.__config_0A002080%68
                0x000000000a002080        0x4
 .config_0A002080.__config_0A002080
                0x000000000a002080        0x4 build/default/production/_ext/1171490990/initialization.o
                0x000000000a002080                __config_0A002080

.config_0A002084.__config_0A002084%69
                0x000000000a002084        0x4
 .config_0A002084.__config_0A002084
                0x000000000a002084        0x4 build/default/production/_ext/1171490990/initialization.o
                0x000000000a002084                __config_0A002084

.config_0A002088.__config_0A002088%70
                0x000000000a002088        0x4
 .config_0A002088.__config_0A002088
                0x000000000a002088        0x4 build/default/production/_ext/1171490990/initialization.o
                0x000000000a002088                __config_0A002088

.config_0A00208C.__config_0A00208C%71
                0x000000000a00208c        0x4
 .config_0A00208C.__config_0A00208C
                0x000000000a00208c        0x4 build/default/production/_ext/1171490990/initialization.o
                0x000000000a00208c                __config_0A00208C

.config_0A002090.__config_0A002090%72
                0x000000000a002090        0x4
 .config_0A002090.__config_0A002090
                0x000000000a002090        0x4 build/default/production/_ext/1171490990/initialization.o
                0x000000000a002090                __config_0A002090

.config_0A002094.__config_0A002094%73
                0x000000000a002094        0x4
 .config_0A002094.__config_0A002094
                0x000000000a002094        0x4 build/default/production/_ext/1171490990/initialization.o
                0x000000000a002094                __config_0A002094

.config_0A002098.__config_0A002098%74
                0x000000000a002098        0x4
 .config_0A002098.__config_0A002098
                0x000000000a002098        0x4 build/default/production/_ext/1171490990/initialization.o
                0x000000000a002098                __config_0A002098

.config_0A00209C.__config_0A00209C%75
                0x000000000a00209c        0x4
 .config_0A00209C.__config_0A00209C
                0x000000000a00209c        0x4 build/default/production/_ext/1171490990/initialization.o
                0x000000000a00209c                __config_0A00209C

.config_0A0020A0.__config_0A0020A0%76
                0x000000000a0020a0        0x4
 .config_0A0020A0.__config_0A0020A0
                0x000000000a0020a0        0x4 build/default/production/_ext/1171490990/initialization.o
                0x000000000a0020a0                __config_0A0020A0

.config_0A0020A4.__config_0A0020A4%77
                0x000000000a0020a4        0x4
 .config_0A0020A4.__config_0A0020A4
                0x000000000a0020a4        0x4 build/default/production/_ext/1171490990/initialization.o
                0x000000000a0020a4                __config_0A0020A4

.config_0A0020A8.__config_0A0020A8%78
                0x000000000a0020a8        0x4
 .config_0A0020A8.__config_0A0020A8
                0x000000000a0020a8        0x4 build/default/production/_ext/1171490990/initialization.o
                0x000000000a0020a8                __config_0A0020A8

.config_0A0020AC.__config_0A0020AC%79
                0x000000000a0020ac        0x4
 .config_0A0020AC.__config_0A0020AC
                0x000000000a0020ac        0x4 build/default/production/_ext/1171490990/initialization.o
                0x000000000a0020ac                __config_0A0020AC

.config_0A0020B0.__config_0A0020B0%80
                0x000000000a0020b0        0x4
 .config_0A0020B0.__config_0A0020B0
                0x000000000a0020b0        0x4 build/default/production/_ext/1171490990/initialization.o
                0x000000000a0020b0                __config_0A0020B0

.config_0A0020B4.__config_0A0020B4%81
                0x000000000a0020b4        0x4
 .config_0A0020B4.__config_0A0020B4
                0x000000000a0020b4        0x4 build/default/production/_ext/1171490990/initialization.o
                0x000000000a0020b4                __config_0A0020B4

.config_0A0020B8.__config_0A0020B8%82
                0x000000000a0020b8        0x4
 .config_0A0020B8.__config_0A0020B8
                0x000000000a0020b8        0x4 build/default/production/_ext/1171490990/initialization.o
                0x000000000a0020b8                __config_0A0020B8

.config_0A0020BC.__config_0A0020BC%83
                0x000000000a0020bc        0x4
 .config_0A0020BC.__config_0A0020BC
                0x000000000a0020bc        0x4 build/default/production/_ext/1171490990/initialization.o
                0x000000000a0020bc                __config_0A0020BC

.config_0A0020C0.__config_0A0020C0%84
                0x000000000a0020c0        0x4
 .config_0A0020C0.__config_0A0020C0
                0x000000000a0020c0        0x4 build/default/production/_ext/1171490990/initialization.o
                0x000000000a0020c0                __config_0A0020C0

.config_0A0020C4.__config_0A0020C4%85
                0x000000000a0020c4        0x4
 .config_0A0020C4.__config_0A0020C4
                0x000000000a0020c4        0x4 build/default/production/_ext/1171490990/initialization.o
                0x000000000a0020c4                __config_0A0020C4

.config_0A0020C8.__config_0A0020C8%86
                0x000000000a0020c8        0x4
 .config_0A0020C8.__config_0A0020C8
                0x000000000a0020c8        0x4 build/default/production/_ext/1171490990/initialization.o
                0x000000000a0020c8                __config_0A0020C8

.config_0A0020CC.__config_0A0020CC%87
                0x000000000a0020cc        0x4
 .config_0A0020CC.__config_0A0020CC
                0x000000000a0020cc        0x4 build/default/production/_ext/1171490990/initialization.o
                0x000000000a0020cc                __config_0A0020CC

.config_0A0020D0.__config_0A0020D0%88
                0x000000000a0020d0        0x4
 .config_0A0020D0.__config_0A0020D0
                0x000000000a0020d0        0x4 build/default/production/_ext/1171490990/initialization.o
                0x000000000a0020d0                __config_0A0020D0

.config_0A0020D4.__config_0A0020D4%89
                0x000000000a0020d4        0x4
 .config_0A0020D4.__config_0A0020D4
                0x000000000a0020d4        0x4 build/default/production/_ext/1171490990/initialization.o
                0x000000000a0020d4                __config_0A0020D4

.config_0A0020D8.__config_0A0020D8%90
                0x000000000a0020d8        0x4
 .config_0A0020D8.__config_0A0020D8
                0x000000000a0020d8        0x4 build/default/production/_ext/1171490990/initialization.o
                0x000000000a0020d8                __config_0A0020D8

.config_0A0020DC.__config_0A0020DC%91
                0x000000000a0020dc        0x4
 .config_0A0020DC.__config_0A0020DC
                0x000000000a0020dc        0x4 build/default/production/_ext/1171490990/initialization.o
                0x000000000a0020dc                __config_0A0020DC

.config_0A0020E0.__config_0A0020E0%92
                0x000000000a0020e0        0x4
 .config_0A0020E0.__config_0A0020E0
                0x000000000a0020e0        0x4 build/default/production/_ext/1171490990/initialization.o
                0x000000000a0020e0                __config_0A0020E0

.config_0A0020E4.__config_0A0020E4%93
                0x000000000a0020e4        0x4
 .config_0A0020E4.__config_0A0020E4
                0x000000000a0020e4        0x4 build/default/production/_ext/1171490990/initialization.o
                0x000000000a0020e4                __config_0A0020E4

.config_0A0020E8.__config_0A0020E8%94
                0x000000000a0020e8        0x4
 .config_0A0020E8.__config_0A0020E8
                0x000000000a0020e8        0x4 build/default/production/_ext/1171490990/initialization.o
                0x000000000a0020e8                __config_0A0020E8

.config_0A0020EC.__config_0A0020EC%95
                0x000000000a0020ec        0x4
 .config_0A0020EC.__config_0A0020EC
                0x000000000a0020ec        0x4 build/default/production/_ext/1171490990/initialization.o
                0x000000000a0020ec                __config_0A0020EC

.config_0A0020F0.__config_0A0020F0%96
                0x000000000a0020f0        0x4
 .config_0A0020F0.__config_0A0020F0
                0x000000000a0020f0        0x4 build/default/production/_ext/1171490990/initialization.o
                0x000000000a0020f0                __config_0A0020F0

.config_0A0020F4.__config_0A0020F4%97
                0x000000000a0020f4        0x4
 .config_0A0020F4.__config_0A0020F4
                0x000000000a0020f4        0x4 build/default/production/_ext/1171490990/initialization.o
                0x000000000a0020f4                __config_0A0020F4

.config_0A0020F8.__config_0A0020F8%98
                0x000000000a0020f8        0x4
 .config_0A0020F8.__config_0A0020F8
                0x000000000a0020f8        0x4 build/default/production/_ext/1171490990/initialization.o
                0x000000000a0020f8                __config_0A0020F8

.config_0A0020FC.__config_0A0020FC%99
                0x000000000a0020fc        0x4
 .config_0A0020FC.__config_0A0020FC
                0x000000000a0020fc        0x4 build/default/production/_ext/1171490990/initialization.o
                0x000000000a0020fc                __config_0A0020FC

.config_0A002100.__config_0A002100%100
                0x000000000a002100        0x4
 .config_0A002100.__config_0A002100
                0x000000000a002100        0x4 build/default/production/_ext/1171490990/initialization.o
                0x000000000a002100                __config_0A002100

.config_0A002110.__config_0A002110%101
                0x000000000a002110        0x4
 .config_0A002110.__config_0A002110
                0x000000000a002110        0x4 build/default/production/_ext/1171490990/initialization.o
                0x000000000a002110                __config_0A002110

.config_0A002114.__config_0A002114%102
                0x000000000a002114        0x4
 .config_0A002114.__config_0A002114
                0x000000000a002114        0x4 build/default/production/_ext/1171490990/initialization.o
                0x000000000a002114                __config_0A002114

.config_0A002118.__config_0A002118%103
                0x000000000a002118        0x4
 .config_0A002118.__config_0A002118
                0x000000000a002118        0x4 build/default/production/_ext/1171490990/initialization.o
                0x000000000a002118                __config_0A002118

.config_0A00211C.__config_0A00211C%104
                0x000000000a00211c        0x4
 .config_0A00211C.__config_0A00211C
                0x000000000a00211c        0x4 build/default/production/_ext/1171490990/initialization.o
                0x000000000a00211c                __config_0A00211C

.config_0A002120.__config_0A002120%105
                0x000000000a002120        0x4
 .config_0A002120.__config_0A002120
                0x000000000a002120        0x4 build/default/production/_ext/1171490990/initialization.o
                0x000000000a002120                __config_0A002120

.config_0A008000.__config_0A008000%106
                0x000000000a008000        0x4
 .config_0A008000.__config_0A008000
                0x000000000a008000        0x4 build/default/production/_ext/1171490990/initialization.o
                0x000000000a008000                __config_0A008000

.config_0A008004.__config_0A008004%107
                0x000000000a008004        0x4
 .config_0A008004.__config_0A008004
                0x000000000a008004        0x4 build/default/production/_ext/1171490990/initialization.o
                0x000000000a008004                __config_0A008004

.config_0A008008.__config_0A008008%108
                0x000000000a008008        0x4
 .config_0A008008.__config_0A008008
                0x000000000a008008        0x4 build/default/production/_ext/1171490990/initialization.o
                0x000000000a008008                __config_0A008008

.config_0A00800C.__config_0A00800C%109
                0x000000000a00800c        0x4
 .config_0A00800C.__config_0A00800C
                0x000000000a00800c        0x4 build/default/production/_ext/1171490990/initialization.o
                0x000000000a00800c                __config_0A00800C

.config_0A008010.__config_0A008010%110
                0x000000000a008010        0x4
 .config_0A008010.__config_0A008010
                0x000000000a008010        0x4 build/default/production/_ext/1171490990/initialization.o
                0x000000000a008010                __config_0A008010

.config_0A008014.__config_0A008014%111
                0x000000000a008014        0x4
 .config_0A008014.__config_0A008014
                0x000000000a008014        0x4 build/default/production/_ext/1171490990/initialization.o
                0x000000000a008014                __config_0A008014

.config_0A008018.__config_0A008018%112
                0x000000000a008018        0x4
 .config_0A008018.__config_0A008018
                0x000000000a008018        0x4 build/default/production/_ext/1171490990/initialization.o
                0x000000000a008018                __config_0A008018

.config_0A00801C.__config_0A00801C%113
                0x000000000a00801c        0x4
 .config_0A00801C.__config_0A00801C
                0x000000000a00801c        0x4 build/default/production/_ext/1171490990/initialization.o
                0x000000000a00801c                __config_0A00801C

.config_0A008020.__config_0A008020%114
                0x000000000a008020        0x4
 .config_0A008020.__config_0A008020
                0x000000000a008020        0x4 build/default/production/_ext/1171490990/initialization.o
                0x000000000a008020                __config_0A008020

.config_0A008024.__config_0A008024%115
                0x000000000a008024        0x4
 .config_0A008024.__config_0A008024
                0x000000000a008024        0x4 build/default/production/_ext/1171490990/initialization.o
                0x000000000a008024                __config_0A008024

.config_0A008028.__config_0A008028%116
                0x000000000a008028        0x4
 .config_0A008028.__config_0A008028
                0x000000000a008028        0x4 build/default/production/_ext/1171490990/initialization.o
                0x000000000a008028                __config_0A008028

.config_0A00802C.__config_0A00802C%117
                0x000000000a00802c        0x4
 .config_0A00802C.__config_0A00802C
                0x000000000a00802c        0x4 build/default/production/_ext/1171490990/initialization.o
                0x000000000a00802c                __config_0A00802C

.config_0A008030.__config_0A008030%118
                0x000000000a008030        0x4
 .config_0A008030.__config_0A008030
                0x000000000a008030        0x4 build/default/production/_ext/1171490990/initialization.o
                0x000000000a008030                __config_0A008030

.config_0A008034.__config_0A008034%119
                0x000000000a008034        0x4
 .config_0A008034.__config_0A008034
                0x000000000a008034        0x4 build/default/production/_ext/1171490990/initialization.o
                0x000000000a008034                __config_0A008034

.config_0A008038.__config_0A008038%120
                0x000000000a008038        0x4
 .config_0A008038.__config_0A008038
                0x000000000a008038        0x4 build/default/production/_ext/1171490990/initialization.o
                0x000000000a008038                __config_0A008038

.config_0A00803C.__config_0A00803C%121
                0x000000000a00803c        0x4
 .config_0A00803C.__config_0A00803C
                0x000000000a00803c        0x4 build/default/production/_ext/1171490990/initialization.o
                0x000000000a00803c                __config_0A00803C

.config_0A008040.__config_0A008040%122
                0x000000000a008040        0x4
 .config_0A008040.__config_0A008040
                0x000000000a008040        0x4 build/default/production/_ext/1171490990/initialization.o
                0x000000000a008040                __config_0A008040

.config_0A008044.__config_0A008044%123
                0x000000000a008044        0x4
 .config_0A008044.__config_0A008044
                0x000000000a008044        0x4 build/default/production/_ext/1171490990/initialization.o
                0x000000000a008044                __config_0A008044

.config_0A008048.__config_0A008048%124
                0x000000000a008048        0x4
 .config_0A008048.__config_0A008048
                0x000000000a008048        0x4 build/default/production/_ext/1171490990/initialization.o
                0x000000000a008048                __config_0A008048

.config_0A00804C.__config_0A00804C%125
                0x000000000a00804c        0x4
 .config_0A00804C.__config_0A00804C
                0x000000000a00804c        0x4 build/default/production/_ext/1171490990/initialization.o
                0x000000000a00804c                __config_0A00804C

.config_0A008054.__config_0A008054%126
                0x000000000a008054        0x4
 .config_0A008054.__config_0A008054
                0x000000000a008054        0x4 build/default/production/_ext/1171490990/initialization.o
                0x000000000a008054                __config_0A008054

.config_0A008058.__config_0A008058%127
                0x000000000a008058        0x4
 .config_0A008058.__config_0A008058
                0x000000000a008058        0x4 build/default/production/_ext/1171490990/initialization.o
                0x000000000a008058                __config_0A008058

.config_0A00805C.__config_0A00805C%128
                0x000000000a00805c        0x4
 .config_0A00805C.__config_0A00805C
                0x000000000a00805c        0x4 build/default/production/_ext/1171490990/initialization.o
                0x000000000a00805c                __config_0A00805C

.config_0A008060.__config_0A008060%129
                0x000000000a008060        0x4
 .config_0A008060.__config_0A008060
                0x000000000a008060        0x4 build/default/production/_ext/1171490990/initialization.o
                0x000000000a008060                __config_0A008060

.config_0A008064.__config_0A008064%130
                0x000000000a008064        0x4
 .config_0A008064.__config_0A008064
                0x000000000a008064        0x4 build/default/production/_ext/1171490990/initialization.o
                0x000000000a008064                __config_0A008064

.config_0A00A000.__config_0A00A000%131
                0x000000000a00a000        0x4
 .config_0A00A000.__config_0A00A000
                0x000000000a00a000        0x4 build/default/production/_ext/1171490990/initialization.o
                0x000000000a00a000                __config_0A00A000

.config_0A00A004.__config_0A00A004%132
                0x000000000a00a004        0x4
 .config_0A00A004.__config_0A00A004
                0x000000000a00a004        0x4 build/default/production/_ext/1171490990/initialization.o
                0x000000000a00a004                __config_0A00A004

.config_0A00A008.__config_0A00A008%133
                0x000000000a00a008        0x4
 .config_0A00A008.__config_0A00A008
                0x000000000a00a008        0x4 build/default/production/_ext/1171490990/initialization.o
                0x000000000a00a008                __config_0A00A008

.config_0A00A020.__config_0A00A020%134
                0x000000000a00a020        0x4
 .config_0A00A020.__config_0A00A020
                0x000000000a00a020        0x4 build/default/production/_ext/1171490990/initialization.o
                0x000000000a00a020                __config_0A00A020

.config_0A00A024.__config_0A00A024%135
                0x000000000a00a024        0x4
 .config_0A00A024.__config_0A00A024
                0x000000000a00a024        0x4 build/default/production/_ext/1171490990/initialization.o
                0x000000000a00a024                __config_0A00A024

.config_0A00A028.__config_0A00A028%136
                0x000000000a00a028        0x4
 .config_0A00A028.__config_0A00A028
                0x000000000a00a028        0x4 build/default/production/_ext/1171490990/initialization.o
                0x000000000a00a028                __config_0A00A028

.config_0A00A02C.__config_0A00A02C%137
                0x000000000a00a02c        0x4
 .config_0A00A02C.__config_0A00A02C
                0x000000000a00a02c        0x4 build/default/production/_ext/1171490990/initialization.o
                0x000000000a00a02c                __config_0A00A02C

.config_0A00A030.__config_0A00A030%138
                0x000000000a00a030        0x4
 .config_0A00A030.__config_0A00A030
                0x000000000a00a030        0x4 build/default/production/_ext/1171490990/initialization.o
                0x000000000a00a030                __config_0A00A030

.config_0A00A034.__config_0A00A034%139
                0x000000000a00a034        0x4
 .config_0A00A034.__config_0A00A034
                0x000000000a00a034        0x4 build/default/production/_ext/1171490990/initialization.o
                0x000000000a00a034                __config_0A00A034

.config_0A00A038.__config_0A00A038%140
                0x000000000a00a038        0x4
 .config_0A00A038.__config_0A00A038
                0x000000000a00a038        0x4 build/default/production/_ext/1171490990/initialization.o
                0x000000000a00a038                __config_0A00A038

.config_0A00A03C.__config_0A00A03C%141
                0x000000000a00a03c        0x4
 .config_0A00A03C.__config_0A00A03C
                0x000000000a00a03c        0x4 build/default/production/_ext/1171490990/initialization.o
                0x000000000a00a03c                __config_0A00A03C

.config_0A00A040.__config_0A00A040%142
                0x000000000a00a040        0x4
 .config_0A00A040.__config_0A00A040
                0x000000000a00a040        0x4 build/default/production/_ext/1171490990/initialization.o
                0x000000000a00a040                __config_0A00A040

.config_0A00A044.__config_0A00A044%143
                0x000000000a00a044        0x4
 .config_0A00A044.__config_0A00A044
                0x000000000a00a044        0x4 build/default/production/_ext/1171490990/initialization.o
                0x000000000a00a044                __config_0A00A044

.config_0A00A048.__config_0A00A048%144
                0x000000000a00a048        0x4
 .config_0A00A048.__config_0A00A048
                0x000000000a00a048        0x4 build/default/production/_ext/1171490990/initialization.o
                0x000000000a00a048                __config_0A00A048

.config_0A00A04C.__config_0A00A04C%145
                0x000000000a00a04c        0x4
 .config_0A00A04C.__config_0A00A04C
                0x000000000a00a04c        0x4 build/default/production/_ext/1171490990/initialization.o
                0x000000000a00a04c                __config_0A00A04C

.config_0A00A050.__config_0A00A050%146
                0x000000000a00a050        0x4
 .config_0A00A050.__config_0A00A050
                0x000000000a00a050        0x4 build/default/production/_ext/1171490990/initialization.o
                0x000000000a00a050                __config_0A00A050

.config_0A00A054.__config_0A00A054%147
                0x000000000a00a054        0x4
 .config_0A00A054.__config_0A00A054
                0x000000000a00a054        0x4 build/default/production/_ext/1171490990/initialization.o
                0x000000000a00a054                __config_0A00A054

.config_0A00A058.__config_0A00A058%148
                0x000000000a00a058        0x4
 .config_0A00A058.__config_0A00A058
                0x000000000a00a058        0x4 build/default/production/_ext/1171490990/initialization.o
                0x000000000a00a058                __config_0A00A058

.config_0A00A05C.__config_0A00A05C%149
                0x000000000a00a05c        0x4
 .config_0A00A05C.__config_0A00A05C
                0x000000000a00a05c        0x4 build/default/production/_ext/1171490990/initialization.o
                0x000000000a00a05c                __config_0A00A05C

.config_0A00A060.__config_0A00A060%150
                0x000000000a00a060        0x4
 .config_0A00A060.__config_0A00A060
                0x000000000a00a060        0x4 build/default/production/_ext/1171490990/initialization.o
                0x000000000a00a060                __config_0A00A060

.config_0A00A064.__config_0A00A064%151
                0x000000000a00a064        0x4
 .config_0A00A064.__config_0A00A064
                0x000000000a00a064        0x4 build/default/production/_ext/1171490990/initialization.o
                0x000000000a00a064                __config_0A00A064

.config_0A00A068.__config_0A00A068%152
                0x000000000a00a068        0x4
 .config_0A00A068.__config_0A00A068
                0x000000000a00a068        0x4 build/default/production/_ext/1171490990/initialization.o
                0x000000000a00a068                __config_0A00A068

.config_0A00A06C.__config_0A00A06C%153
                0x000000000a00a06c        0x4
 .config_0A00A06C.__config_0A00A06C
                0x000000000a00a06c        0x4 build/default/production/_ext/1171490990/initialization.o
                0x000000000a00a06c                __config_0A00A06C

.config_0A00A070.__config_0A00A070%154
                0x000000000a00a070        0x4
 .config_0A00A070.__config_0A00A070
                0x000000000a00a070        0x4 build/default/production/_ext/1171490990/initialization.o
                0x000000000a00a070                __config_0A00A070

.config_0A00A074.__config_0A00A074%155
                0x000000000a00a074        0x4
 .config_0A00A074.__config_0A00A074
                0x000000000a00a074        0x4 build/default/production/_ext/1171490990/initialization.o
                0x000000000a00a074                __config_0A00A074

.config_0A00A078.__config_0A00A078%156
                0x000000000a00a078        0x4
 .config_0A00A078.__config_0A00A078
                0x000000000a00a078        0x4 build/default/production/_ext/1171490990/initialization.o
                0x000000000a00a078                __config_0A00A078

.config_0A00A07C.__config_0A00A07C%157
                0x000000000a00a07c        0x4
 .config_0A00A07C.__config_0A00A07C
                0x000000000a00a07c        0x4 build/default/production/_ext/1171490990/initialization.o
                0x000000000a00a07c                __config_0A00A07C

.config_0A00A080.__config_0A00A080%158
                0x000000000a00a080        0x4
 .config_0A00A080.__config_0A00A080
                0x000000000a00a080        0x4 build/default/production/_ext/1171490990/initialization.o
                0x000000000a00a080                __config_0A00A080

.config_0A00A084.__config_0A00A084%159
                0x000000000a00a084        0x4
 .config_0A00A084.__config_0A00A084
                0x000000000a00a084        0x4 build/default/production/_ext/1171490990/initialization.o
                0x000000000a00a084                __config_0A00A084

.config_0A00A088.__config_0A00A088%160
                0x000000000a00a088        0x4
 .config_0A00A088.__config_0A00A088
                0x000000000a00a088        0x4 build/default/production/_ext/1171490990/initialization.o
                0x000000000a00a088                __config_0A00A088

.config_0A00A08C.__config_0A00A08C%161
                0x000000000a00a08c        0x4
 .config_0A00A08C.__config_0A00A08C
                0x000000000a00a08c        0x4 build/default/production/_ext/1171490990/initialization.o
                0x000000000a00a08c                __config_0A00A08C

.config_0A00A090.__config_0A00A090%162
                0x000000000a00a090        0x4
 .config_0A00A090.__config_0A00A090
                0x000000000a00a090        0x4 build/default/production/_ext/1171490990/initialization.o
                0x000000000a00a090                __config_0A00A090

.config_0A00A094.__config_0A00A094%163
                0x000000000a00a094        0x4
 .config_0A00A094.__config_0A00A094
                0x000000000a00a094        0x4 build/default/production/_ext/1171490990/initialization.o
                0x000000000a00a094                __config_0A00A094

.config_0A00A098.__config_0A00A098%164
                0x000000000a00a098        0x4
 .config_0A00A098.__config_0A00A098
                0x000000000a00a098        0x4 build/default/production/_ext/1171490990/initialization.o
                0x000000000a00a098                __config_0A00A098

.config_0A00A09C.__config_0A00A09C%165
                0x000000000a00a09c        0x4
 .config_0A00A09C.__config_0A00A09C
                0x000000000a00a09c        0x4 build/default/production/_ext/1171490990/initialization.o
                0x000000000a00a09c                __config_0A00A09C

.config_0A00A0A0.__config_0A00A0A0%166
                0x000000000a00a0a0        0x4
 .config_0A00A0A0.__config_0A00A0A0
                0x000000000a00a0a0        0x4 build/default/production/_ext/1171490990/initialization.o
                0x000000000a00a0a0                __config_0A00A0A0

.config_0A00A0A4.__config_0A00A0A4%167
                0x000000000a00a0a4        0x4
 .config_0A00A0A4.__config_0A00A0A4
                0x000000000a00a0a4        0x4 build/default/production/_ext/1171490990/initialization.o
                0x000000000a00a0a4                __config_0A00A0A4

.config_0A00A0A8.__config_0A00A0A8%168
                0x000000000a00a0a8        0x4
 .config_0A00A0A8.__config_0A00A0A8
                0x000000000a00a0a8        0x4 build/default/production/_ext/1171490990/initialization.o
                0x000000000a00a0a8                __config_0A00A0A8

.config_0A00A0AC.__config_0A00A0AC%169
                0x000000000a00a0ac        0x4
 .config_0A00A0AC.__config_0A00A0AC
                0x000000000a00a0ac        0x4 build/default/production/_ext/1171490990/initialization.o
                0x000000000a00a0ac                __config_0A00A0AC

.config_0A00A0B0.__config_0A00A0B0%170
                0x000000000a00a0b0        0x4
 .config_0A00A0B0.__config_0A00A0B0
                0x000000000a00a0b0        0x4 build/default/production/_ext/1171490990/initialization.o
                0x000000000a00a0b0                __config_0A00A0B0

.config_0A00A0B4.__config_0A00A0B4%171
                0x000000000a00a0b4        0x4
 .config_0A00A0B4.__config_0A00A0B4
                0x000000000a00a0b4        0x4 build/default/production/_ext/1171490990/initialization.o
                0x000000000a00a0b4                __config_0A00A0B4

.config_0A00A0B8.__config_0A00A0B8%172
                0x000000000a00a0b8        0x4
 .config_0A00A0B8.__config_0A00A0B8
                0x000000000a00a0b8        0x4 build/default/production/_ext/1171490990/initialization.o
                0x000000000a00a0b8                __config_0A00A0B8

.config_0A00A0BC.__config_0A00A0BC%173
                0x000000000a00a0bc        0x4
 .config_0A00A0BC.__config_0A00A0BC
                0x000000000a00a0bc        0x4 build/default/production/_ext/1171490990/initialization.o
                0x000000000a00a0bc                __config_0A00A0BC

.config_0A00A0C0.__config_0A00A0C0%174
                0x000000000a00a0c0        0x4
 .config_0A00A0C0.__config_0A00A0C0
                0x000000000a00a0c0        0x4 build/default/production/_ext/1171490990/initialization.o
                0x000000000a00a0c0                __config_0A00A0C0

.config_0A00A0C4.__config_0A00A0C4%175
                0x000000000a00a0c4        0x4
 .config_0A00A0C4.__config_0A00A0C4
                0x000000000a00a0c4        0x4 build/default/production/_ext/1171490990/initialization.o
                0x000000000a00a0c4                __config_0A00A0C4

.config_0A00A0C8.__config_0A00A0C8%176
                0x000000000a00a0c8        0x4
 .config_0A00A0C8.__config_0A00A0C8
                0x000000000a00a0c8        0x4 build/default/production/_ext/1171490990/initialization.o
                0x000000000a00a0c8                __config_0A00A0C8

.config_0A00A0CC.__config_0A00A0CC%177
                0x000000000a00a0cc        0x4
 .config_0A00A0CC.__config_0A00A0CC
                0x000000000a00a0cc        0x4 build/default/production/_ext/1171490990/initialization.o
                0x000000000a00a0cc                __config_0A00A0CC

.config_0A00A0D0.__config_0A00A0D0%178
                0x000000000a00a0d0        0x4
 .config_0A00A0D0.__config_0A00A0D0
                0x000000000a00a0d0        0x4 build/default/production/_ext/1171490990/initialization.o
                0x000000000a00a0d0                __config_0A00A0D0

.config_0A00A0D4.__config_0A00A0D4%179
                0x000000000a00a0d4        0x4
 .config_0A00A0D4.__config_0A00A0D4
                0x000000000a00a0d4        0x4 build/default/production/_ext/1171490990/initialization.o
                0x000000000a00a0d4                __config_0A00A0D4

.config_0A00A0D8.__config_0A00A0D8%180
                0x000000000a00a0d8        0x4
 .config_0A00A0D8.__config_0A00A0D8
                0x000000000a00a0d8        0x4 build/default/production/_ext/1171490990/initialization.o
                0x000000000a00a0d8                __config_0A00A0D8

.config_0A00A0DC.__config_0A00A0DC%181
                0x000000000a00a0dc        0x4
 .config_0A00A0DC.__config_0A00A0DC
                0x000000000a00a0dc        0x4 build/default/production/_ext/1171490990/initialization.o
                0x000000000a00a0dc                __config_0A00A0DC

.config_0A00A0E0.__config_0A00A0E0%182
                0x000000000a00a0e0        0x4
 .config_0A00A0E0.__config_0A00A0E0
                0x000000000a00a0e0        0x4 build/default/production/_ext/1171490990/initialization.o
                0x000000000a00a0e0                __config_0A00A0E0

.config_0A00A0E4.__config_0A00A0E4%183
                0x000000000a00a0e4        0x4
 .config_0A00A0E4.__config_0A00A0E4
                0x000000000a00a0e4        0x4 build/default/production/_ext/1171490990/initialization.o
                0x000000000a00a0e4                __config_0A00A0E4

.config_0A00A0E8.__config_0A00A0E8%184
                0x000000000a00a0e8        0x4
 .config_0A00A0E8.__config_0A00A0E8
                0x000000000a00a0e8        0x4 build/default/production/_ext/1171490990/initialization.o
                0x000000000a00a0e8                __config_0A00A0E8

.config_0A00A0EC.__config_0A00A0EC%185
                0x000000000a00a0ec        0x4
 .config_0A00A0EC.__config_0A00A0EC
                0x000000000a00a0ec        0x4 build/default/production/_ext/1171490990/initialization.o
                0x000000000a00a0ec                __config_0A00A0EC

.config_0A00A0F0.__config_0A00A0F0%186
                0x000000000a00a0f0        0x4
 .config_0A00A0F0.__config_0A00A0F0
                0x000000000a00a0f0        0x4 build/default/production/_ext/1171490990/initialization.o
                0x000000000a00a0f0                __config_0A00A0F0

.config_0A00A0F4.__config_0A00A0F4%187
                0x000000000a00a0f4        0x4
 .config_0A00A0F4.__config_0A00A0F4
                0x000000000a00a0f4        0x4 build/default/production/_ext/1171490990/initialization.o
                0x000000000a00a0f4                __config_0A00A0F4

.config_0A00A0F8.__config_0A00A0F8%188
                0x000000000a00a0f8        0x4
 .config_0A00A0F8.__config_0A00A0F8
                0x000000000a00a0f8        0x4 build/default/production/_ext/1171490990/initialization.o
                0x000000000a00a0f8                __config_0A00A0F8

.config_0A00A0FC.__config_0A00A0FC%189
                0x000000000a00a0fc        0x4
 .config_0A00A0FC.__config_0A00A0FC
                0x000000000a00a0fc        0x4 build/default/production/_ext/1171490990/initialization.o
                0x000000000a00a0fc                __config_0A00A0FC

.config_0A00A100.__config_0A00A100%190
                0x000000000a00a100        0x4
 .config_0A00A100.__config_0A00A100
                0x000000000a00a100        0x4 build/default/production/_ext/1171490990/initialization.o
                0x000000000a00a100                __config_0A00A100

.config_0A00A110.__config_0A00A110%191
                0x000000000a00a110        0x4
 .config_0A00A110.__config_0A00A110
                0x000000000a00a110        0x4 build/default/production/_ext/1171490990/initialization.o
                0x000000000a00a110                __config_0A00A110

.config_0A00A114.__config_0A00A114%192
                0x000000000a00a114        0x4
 .config_0A00A114.__config_0A00A114
                0x000000000a00a114        0x4 build/default/production/_ext/1171490990/initialization.o
                0x000000000a00a114                __config_0A00A114

.config_0A00A118.__config_0A00A118%193
                0x000000000a00a118        0x4
 .config_0A00A118.__config_0A00A118
                0x000000000a00a118        0x4 build/default/production/_ext/1171490990/initialization.o
                0x000000000a00a118                __config_0A00A118

.config_0A00A11C.__config_0A00A11C%194
                0x000000000a00a11c        0x4
 .config_0A00A11C.__config_0A00A11C
                0x000000000a00a11c        0x4 build/default/production/_ext/1171490990/initialization.o
                0x000000000a00a11c                __config_0A00A11C

.config_0A00A120.__config_0A00A120%195
                0x000000000a00a120        0x4
 .config_0A00A120.__config_0A00A120
                0x000000000a00a120        0x4 build/default/production/_ext/1171490990/initialization.o
                0x000000000a00a120                __config_0A00A120

.text.main%196  0x000000000c000020      0x1b8
 .text.main     0x000000000c000020      0x1b8 build/default/production/_ext/1360937237/main.o
                0x000000000c000020                main

.text.CLOCK_Initialize%197
                0x000000000c0001d8       0xac
 .text.CLOCK_Initialize
                0x000000000c0001d8       0xac build/default/production/_ext/1984496892/plib_clock.o
                0x000000000c0001d8                CLOCK_Initialize

.dinit%198      0x000000000c000284       0x90
 .dinit         0x000000000c000284       0x90 data_init

.text.EIC_Initialize%199
                0x000000000c000314       0x8c
 .text.EIC_Initialize
                0x000000000c000314       0x8c build/default/production/_ext/60167341/plib_eic.o
                0x000000000c000314                EIC_Initialize

.text.Reset_Handler%200
                0x000000000c0003a0       0x88
 .text.Reset_Handler
                0x000000000c0003a0       0x88 build/default/production/_ext/1171490990/startup_xc32.o
                0x000000000c0003a0                Reset_Handler

.text.__libc_start_init%201
                0x000000000c000428       0x5c
 .text.__libc_start_init
                0x000000000c000428       0x5c c:/program files/microchip/xc32/v4.60/bin/bin/../../lib/gcc/pic32c/8.3.1/../../../../pic32c/lib/thumb/v8-m.main+fp/hard\libc-musl.a(__libc_start_main.o)
                0x000000000c000428                __libc_init_array

.text.PORT_Initialize%202
                0x000000000c000484       0x4c
 .text.PORT_Initialize
                0x000000000c000484       0x4c build/default/production/_ext/1865521619/plib_port.o
                0x000000000c000484                PORT_Initialize

.text.NVIC_Initialize%203
                0x000000000c0004d0       0x48
 .text.NVIC_Initialize
                0x000000000c0004d0       0x48 build/default/production/_ext/1865468468/plib_nvic.o
                0x000000000c0004d0                NVIC_Initialize

.text.delay_ms%204
                0x000000000c000518       0x44
 .text.delay_ms
                0x000000000c000518       0x44 build/default/production/_ext/1360937237/main.o
                0x000000000c000518                delay_ms

.text%205       0x000000000c00055c       0x40
 .text          0x000000000c00055c       0x40 c:/program files/microchip/xc32/v4.60/bin/bin/../../lib/gcc/pic32c/8.3.1/thumb/v8-m.main+fp/hard/crtbegin.o

.text.__pic32c_data_initialization%206
                0x000000000c00059c       0x38
 .text.__pic32c_data_initialization
                0x000000000c00059c       0x38 c:/program files/microchip/xc32/v4.60/bin/bin/../../lib/gcc/pic32c/8.3.1/../../../../pic32c/lib/thumb/v8-m.main+fp/hard\libpic32c.a(data_init.o)
                0x000000000c00059c                __pic32c_data_initialization

.text.EIC_CallbackRegister%207
                0x000000000c0005d4       0x30
 .text.EIC_CallbackRegister
                0x000000000c0005d4       0x30 build/default/production/_ext/60167341/plib_eic.o
                0x000000000c0005d4                EIC_CallbackRegister

.text.EIC_EXTINT_7_InterruptHandler%208
                0x000000000c000604       0x24
 .text.EIC_EXTINT_7_InterruptHandler
                0x000000000c000604       0x24 build/default/production/_ext/60167341/plib_eic.o
                0x000000000c000604                EIC_EXTINT_7_InterruptHandler

.text.EIC_EXTINT_8_InterruptHandler%209
                0x000000000c000628       0x24
 .text.EIC_EXTINT_8_InterruptHandler
                0x000000000c000628       0x24 build/default/production/_ext/60167341/plib_eic.o
                0x000000000c000628                EIC_EXTINT_8_InterruptHandler

.text.EIC_EXTINT_9_InterruptHandler%210
                0x000000000c00064c       0x24
 .text.EIC_EXTINT_9_InterruptHandler
                0x000000000c00064c       0x24 build/default/production/_ext/60167341/plib_eic.o
                0x000000000c00064c                EIC_EXTINT_9_InterruptHandler

.text.__dinit_copy%211
                0x000000000c000670       0x1e
 .text.__dinit_copy
                0x000000000c000670       0x1e c:/program files/microchip/xc32/v4.60/bin/bin/../../lib/gcc/pic32c/8.3.1/../../../../pic32c/lib/thumb/v8-m.main+fp/hard\libpic32c.a(pic32_data_init_copy.o)
                0x000000000c000670                __dinit_copy_needed
                0x000000000c000670                __dinit_copy

.text.SYS_Initialize%212
                0x000000000c00068e       0x1c
 .text.SYS_Initialize
                0x000000000c00068e       0x1c build/default/production/_ext/1171490990/initialization.o
                0x000000000c00068e                SYS_Initialize

.text.EIC_Pin8_Handler%213
                0x000000000c0006ac       0x1c
 .text.EIC_Pin8_Handler
                0x000000000c0006ac       0x1c build/default/production/_ext/1360937237/main.o

.text.EIC_Pin9_Handler%214
                0x000000000c0006c8       0x1c
 .text.EIC_Pin9_Handler
                0x000000000c0006c8       0x1c build/default/production/_ext/1360937237/main.o

.text.EIC_Index_Handler%215
                0x000000000c0006e4       0x14
 .text.EIC_Index_Handler
                0x000000000c0006e4       0x14 build/default/production/_ext/1360937237/main.o

.rodata%216     0x000000000c0006f8       0x14
 .rodata        0x000000000c0006f8       0x14 c:/program files/microchip/xc32/v4.60/bin/bin/../../lib/gcc/pic32c/8.3.1/../../../../pic32c/lib/thumb/v8-m.main+fp/hard\libpic32c.a(data_init.o)

.text.__dinit_clear%217
                0x000000000c00070c       0x12
 .text.__dinit_clear
                0x000000000c00070c       0x12 c:/program files/microchip/xc32/v4.60/bin/bin/../../lib/gcc/pic32c/8.3.1/../../../../pic32c/lib/thumb/v8-m.main+fp/hard\libpic32c.a(pic32_data_init_clear.o)
                0x000000000c00070c                __dinit_clear
                0x000000000c00070c                __dinit_clear_needed

.text.EVSYS_Initialize%218
                0x000000000c000720       0x10
 .text.EVSYS_Initialize
                0x000000000c000720       0x10 build/default/production/_ext/1986646378/plib_evsys.o
                0x000000000c000720                EVSYS_Initialize

.text.PM_Initialize%219
                0x000000000c000730       0x10
 .text.PM_Initialize
                0x000000000c000730       0x10 build/default/production/_ext/829342769/plib_pm.o
                0x000000000c000730                PM_Initialize

.text.__dummy_decompress%220
                0x000000000c000740        0x4
 .text.__dummy_decompress
                0x000000000c000740        0x4 c:/program files/microchip/xc32/v4.60/bin/bin/../../lib/gcc/pic32c/8.3.1/../../../../pic32c/lib/thumb/v8-m.main+fp/hard\libpic32c.a(data_init.o)
                0x000000000c000740                __dinit_decompress
                0x000000000c000740                __dinit_copy_val_data
                0x000000000c000740                __dinit_copy_emb

.text.Dummy_Handler%221